<s id="Au6TMKx8Ccuvz5AgpAk2KLsUjXY">
"<sukujuk>"
	"sukujuk" N Abs Sg @HNOUN #1->0
</s>

<s id="EtWT8WAQ3utZ5Qr84N2wVBYolhM">
"<galaari>"
	"galar" N Abs Sg @HNOUN #1->0
</s>

<s id="Z0I5s2myvv9tcxprqpUyy9FUvUY">
"<skujuk>"
	"skujuk" ? #1->1
</s>

<s id="ZFI47WwXfpUCjncU0gYn26L6YcE">
"<sukujuusivik>"
	"sup" KUJUP USIQ VIK N Abs Sg @HNOUN #1->0
</s>

<s id="a12IVOZbl4ndCF9jlxXIjzolNpc">
"<sukujuut>"
	"sukujuk" UTE N Abs Sg @HNOUN #1->0
</s>

<s id="o4IWnSeox0tmUmO8yGglKBpwBMc">
"<naveersissimasoq>"
	"naveer" TIP SIMA V Par 3Sg @PRED #1->0
</s>

<s id="yIec3uhcxV4ZjwcfaKPNTMHT7BM">
"<qasserpiaat>"
	"qassit" Pron PIAQ Abs Pl @INTERJ #1->1
</s>

<s id="ymxdGFnampQgrLBzXjVJAJStEoU">
"<piinnarlugit>"
	"pi" INNAR V Cont 3PlO @PRED #1->0
</s>

