<s id="Au6TMKx8Ccuvz5AgpAk2KLsUjXY">
"<sukujuk>"
	"su" KUJUK Der/nn N Abs Sg
	"sukujuk" N Abs Sg
</s>

<s id="EtWT8WAQ3utZ5Qr84N2wVBYolhM">
"<galaari>"
	"galar" OLang/DAN Err/Sub N Abs Sg
</s>

<s id="Z0I5s2myvv9tcxprqpUyy9FUvUY">
"<skujuk>"
	"skujuk" ?
</s>

<s id="ZFI47WwXfpUCjncU0gYn26L6YcE">
"<sukujuusivik>"
	"su" KUJUK Der/nn UTE Der/nn LI Der/nv VIK Der/vn N Abs Sg
	"sup" Orth/Arch Gram/IV KUJUP Der/vv Gram/IV USIQ Der/vn VIK Der/nn N Abs Sg
	"sup" Orth/Arch Gram/TV KUJUP Der/vv Gram/Refl USIQ Der/vn VIK Der/nn N Abs Sg
</s>

<s id="a12IVOZbl4ndCF9jlxXIjzolNpc">
"<sukujuut>"
	"su" KUJUK Der/nn UTE Der/nn N Abs Sg
	"sukujuk" UTE Der/nn N Abs Sg
</s>

<s id="o4IWnSeox0tmUmO8yGglKBpwBMc">
"<naveersissimasoq>"
	"naveer" Gram/IV TIP Der/vv Gram/Refl SIMA Der/vv TUQ Der/vn N Abs Sg
	"naveer" Gram/IV TIP Der/vv Gram/Refl SIMA Der/vv V Par 3Sg %AmbiguøsPar
	"naveer" Gram/IV TIP Der/vv Gram/TV SIMA Der/vv Gram/Pass Gram/IV TUQ Der/vn N Abs Sg
	"naveer" Gram/IV TIP Der/vv Gram/TV SIMA Der/vv Gram/Pass Gram/IV V Par 3Sg %AmbiguøsPar
	"naveer" Gram/IV TIP Der/vv Gram/TV SIMA Der/vv Gram/Refl TUQ Der/vn N Abs Sg
	"naveer" Gram/IV TIP Der/vv Gram/TV SIMA Der/vv Gram/Refl V Par 3Sg %AmbiguøsPar
	"naveer" Gram/TV TIP Der/vv Gram/Db SIMA Der/vv Gram/Refl TUQ Der/vn N Abs Sg
	"naveer" Gram/TV TIP Der/vv Gram/Db SIMA Der/vv Gram/Refl V Par 3Sg %AmbiguøsPar
</s>

<s id="yIec3uhcxV4ZjwcfaKPNTMHT7BM">
"<qasserpiaat>"
	"qassi" PIAQ Der/nn N Abs Pl 3PlPoss
	"qassi" PIAQ Der/nn N Abs Sg 3PlPoss
	"qassit" Gram/Int Pron PIAQ Der/nn Abs Pl
</s>

<s id="ymxdGFnampQgrLBzXjVJAJStEoU">
"<piinnarlugit>"
	"pi" Gram/TV INNAR Der/vv Gram/TV V Cont 3PlO
</s>

