<s id="Au6TMKx8Ccuvz5AgpAk2KLsUjXY">
"<sukujuk>"
	"sukujuk" N Abs Sg @HNOUN
</s>

<s id="EtWT8WAQ3utZ5Qr84N2wVBYolhM">
"<galaari>"
	"galar" OLang/DAN Err/Sub N Abs Sg @HNOUN
</s>

<s id="Z0I5s2myvv9tcxprqpUyy9FUvUY">
"<skujuk>"
	"skujuk" ?
</s>

<s id="ZFI47WwXfpUCjncU0gYn26L6YcE">
"<sukujuusivik>"
	"sup" Orth/Arch Gram/IV KUJUP Der/vv Gram/IV USIQ Der/vn VIK Der/nn N Abs Sg @HNOUN
</s>

<s id="a12IVOZbl4ndCF9jlxXIjzolNpc">
"<sukujuut>"
	"sukujuk" UTE Der/nn N Abs Sg @HNOUN
</s>

<s id="o4IWnSeox0tmUmO8yGglKBpwBMc">
"<naveersissimasoq>"
	"naveer" Gram/IV TIP Der/vv Gram/Refl SIMA Der/vv V Par 3Sg %Ambigu√∏sPar @PRED
</s>

<s id="yIec3uhcxV4ZjwcfaKPNTMHT7BM">
"<qasserpiaat>"
	"qassit" Gram/Int Pron PIAQ Der/nn Abs Pl @INTERJ
</s>

<s id="ymxdGFnampQgrLBzXjVJAJStEoU">
"<piinnarlugit>"
	"pi" Gram/TV INNAR Der/vv Gram/TV V Cont 3PlO @PRED
</s>

