<s id="1zJaxJihWYJFysOu8FsR9tqsbpw">
"<Kangerlussuarmi>"
	"Kangerlussuaq" Sem/Geo Prop Lok Sg
"<seqinnerpoq>"
	"seqinner" Gram/IV V Ind 3Sg
"<.>"
	"." CLB
</s>

<s id="9QhQnAMPpHyXnUoq00zvGZr5MgM">
"<Seqinnerpoq>"
	"seqinner" Gram/IV V Ind 3Sg
"<.>"
	"." CLB
</s>

<s id="Pj0UU5NUn4smUNg6fFaghtM6xL4">
"<Kangerlussuaq>"
	"Kangerlussuaq" Sem/Geo Prop Abs Sg
"<seqinnerpoq>"
	"seqinner" Gram/IV V Ind 3Sg
"<.>"
	"." CLB
</s>

<s id="zZuUPqqEWmhwsxy1al88R52VhCE">
"<Ullumi>"
	"ullumi" Adv
"<seqinnerpoq>"
	"seqinner" Gram/IV V Ind 3Sg
"<.>"
	"." CLB
</s>

