<s id="1zJaxJihWYJFysOu8FsR9tqsbpw">
"<Kangerlussuarmi>"
	"Kangerlussuaq" Sem/Geo Prop Lok Sg §LOC @ADV> #1->2
"<seqinnerpoq>"
	"seqinner" Gram/IV V Ind 3Sg <mainverb> <V:weather> <§TH=@SUBJ-NULL> #2->0
"<.>"
	"." CLB #3->3
</s>

<s id="9QhQnAMPpHyXnUoq00zvGZr5MgM">
"<Seqinnerpoq>"
	"seqinner" Gram/IV V Ind 3Sg <mainverb> <V:weather> <§TH=@SUBJ-NULL> #1->0
"<.>"
	"." CLB #2->2
</s>

<s id="Pj0UU5NUn4smUNg6fFaghtM6xL4">
"<Kangerlussuaq>"
	"Kangerlussuaq" Sem/Geo Prop Abs Sg §LOC @SUBJ> #1->2
"<seqinnerpoq>"
	"seqinner" Gram/IV V Ind 3Sg <mainverb> <V:weather> #2->0
"<.>"
	"." CLB #3->3
</s>

<s id="zZuUPqqEWmhwsxy1al88R52VhCE">
"<Ullumi>"
	"ullumi" Adv <temporal> §LOC-TMP @ADV> #1->2
"<seqinnerpoq>"
	"seqinner" Gram/IV V Ind 3Sg <mainverb> <V:weather> <§TH=@SUBJ-NULL> #2->0
"<.>"
	"." CLB #3->3
</s>

