<s id="1zJaxJihWYJFysOu8FsR9tqsbpw">
"<Kangerlussuarmi>"
	"Kangerlussuaq" Sem/Geo Prop Abs Sg MI
	"Kangerlussuaq" Sem/Geo Prop Lok Sg
	"kangerluk" SUAQ Der/nn N Abs Sg MI
	"kangerluk" SUAQ Der/nn N Lok Sg
	"kangerluk" SUAQ Der/nn N Rel Pl 4SgPoss
	"kangerluk" SUAQ Der/nn N Rel Sg 4SgPoss
"<seqinnerpoq>"
	"seqinner" Gram/IV V Ind 3Sg
	"seqip" Gram/TV NIR Der/vv Gram/Refl V Ind 3Sg
"<.>"
	"." CLB
</s>

<s id="9QhQnAMPpHyXnUoq00zvGZr5MgM">
"<Seqinnerpoq>"
	"seqinner" Gram/IV V Ind 3Sg
	"seqip" Gram/TV NIR Der/vv Gram/Refl V Ind 3Sg
"<.>"
	"." CLB
</s>

<s id="Pj0UU5NUn4smUNg6fFaghtM6xL4">
"<Kangerlussuaq>"
	"Kangerlussuaq" Sem/Geo Prop Abs Sg
	"kangerluk" SUAQ Der/nn N Abs Sg
"<seqinnerpoq>"
	"seqinner" Gram/IV V Ind 3Sg
	"seqip" Gram/TV NIR Der/vv Gram/Refl V Ind 3Sg
"<.>"
	"." CLB
</s>

<s id="zZuUPqqEWmhwsxy1al88R52VhCE">
"<Ullumi>"
	"ulloq" N Lok Sg
	"ulloq" N Rel Pl 4SgPoss
	"ulloq" N Rel Sg 4SgPoss
	"ullu" N Rel Pl 4SgPoss
	"ullumi" Adv
"<seqinnerpoq>"
	"seqinner" Gram/IV V Ind 3Sg
	"seqip" Gram/TV NIR Der/vv Gram/Refl V Ind 3Sg
"<.>"
	"." CLB
</s>

