<s id="2FPVDpzB4SLTU4Ic4zkrUvHxEdU">
"<Ivittuuliarpoq>"
	"Ivittuut" LIAR V Ind 3Sg @PRED #1->0
"<.>"
	"." CLB #2->2
</s>

<s id="2buxbH1lWQcCUcvRSJHTxULmx6Q">
"<quiartortuusaarlunga>"
	"qui" GIARTUR TUQ USAAR V Cont 1Sg @PRED #1->0
"<.>"
	"." CLB #2->2
</s>

<s id="3N04o8scztjA0K6UT4XQ8xyBmGE">
"<Sinittuusaalerpunga>"
	"sinip" TUQ USAAR LIR V Ind 1Sg @PRED #1->0
"<.>"
	"." CLB #2->2
</s>

<s id="3bCTY9BGAOnoeGapYAb3jO1j7T4">
"<isiginngitsuusaartutullu>"
	"isige" NNGIT TUUSAAR TUQ N Aeq Sg CONJ-LU @HNOUN #1->0
"<.>"
	"." CLB #2->2
</s>

<s id="44EvBhRxkkE9AKABjnYCDA86Yc4">
"<aasarsunninnerat>"
	"aasaq" SUNNIP NIQ N Abs Sg 3PlPoss @HNOUN #1->0
"<.>"
	"." CLB #2->2
</s>

<s id="7CSjqKxIzCuhUTUoAJF3x2pkffs">
"<takitigisukkaarlugit>"
	"taki" TIGE TUQ KKAAR V Cont 3PlO @PRED #1->0
"<.>"
	"." CLB #2->2
</s>

<s id="8ALdCmeOyBJnOjEVwciGyp6mRN8">
"<angutaasaarpoq>"
	"angut" USAAR V Ind 3Sg @PRED #1->0
"<.>"
	"." CLB #2->2
</s>

<s id="8jpNsJ0ZJ7WeVxyWsfNeN1hgeG0">
"<piniartuusaarpoq>"
	"piniar" TUUSAAR V Ind 3Sg @PRED #1->0
"<.>"
	"." CLB #2->2
</s>

<s id="9UKxKuG6pHuxgbdwNzFZZhDwaLs">
"<illugiit>"
	"illu" GIIT N Abs Pl @HNOUN #1->0
"<.>"
	"." CLB #2->2
</s>

<s id="BQHsrs3xmvbskxxj7YOniqqZgks">
"<nuannaartuusaarpoq>"
	"nuannaar" TUQ USAAR V Ind 3Sg @PRED #1->0
"<.>"
	"." CLB #2->2
</s>

<s id="Bg8GZ2I5kxALzIiadjx2oUF6al4">
"<tusaanngitsuusaarsinnaanagit>"
	"tusaa" NNGIT TUQ U SAAR SINNAA V ContNeg 3PlO @PRED #1->0
"<.>"
	"." CLB #2->2
</s>

<s id="CVvKVtVmebbYf0pax6VVeGlsOx0">
"<illuarartaarpoq>"
	"illu" ARAQ TAAR V Ind 3Sg @PRED #1->0
</s>

<s id="DvlQy4OK0P2QdxGgKqcpmVWROfo">
"<->"
	"-" PUNCT DIRTALESTART #1->1
"<paassarsunninnguarsi>"
	"paaq" SSAQ SUNNIP NNGUARSI Interj @PRED #2->0
"<.>"
	"." CLB #3->3
</s>

<s id="EoxpIR5g2kzJ3x1uLtrggePU2ik">
"<siatarsunninnera>"
	"siap" TAQ SUNNIP NIQ N Abs Sg 3SgPoss @HNOUN #1->0
"<.>"
	"." CLB #2->2
</s>

<s id="FSCobtpXuJP6rgoqUl25nhT4jsA">
"<anaanaasaarpoq>"
	"anaana" USAAR V Ind 3Sg @PRED #1->0
"<.>"
	"." CLB #2->2
</s>

<s id="FV8G4Q86lpGxu7ONCZNOu1s17do">
"<pujasunnittarmata>"
	"puja" SUNNIP TAR V Cau 3Pl @PRED #1->0
"<.>"
	"." CLB #2->2
</s>

<s id="GZCobP1hdXOimhA9IwHex7cyIL4">
"<aningaaseriffiliarpoq>"
	"aningaaseri" VIK LIAR V Ind 3Sg @PRED #1->0
"<.>"
	"." CLB #2->2
</s>

<s id="HTwgEZasDB5X247g8FUpdxMWry4">
"<atuartuusaarpunga>"
	"atuar" TUUSAAR V Ind 1Sg @PRED #1->0
"<.>"
	"." CLB #2->2
</s>

<s id="JQq3V5xHXLtvZt6SCLlgB9ae6M4">
"<avammukartuusaariarlunga>"
	"avate" N Trm Sg @ADVL> #1->2
"<KAR>"
	"KAR" TUQ USAAR RIAR V Cont 1Sg @PRED #2->0
"<.>"
	"." CLB #3->3
</s>

<s id="M8ADqM2qeWHaYzkbFp4qRaTHa1c">
"<silasunnigunartoq>"
	"sila" SUNNIP GUNAR V Par 3Sg @PRED #1->0
"<.>"
	"." CLB #2->2
</s>

<s id="MbAEnF03s558jK1kp4Y2RNxZB7g">
"<uanitsorsunninnersuaq>"
	"uanitsoq" SUNNIP NIQ SUAQ N Abs Sg @HNOUN #1->0
"<.>"
	"." CLB #2->2
</s>

<s id="Nt4QFQF8Zjs5xMTIg0XdDLTI1K0">
"<eqqartuussisuliarpoq>"
	"eqqartuup" HTR TUQ LIAR V Ind 3Sg @PRED #1->0
"<.>"
	"." CLB #2->2
</s>

<s id="OhH5w44R2TgFKbY39Jsxi1NsL9k">
"<oqartussaassuseqarnerunissaq>"
	"oqaq" TUR SSAAR SSUSIQ QAR NIRU NIQ SSAQ N Abs Sg @HNOUN #1->0
"<.>"
	"." CLB #2->2
</s>

<s id="P7OKB0xT7eydlzPJngxL91h80Kg">
"<toqungasorsunnitsoq>"
	"toqu" NGA TUQ SUNNIP V Par 3Sg @PRED #1->0
"<.>"
	"." CLB #2->2
</s>

<s id="POq5BiwFXT240BWRQ02tI5vzIQ0">
"<itertuusaarlunga>"
	"iter" TUQ USAAR V Cont 1Sg @PRED #1->0
"<.>"
	"." CLB #2->2
</s>

<s id="PtVquQQ0lU32IFCeOInmldIXAds">
"<imarsunninngitsumut>"
	"imaq" SUNNIP NNGIT TUQ N Trm Sg @HNOUN #1->0
"<.>"
	"." CLB #2->2
</s>

<s id="QlbbqadO7kn0WCxcYOspEcK6eAw">
"<->"
	"-" PUNCT DIRTALESTART #1->1
"<inussunniallak>"
	"inuk" SUNNIP ALLAK Interj @INTERJ #2->0
"<.>"
	"." CLB #3->3
</s>

<s id="R0qSujg5j5aAbYYKvwV1M1VvDoA">
"<qallunaajusaarpoq>"
	"qallunaaq" USAAR V Ind 3Sg @PRED #1->0
"<.>"
	"." CLB #2->2
</s>

<s id="U1t7CxxA9jUwk772ztjwtscYXSI">
"<punnersunnilluartumik>"
	"punneq" SUNNIP LLUAR TUQ N Ins Sg @HNOUN #1->0
"<.>"
	"." CLB #2->2
</s>

<s id="UP1yOm4qPc0BplTJ8DE8tuoDVSQ">
"<->"
	"-" PUNCT DIRTALESTART #1->1
"<naasorsunniallak>"
	"naasoq" SUNNIP ALLAK Interj @INTERJ #2->0
"<.>"
	"." CLB #3->3
</s>

<s id="VyQlNss05GrcXIgrIArryiYdxgY">
"<inuusaarpoq>"
	"inuk" USAAR V Ind 3Sg @PRED #1->0
"<.>"
	"." CLB #2->2
</s>

<s id="YHBMzl3yhxPqq6Uk29K8FEb8Kso">
"<aasarsunnippoq>"
	"aasaq" SUNNIP V Ind 3Sg @PRED #1->0
"<.>"
	"." CLB #2->2
</s>

<s id="ZXxX0Joesxbh4oMSyJwjC6bNs4Q">
"<nakorsaasiortuliarpoq>"
	"nakorsaat" LIUR TUQ LIAR V Ind 3Sg @PRED #1->0
"<.>"
	"." CLB #2->2
</s>

<s id="ajPWYVHEt2GbVxVoiqdV7yByRTQ">
"<Sallusuissutsikkut>"
	"sallusuissuseq" N Via Sg @HNOUN #1->0
"<.>"
	"." CLB #2->2
</s>

<s id="bWy5HD8MxcxsB1tFm6Cp0mabbdc">
"<qallunaaqarfiliarpoq>"
	"qallunaaq" QAR VIK LIAR V Ind 3Sg @PRED #1->0
"<.>"
	"." CLB #2->2
</s>

<s id="ePOqm6Idc5mxVhqkmcTZtzXVKFY">
"<mattassivoq>"
	"mattak" SI V Ind 3Sg @PRED #1->0
"<.>"
	"." CLB #2->2
</s>

<s id="egGIMbc6nxycdg75PfcYlr0bbtc">
"<Anisuusaarsimalluni>"
	"ani" TUQ USAAR SIMA V Cont 4Sg @PRED #1->0
"<.>"
	"." CLB #2->2
</s>

<s id="fnHVudLj108YkyWyzMoUlKmq3A0">
"<naasorsunnilluni>"
	"naasoq" SUNNIP V Cont 4Sg @PRED #1->0
"<.>"
	"." CLB #2->2
</s>

<s id="j3tJJvTxCJIQFpW3Du8qr1KO5G8">
"<qullersaqarfiliarpoq>"
	"qule" LLIQ TAQ QAR VIK LIAR V Ind 3Sg @PRED #1->0
"<.>"
	"." CLB #2->2
</s>

<s id="jrLbdxDS5Z146SQwND0BgoAHEVk">
"<pinngitsuusaarpoq>"
	"pi" NNGIT TUQ USAAR V Ind 3Sg @PRED #1->0
"<.>"
	"." CLB #2->2
</s>

<s id="k28v3xcKRbHqxp7kTCLkdvO0xWQ">
"<imersunnitsunngortarput>"
	"imeq" SUNNIP TUQ NNGUR TAR V Ind 3Pl @PRED #1->0
"<.>"
	"." CLB #2->2
</s>

<s id="qt7BAGwAzE9IOj1xxP9YEE1Fwzg">
"<sulisuusaarpoq>"
	"suli" TUQ USAAR V Ind 3Sg @PRED #1->0
"<.>"
	"." CLB #2->2
</s>

<s id="rOtguDEyfwi3xUwWk1sxsmPkWuA">
"<ataasiakkaarput>"
	"ataasiaq" KKAAR V Ind 3Pl @PRED #1->0
"<.>"
	"." CLB #2->2
</s>

<s id="seEFVgOZKqxdi75NPK4Q1139GVQ">
"<tungusunnitsulianik>"
	"tungu" SUNNIP TUQ LIAQ N Ins Pl @HNOUN #1->0
"<.>"
	"." CLB #2->2
</s>

<s id="uLDP923Yd8dvegdWKCbNC2zOxMo">
"<tusagassiorfinnut>"
	"tusar" TAQ SSAQ LIUR VIK N Trm Pl @HNOUN #1->0
"<.>"
	"." CLB #2->2
</s>

<s id="ua2nVIV3wxtXVRC0N88DwnpUmEM">
"<aassunninnerat>"
	"aak" SUNNIP NIQ N Abs Sg 3PlPoss @HNOUN #1->0
"<.>"
	"." CLB #2->2
</s>

<s id="uxjPKgHo5qOK8ZAfgjQ7c7x4h2Q">
"<aalisagarsunnillunilu>"
	"aalisagaq" SUNNIP V Cont 4Sg CONJ-LU @PRED #1->0
"<.>"
	"." CLB #2->2
</s>

<s id="xuDRp1cFnDBpEdhLrVaXNqEpkZQ">
"<Arnarsunninngilatit>"
	"arnaq" SUNNIP NNGIT V Ind 2Sg @PRED #1->0
"<.>"
	"." CLB #2->2
</s>

<s id="yor37esSaVGjaC2UCUZ6jvZrASE">
"<qimmiusaarpoq>"
	"qimmeq" USAAR V Ind 3Sg @PRED #1->0
"<.>"
	"." CLB #2->2
</s>

