<s id="0vyAlDnuAT0LUQSd2DxvUX2jwq0">
"<Taamaattoqassappat>"
	"taama" IP Der/nv Gram/IV TUQ Der/vn QAR Der/nv Gram/IV SSA Der/vv Gram/IV V Con 3Sg @CON> #1->11
"<,>"
	"," CLB #2->2
"<aningaasanut>"
	"aningaasaq" N Trm Pl @i-ADVL> #3->4
"<inatsisitigut>"
	"inatsit" N Via Pl @i-ADVL> #4->5
"<immikkoortinneqartartut>"
	"immikkoor" Gram/IV TIP Der/vv Gram/TV NIQAR Der/vv Gram/IV TAR Der/vv Gram/IV TUQ Der/vn N Abs Pl @SUBJ> #5->11
"<umiarsualivinnut>"
	"umiarsualivik" N Trm Pl @i-ADVL> #6->8
"<minnernut>"
	"miki" Gram/IV NIQ Der/vn N Trm Pl @N< #7->6
"<aningaasaleeqqinnernut>"
	"aningaasaq" LIR Der/nv Gram/TV HTR Der/vv Gram/IV QQIP Der/vv Gram/IV NIQ Der/vn N Trm Pl @N< #8->8
"<aamma>"
	"aamma" Conj @CONJ #9->10
"<iluarsartuussinernut>"
	"iluarsartuup" Gram/TV HTR Der/vv Gram/IV NIQ Der/vn N Trm Pl @ADVL> #10->11
"<atorneqarsinnaalissapput>"
	"ator" Gram/TV NIQAR Der/vv Gram/IV SINNAA Der/vv LIR Der/vv SSA Der/vv Gram/IV V Ind 3Pl @PRED #11->0
"<.>"
	"." CLB #12->12
</s>

<s id="1mISjMuYhtYpZQlrU9lxkCYquxQ">
"<Suliffik>"
	"suli" Gram/IV VIK Der/vn N Abs Sg @HNOUN #1->0
"<:>"
	":" CLB DIRTALESTART #2->2

"<Ukioq>"
	"ukioq" N Abs Sg @CL-ADVL> #1->6
"<manna>"
	"manna" Gram/Dem Pron Abs Sg @N< #2->1
"<juulip>"
	"juuli" N Rel Sg @POSS> #3->4
"<aallaqqaataanit>"
	"aallar" Gram/IV QQAAR Der/vv Gram/IV UTE Der/vn N Abl Sg 3SgPoss @ADVL> #4->6
"<Oqaasileriffimmi>"
	"Oqaasileriffik" Sem/inst Sem/Hum Prop Lok Sg @ADVL> #5->6
"<pisortanngorpunga>"
	"pisortaq" NNGUR Der/nv Gram/IV V Ind 1Sg @PRED #6->0
"<ukiut>"
	"ukioq" N Abs Pl @ADVL> #7->10
"<14-it>"
	"14" Num Abs Pl @N< #8->7
"<Oqaasileriffimmeereerlunga>"
	"Oqaasileriffik" Sem/inst Sem/Hum Prop Lok Sg Hyb/1-2 @ADVL> #9->10
"<ereerlunga>"
	"IP" Gram/IV RIIR Der/vv Gram/IV V Cont 1Sg Hyb/2-2 @<ADVL #10->6
"<,>"
	"," CLB #11->11
"<siullermik>"
	"siulleq" N Ins Sg @<ADVL #12->10
"<ilisimatusarnermi>"
	"ilisimatusar" Gram/IV NIQ Der/vn N Lok Sg @i-ADVL> #13->14
"<ikiortitut>"
	"ikior" Gram/TV TE Der/vn N Aeq Sg @<ADVL #14->10
"<(>"
	"(" PUNCT LEFT #15->15
"<2007-2009>"
	"2007-2009" Num Abs Sg @N< #16->14
"<)>"
	")" PUNCT RIGHT #17->17
"<,>"
	"," CLB #18->18
"<kingorna>"
	"kingorna" Adv @<ADVL #19->10
"<AC-fuldmægtigitut>"
	"AC-fuldmægtig" OLang/DAN N Aeq Sg @N< #20->14
"<(>"
	"(" PUNCT LEFT #21->21
"<2009-2017>"
	"2009-2017" Num Abs Sg @N< #22->20
"<)>"
	")" PUNCT RIGHT #23->23
"<,>"
	"," CLB #24->24
"<aamma>"
	"aamma" Conj @CONJ #25->25
"<specialkonsulent-itut>"
	"specialkonsulent" OLang/DAN N Aeq Sg @N< #26->14
"<(>"
	"(" PUNCT LEFT #27->27
"<2017-2021>"
	"2017-2021" Num Abs Sg @N< #28->26
"<)>"
	")" PUNCT RIGHT #29->29
"<.>"
	"." CLB DIRTALEMIDDLE #30->30
</s>

<s id="27WlzYp24mf2NAMkKWmmAMGBkhU">
"<Uggornaraluaqisoq>"
	"uggornar" Gram/IV GALUAR Der/vv Gram/IV QE Der/vv Gram/IV Sem/Temporal V Par 3Sg @PRED2 #1->6
"<poorski>"
	"poorski" N Abs Sg @CL-ADVL> #2->6
"<tamaat>"
	"tamaq" N Gram/Cong Akk 3Sg @N< #3->2
"<oqaluffiit>"
	"oqalup" Gram/IV VIK Der/vn N Rel Pl @POSS> #4->5
"<matoqqanissaat>"
	"matu" Gram/IV QQA Der/vv Gram/IV NIQ Der/vn SSAQ Der/nn N Abs Sg 3PlPoss @OBJ> #5->6
"<aalajangiussimajuartariaqarparput>"
	"aalajanger" Gram/TV UTE Der/vv Gram/Db Gram/TV SIMA Der/vv TUAR Der/vv TARIAQAR Der/vv Gram/TV V Ind 1Pl 3SgO @PRED #6->0
"<,>"
	"," CLB #7->7
"<aamma>"
	"aamma" Conj @CONJ #8->16
"<taamaalilluta>"
	"taamaali" Gram/IV V Cont 1Pl @i-ADVL> #9->10
"<naalagiarnerit>"
	"naalagiarneq" N Abs Pl @OBJ> #10->16
"<ilagiinnut>"
	"ila" GIIT Der/nn N Trm Pl @ADVL> #11->16
"<aamma>"
	"aamma" Conj @CONJ #12->13
"<upperisarsioqatigiinnut>"
	"uppere" Gram/TV TAQ Der/vn SIUR Der/nv Gram/IV QATE Der/vn GIIT Der/nn N Trm Pl @i-ADVL> #13->15
"<allanut>"
	"alla" N Trm Pl @N< #14->13
"<pingaaruteqaqisut>"
	"pi" NGAAR Der/vv Gram/IV UTE Der/vn QAR Der/nv Gram/IV QE Der/vv Gram/IV TUQ Der/vn N Abs Pl @OBJ> #15->16
"<pinngitsoortariaqarlugit>"
	"pinngitsoor" Gram/TV TARIAQAR Der/vv Gram/TV V Cont 3PlO @PRED #16->0
"<,>"
	"," CLB #17->17
"<Ilageeqarnermut>"
	"ila" GIIT Der/nn QAR Der/nv Gram/IV NIQ Der/vn N Trm Sg @i-ADVL> #18->19
"<naalakkersuisoq>"
	"naalagaq" LIRSUR Der/nv Gram/TV HTR Der/vv Gram/IV TUQ Der/vn N Abs Sg @SUBJ> #19->24
"<,>"
	"," CLB #20->20
"<Ane>"
	"Ane" Sem/Fem Sem/Hum Prop Abs Sg @PROP> #21->21
"<Lone>"
	"Lone" Sem/Fem Sem/Hum Prop Abs Sg @PROP> #22->23
"<Bagger>"
	"Bagger" Sem/Hum Prop Abs Sg @<APPOS #23->19
"<oqarpoq>"
	"oqar" Gram/IV V Ind 3Sg @PRED #24->0
"<.>"
	"." CLB #25->25
</s>

<s id="2XeIgUxSuxA5QxBFcp4NrLJRmJo">
"<Taamaattumik>"
	"taamaattumik" Adv @CL-ADVL> #1->3
"<Naalakkersuisut>"
	"Naalakkersuisut" Sem/inst Sem/Hum Prop Abs Pl @SUBJ> #2->3
"<aalajangerput>"
	"aalajanger" Gram/IV V Ind 3Pl @PRED #3->0
"<imigassanik>"
	"imer" Gram/TV TAQ Der/vn SSAQ Der/nn N Ins Pl @i-MIK-OBJ> #4->6
"<aalakoornartortalinnik>"
	"aalakoor" Gram/IV NAR Der/vv Gram/IV TUQ Der/vn TAQ Der/nn LIK Der/nn N Ins Pl @N< #5->4
"<tuniniaasarnerit>"
	"tuni" Gram/TV NIAR Der/vv Gram/TV HTR Der/vv Gram/IV TAR Der/vv Gram/IV NIQ Der/vn N Abs Pl @SUBJ> #6->19
"<aamma>"
	"aamma" Conj @CONJ #7->8
"<sassaalliuteqartarnerillu>"
	"sassaalliut" QAR Der/nv Gram/IV TAR Der/vv Gram/IV NIQ Der/vn N Abs Pl @SUBJ> #8->19
"<marsip>"
	"marsi" N Rel Sg @POSS> #9->10
"<ulluisa>"
	"ulloq" N Rel Pl 3SgPoss @POSS> #10->11
"<28-anni>"
	"28" Num Lok Sg 3PlPoss @ADVL> #11->19
"<nalunaaqutaq>"
	"nalunaaqutaq" N Abs Sg @>N #12->14
"<unnukkut>"
	"unnuk" N Via Sg @>N #13->14
"<arfineq pingasunit>"
	"arfineq pingasut" Num Abl Pl @ADVL> #14->19
"<apriilip>"
	"apriili" N Rel Sg @POSS> #15->16
"<ulluisa>"
	"ulloq" N Rel Pl 3SgPoss @POSS> #16->17
"<15-iata>"
	"15" Num Rel Sg 3PlPoss @POSS> #17->18
"<tungaanut>"
	"tunge" N Trm Sg 3SgPoss @ADVL> #18->19
"<inerteqqutigineqarallassasut>"
	"inerteqqut" GE Der/nv Gram/TV NIQAR Der/vv Gram/IV GALLAR Der/vv SSA Der/vv Gram/IV V Par 3Pl @CL-<CIT #19->3
"<.>"
	"." CLB #20->20
</s>

<s id="4OOcufzOU44w6PlOSUhOptSXHBc">
"<kisianni>"
	"kisianni" Conj @CONJ #1->12
"<taassumap>"
	"una" Prefix/TA Gram/Dem Pron Rel Sg Orth/Alt @POSS> #2->10
"<nunatsinnut>"
	"nuna" N Trm Sg 1PlPoss @ADVL> #3->4
"<nunasisuujartorlunilu>"
	"nuna" SI Der/nv Gram/IV TUQ Der/vn U Der/nv Gram/IV GIARTUR Der/vv Gram/IV Gram/Adv-encl V Cont 4Sg ADV-LU @i-ADVL> #4->5
"<ajoqersuiartortitaasup>"
	"ajoqersor" Gram/TV HTR Der/vv Gram/IV GIARTUR Der/vv TIP Der/vv Gram/TV TAQ Der/vn U Der/nv Gram/IV TUQ Der/vn N Rel Sg @N< #5->2
"<ukiut>"
	"ukioq" N Abs Pl @ADVL>N #6->9
"<300-t>"
	"300" Num Abs Pl @N< #7->6
"<matuma>"
	"manna" Gram/Dem Pron Rel Sg @POSS> #8->10
"<siorna>"
	"siuneq" N Abs Sg 3SgPoss @i-ADVL> #9->10
"<tikinnera>"
	"tikip" Gram/IV NIQ Der/vn N Abs Sg 3SgPoss @SUBJ> #10->12
"<Kommuneqarfik Sermersuumi>"
	"Kommuneqarfik Sermersooq" Sem/Geo Prop Lok Sg @ADVL> #11->12
"<malunnartinneqassanngilaq>"
	"malunnar" Gram/IV TIP Der/vv Gram/TV NIQAR Der/vv Gram/IV SSA Der/vv NNGIT Der/vv Gram/IV V Ind 3Sg @PRED #12->0
"<.>"
	"." CLB #13->13
</s>

<s id="4sJFYAbvbsKjbJDDFLEyBjJxaF4">
"<Nuummiu>"
	"Nuuk" Sem/Geo iProp MIU Der/nn N Abs Sg @SUBJ> #1->13
"<taanna>"
	"una" Prefix/TA Gram/Dem Pron Abs Sg @N< #2->1
"<folketingimut>"
	"folketing" OLang/DAN N Trm Sg @ADVL> #3->13
"<aamma>"
	"aamma" Conj @CONJ #4->5
"<inatsisartunut>"
	"inap" Gram/TV HTR Der/vv Gram/IV TAR Der/vv Gram/IV TUQ Der/vn N Trm Pl @i-ADVL> #5->6
"<ilaasortaasimasoq>"
	"ilaa" Gram/IV TUQ Der/vn TAQ Der/nn U Der/nv Gram/IV SIMA Der/vv TUQ Der/vn N Abs Sg @SUBJ> #6->13
"<ullumikkut>"
	"ullumikkut" Adv @ADVL> #7->9
"<nammineq>"
	"nammineq" Gram/Coref Pron Abs 4Sg @SUBJ> #8->9
"<suliffiuteqarluni>"
	"suli" Gram/IV VIK Der/vn UTE Der/nn QAR Der/nv Gram/IV V Cont 4Sg @ADVL> #9->13
"<aamma>"
	"aamma" Conj @CONJ #10->13
"<nutserisuulluni>"
	"nutser" Gram/TV HTR Der/vv Gram/IV TUQ Der/vn U Der/nv Gram/IV V Cont 4Sg @i-ADVL> #11->12
"<ataatsimeersuarnissanik>"
	"ataatsimeersuar" Gram/IV NIQ Der/vn SSAQ Der/nn N Ins Pl @MIK-OBJ> #12->13
"<aaqqissuussisarpoq>"
	"aaqqissuup" Gram/TV HTR Der/vv Gram/IV TAR Der/vv Gram/IV V Ind 3Sg @PRED #13->0
"<.>"
	"." CLB #14->14
</s>

<s id="4yEzxdsQldGSVXhPoKD5D4LA75g">
"<Sunngiffimmi>"
	"sunngiffik" N Lok Sg @i-ADVL> #1->2
"<soqutigisat>"
	"soqut" GE Der/nv Gram/TV TAQ Der/vn N Abs Pl @HNOUN #2->0
"<:>"
	":" CLB DIRTALESTART #3->3

"<Sisorarneq>"
	"sisorar" Gram/IV NIQ Der/vn N Abs Sg @HNOUN #1->0
"<,>"
	"," CLB #2->2
"<qalipaaneq>"
	"qalipap" Gram/TV HTR Der/vv Gram/IV NIQ Der/vn N Abs Sg @HNOUN #3->0
"<aamma>"
	"aamma" Conj @CONJ #4->5
"<atuarneq>"
	"atuar" Gram/HV Gram/IV NIQ Der/vn N Abs Sg @HNOUN #5->0
"<.>"
	"." CLB DIRTALEMIDDLE #6->6
</s>

<s id="5FruHyLx8VSkZxvgaB6bwDAAlQw">
"<Alapernaarsuutissat>"
	"alapernaarsuut" SSAQ Der/nn N Abs Pl @SUBJ> #1->7
"<aamma>"
	"aamma" Conj @CONJ #2->3
"<annanniutissallu>"
	"annap" Gram/IV NIUTE Der/vn SSAQ Der/nn N Abs Pl @SUBJ> #3->7
"<49>"
	"49" Num Abs Pl @>N #4->4
"<fodsiusut>"
	"fod" OLang/DAN Sem/Unit Orth/Alt iN iAbs iPl U Der/nv Gram/IV TUQ Der/vn N Abs Pl @N< #5->4
"<sisamat>"
	"sisamat" Num Abs Pl @N< #6->5
"<angallataatigineqalerput>"
	"angala" Gram/IV UTE Der/vn UTE Der/nn GE Der/nv Gram/TV NIQAR Der/vv Gram/IV LIR Der/vv Gram/IV V Ind 3Pl @PRED #7->0
"<.>"
	"." CLB #8->8
</s>

<s id="68W2UOele92OaxDiPA3MxT8xa9c">
"<IA>"
	"IA" Sem/Hum Prop Abs Sg @OBJ> #1->6
"<marlunngorpat>"
	"marluk" NNGUR Der/nv Gram/IV V Con 3Sg @CON> #2->6
	"marluk" Orth/Alt NNGUR Der/nv Gram/IV V Con 3Sg @CON> #2->6
"<qinersisussat>"
	"qiner" Sem/CognitiveMaking Gram/TV HTR Der/vv Gram/IV TUQ Der/vn SSAQ Der/nn N Rel Pl @POSS> #3->5
"<36>"
	"36" Num Abs Sg @>N #4->5
"<procentiisa>"
	"procent" OLang/DAN N Rel Pl 3PlPoss @SUBJ> #5->6
"<taaguutissagaat>"
	"taagor" Gram/TV UTE Der/vv Gram/TV SSA Der/vv Gram/TV V Par 3Pl 3SgO @CL-CIT> #6->9
"<,>"
	"," CLB #7->7
"<apersuinerup>"
	"apersor" Gram/TV HTR Der/vv Gram/IV NIQ Der/vn N Rel Sg @SUBJ> #8->9
"<takutippaa>"
	"taku" Gram/HV TIP Der/vv Gram/TV V Ind 3Sg 3SgO @PRED #9->0
"<,>"
	"," CLB #10->10
"<aamma>"
	"aamma" Conj @CONJ #11->17
"<taamaalippat>"
	"taamaali" Gram/IV V Con 3Sg @CON> #12->17
"<IA>"
	"IA" Sem/Hum Prop Abs Sg @SUBJ> #13->17
"<Inatsisartuni>"
	"Inatsisartut" Sem/Hum Prop Lok Pl @i-ADVL> #14->16
"<sisamanik>"
	"sisamat" Num Ins Pl @i-ADVL> #15->15
"<amerlanerusunik>"
	"amerla" Gram/IV NIRU Der/vv Gram/IV TUQ Der/vn N Ins Pl @i->N #16->17
"<ilaasortaqalissaaq>"
	"ilaa" Gram/IV TUQ Der/vn TAQ Der/nn QAR Der/nv Gram/IV LIR Der/vv Gram/IV SSA Der/vv Gram/IV V Ind 3Sg @PRED #17->0
"<,>"
	"," CLB #18->18
"<aqqaneq marlunnik>"
	"aqqaneq marluk" Num Ins Pl @i->N #19->20
"<ilaasortaqalerluni>"
	"ilaa" Gram/IV TUQ Der/vn TAQ Der/nn QAR Der/nv Gram/IV LIR Der/vv Gram/IV V Cont 4Sg @<ADVL #20->17
"<aamma>"
	"aamma" Conj @CONJ #21->21
"<nunatsinni>"
	"nuna" N Lok Sg 1PlPoss @ADVL> #22->24
"<partiini>"
	"parti" OLang/DAN N Lok Pl @ADVL> #23->24
"<annerpaalissalluni>"
	"annerpaa" Gram/IV LIR Der/vv Gram/IV SSA Der/vv Gram/IV V Cont 4Sg @<ADVL #24->17
"<.>"
	"." CLB #25->25
</s>

<s id="ABYSSPHRiPxrMc7ZrcV6VMdTkmQ">
"<Ukiumut>"
	"ukioq" N Trm Sg @ADVL> #1->3
"<qaangiutilersumut>"
	"qaangiup" Gram/IV LIR Der/vv Gram/IV TUQ Der/vn N Trm Sg @N< #2->1
"<qujangaarpugut>"
	"quja" Gram/IV NGAAR Der/vv Gram/IV V Ind 1Pl @PRED #3->0
"<,>"
	"," CLB #4->4
"<aamma>"
	"aamma" Conj @CONJ #5->10
"<ukioq>"
	"ukioq" N Abs Sg @SUBJ> #6->9
"<nutaaq>"
	"nutaaq" N Abs Sg @N< #7->6
"<tamassinnut>"
	"tamaq" N Gram/Cong Trm 2PlPoss @ADVL> #8->9
"<atoruminartuussasoq>"
	"ator" Gram/TV GUMINAR Der/vv Gram/IV TUUR Der/vv SSA Der/vv Gram/IV V Par 3Sg @CL-CIT> #9->10
"<kissaatingaarpassi>"
	"kissaap" Gram/TV NGAAR Der/vv Gram/TV V Ind 1Sg 2PlO @PRED #10->0
"<.>"
	"." CLB #11->11
</s>

<s id="C99ZOsFC8Qnv1YPBVhCsjhkcWu4">
"<Suliffeqanngitsutut>"
	"suli" Gram/IV VIK Der/vn QAR Der/nv Gram/IV NNGIT Der/vv Gram/IV TUQ Der/vn N Aeq Pl @i-ADVL> #1->2
"<nalunaarutiginnittut>"
	"nalunaar" Gram/IV UTE Der/vn GE Der/nv Gram/TV HTR Der/vv Gram/IV TUQ Der/vn N Abs Pl @SUBJ> #2->8
"<sapaatip-akunnerisa>"
	"sapaatip-akunneq" N Rel Pl 3PlPoss @POSS> #3->6
"<kingulliit>"
	"kingulleq" N Rel Pl @N< #4->3
"<marluk>"
	"marluk" Num Rel Pl @N< #5->4
"<ingerlaneranni>"
	"ingerla" Gram/IV NIQ Der/vn N Lok Sg 3PlPoss @ADVL> #6->8
"<10>"
	"10" Num Abs Pl @>N #7->8
"<millioniupput>"
	"million" U Der/nv Gram/IV V Ind 3Pl @PRED #8->0
"<,>"
	"," CLB #9->9
"<6,6>"
	"6,6" Num Abs Sg @SUBJ> #10->15
"<aamma>"
	"aamma" Conj @CONJ #11->15
"<millioninik>"
	"million" Num Ins Pl @ADVL> #12->15
"<taakku>"
	"una" Prefix/TA Gram/Dem Pron Abs Pl @SUBJ> #13->15
"<maanna>"
	"maanna" Adv @ADVL> #14->15
"<amerlillutik>"
	"amerli" Gram/IV V Cont 4Pl @PRED #15->0
"<.>"
	"." CLB #16->16
</s>

<s id="FJK5tyzZ6zgNm4lMAzyrbTpf4xw">
"<->"
	"-" PUNCT DIRTALESTART #1->1
"<Qaammat>"
	"qaammat" N Abs Sg @ADVL> #2->6
"<ataaseq>"
	"ataaseq" Num Abs Sg @N< #3->2
"<aamma>"
	"aamma" Conj @CONJ #4->5
"<affaq>"
	"affaq" N Abs Sg @N< #5->2
"<nassaanngiivissimagutta>"
	"nassaar" Gram/HV NNGIT Der/vv VIP Der/vv SIMA Der/vv V Con 1Pl @CON> #6->8
"<aatsaat>"
	"aatsaat" Adv @ADVL> #7->8
"<ammaqqissinnaavugut>"
	"ammar" Gram/IV QQIP Der/vv Gram/IV SINNAA Der/vv Gram/IV V Ind 1Pl @PRED #8->0
"<.>"
	"." CLB DIRTALEMIDDLE DIRTALEMIDDLE #9->9
</s>

<s id="FzOLif7BJHJbBgFCHgGTXP8uCq4">
"<6>"
	"6" Num Abs Sg @HNOUN #1->0
"<.>"
	"." CLB #2->2

"<Aqqit>"
	"ateq" N Abs Pl @SUBJ> #1->12
"<Oqaasileriffiup>"
	"Oqaasileriffik" Sem/inst Sem/Hum Prop Rel Sg @i-POSS> #2->3
"<nalunaarsugaaniinngitsut>"
	"nalunaarsor" Gram/TV TAQ Der/vn N Lok Sg 3SgPoss Hyb/1-2 @i-ADVL> #3->4
"<inngitsut>"
	"IP" Gram/IV NNGIT Der/vv Gram/IV TUQ Der/vn N Abs Pl Hyb/2-2 @N< #4->1
"<,>"
	"," CLB #5->5
"<aamma>"
	"aamma" Conj @CONJ #6->12
"<taama>"
	"taama" Adv @i-ADVL> #7->8
"<akuerisaanngitsut>"
	"akuere" Gram/TV TAQ Der/vn U Der/nv Gram/IV NNGIT Der/vv Gram/IV TUQ Der/vn N Abs Pl @SUBJ> #8->12
"<,>"
	"," CLB #9->9
"<akuersissummik>"
	"akuere" Gram/TV HTR Der/vv Gram/IV UTE Der/vn N Ins Sg @ADVL> #10->11
"<peqqaarluni>"
	"pi" Gram/TV QQAAR Der/vv Gram/TV V Cont 4SgO @i-ADVL> #11->12
"<atsiunneqarsinnaapput>"
	"atser" Sem/CognitiveMaking Gram/TV UTE Der/vv Gram/Db Gram/TV NIQAR Der/vv Gram/IV SINNAA Der/vv V Ind 3Pl @PRED #12->0
"<.>"
	"." CLB #13->13
</s>

<s id="H2QNOqNJckGoxLzTY00xhXL7uV0">
"<Peqqinngikkuit>"
	"peqqip" Gram/IV NNGIT Der/vv Gram/IV V Con 2Sg @CON> #1->6
"<,>"
	"," CLB #2->2
"<napparsimaguit>"
	"napparsima" Gram/IV V Con 2Sg @CON> #3->6
"<imaluunniit>"
	"imaluunniit" Conj @CONJ #4->6
"<nuakkuit>"
	"nuap" Gram/IV V Con 2Sg @CON> #5->6
"<kaffisoriarnak>"
	"kaffi" TUR Der/nv Gram/IV RIAR Der/vv Gram/IV V ContNeg 2Sg @ADVL> #6->11
	"kaffi" TUR Der/nv Gram/IV RIAR Der/vv Gram/IV V Imp 2Sg Gram/ImpNeg @PRED #6->11
"<aamma>"
	"aamma" Conj @CONJ #7->11
"<ilaqutariillu>"
	"ilaqutaq" GIIT Der/nn N Rel Pl @POSS> #8->9
"<katerinneranniinnak>"
	"katerip" Gram/IV NIQ Der/vn N Lok Sg 3PlPoss Hyb/1-2 @ADVL> #9->10
"<innak>"
	"IP" Gram/IV V ContNeg 2Sg Hyb/2-2 @ADVL> #10->11
"<angerlarsimaannarit>"
	"angerlar" Gram/IV SIMA Der/vv INNAR Der/vv Gram/IV V Imp 2Sg Gram/ImpPos @PRED #11->0
"<.>"
	"." CLB #12->12
</s>

<s id="K0xXn0eddfx90zGmPo4keYdlPag">
"<Niuertorpassuit>"
	"niuer" Gram/IV TUQ Der/vn PAK Der/nn SUAQ Der/nn N Abs Pl @SUBJ> #1->5
"<nunanit>"
	"nuna" N Abl Pl @i-ADVL> #2->4
"<takornartaneersut>"
	"takornartaq" N Abl Pl Hyb/1-2 @N< #3->2
"<IR>"
	"IR" Gram/IV TUQ Der/vn N Abs Pl Hyb/2-2 @N< #4->1
"<niuffatileruttorsimapput>"
	"niuffap" Gram/IV LIR Der/vv Gram/IV RUTTUR Der/vv Gram/IV SIMA Der/vv V Ind 3Pl @PRED #5->0
"<aamma>"
	"aamma" Conj @CONJ #6->11
"<illoqannginnersaq>"
	"illu" QAR Der/nv Gram/IV NNGIT Der/vv Gram/IV NIRSAQ Der/vn N Abs Sg @SUBJ> #7->11
"<niuerfiusartoq>"
	"niuer" Gram/IV VIK Der/vn U Der/nv Gram/IV TAR Der/vv Gram/IV TUQ Der/vn N Abs Sg @N< #8->7
"<nioqqutissanik>"
	"nioqqut" SSAQ Der/nn N Ins Pl @ADVL> #9->11
"<tamalaarpassuarnik>"
	"tamalaaq" PAK Der/nn SUAQ Der/nn N Ins Pl @N< #10->9
"<ulikkaavissimavoq>"
	"ulikkaar" Gram/IV VIP Der/vv Gram/IV SIMA Der/vv V Ind 3Sg @PRED #11->0
"<.>"
	"." CLB #12->12
</s>

<s id="KW2tLv0neCtOT4YVbaJPzzJRhew">
"<Ammasumik>"
	"amma" Gram/IV TUQ Der/vn N Ins Sg @i-ADVL> #1->2
"<allagaq>"
	"allap" Gram/TV TAQ Der/vn N Abs Sg @SUBJ> #2->24
"<Inuit Ataqatigiit>"
	"Inuit Ataqatigiit" Prop Rel Pl @POSS> #3->4
"<siulittaasuannit>"
	"siulittar" Gram/TV HTR Der/vv Gram/IV TUQ Der/vn N Abl Sg 3PlPoss @AGENS #4->24
"<Múte>"
	"Múte" Sem/Mask Sem/Hum Prop Abs Sg @PROP> #5->7
"<Borup>"
	"Borup" Sem/Hum Prop Abs Sg @PROP> #6->7
"<Egedemit>"
	"Egede" Sem/Hum Prop Abl Sg @<APPOS #7->4
"<,>"
	"," CLB #8->8
"<Partii Naleqqap>"
	"Partii Naleraq" Sem/Hum Prop Rel Sg @POSS> #9->10
"<siulittaasuanit>"
	"siulittar" Gram/TV HTR Der/vv Gram/IV TUQ Der/vn N Abl Sg 3SgPoss @AGENS #10->24
"<Hans>"
	"Hans" Sem/Mask Sem/Hum Prop Abs Sg @PROP> #11->12
"<Enoksenimit>"
	"Enoksen" Sem/Hum Prop Abl Sg @<APPOS #12->10
"<,>"
	"," CLB #13->13
"<Atassutip>"
	"Atassut" Sem/Hum Prop Rel Sg @POSS> #14->15
"<siulittaasuanit>"
	"siulittar" Gram/TV HTR Der/vv Gram/IV TUQ Der/vn N Abl Sg 3SgPoss @AGENS #15->24
"<Aqqalu>"
	"Aqqa" Dial/Vgr Sem/Mask Sem/Hum Gram/Conj-encl Prop Abs Sg CONJ-LU @PROP> #16->17
	"Aqqalu" Dial/Vgr Sem/Mask Sem/Hum Prop Abs Sg @PROP> #16->17
"<Jerimiassenimit>"
	"Jerimiassen" Sem/Hum Prop Abl Sg @<APPOS #17->15
"<,>"
	"," CLB #18->18
"<aamma>"
	"aamma" Conj @CONJ #19->24
"<Suleqatigiissitsisullu>"
	"Suleqatigiissitsisut" Sem/Hum Prop Rel Pl @POSS> #20->21
"<siulittaasuannit>"
	"siulittar" Gram/TV HTR Der/vv Gram/IV TUQ Der/vn N Abl Sg 3PlPoss @AGENS #21->24
"<Tillie>"
	"Tillie" Sem/Fem Sem/Hum Prop Abs Sg @PROP> #22->23
"<Martinussenimit>"
	"Martinussen" Sem/Hum Prop Abl Sg @<APPOS #23->21
"<atsiorneqarpoq>"
	"atsior" Gram/TV NIQAR Der/vv Gram/IV V Ind 3Sg @PRED #24->0
"<.>"
	"." CLB #25->25
</s>

<s id="Oa9YZjGPDBL0p2pjUJJcS5gzp70">
"<Suleriaasissatut>"
	"suli" Gram/IV RIAR Der/vv Gram/IV USIQ Der/vn SSAQ Der/nn N Aeq Sg @i-ADVL> #1->2
"<pilersaarummi>"
	"pilersaar" Gram/HV UTE Der/vn N Lok Sg @ADVL> #2->3
"<atuarneqarsinnaavoq>"
	"atuar" Gram/TV NIQAR Der/vv Gram/IV SINNAA Der/vv V Ind 3Sg @PRED #3->0
"<siunnersuutaasoq>"
	"siunnersor" Gram/TV UTE Der/vn U Der/nv Gram/IV V Par 3Sg @CL-<CIT #4->3
"<ingerlatseqatigiiffik>"
	"ingerlap" HTR Der/vv Gram/IV QATE Der/vn GIIP Der/nv Gram/Reci Gram/IV VIK Der/vn N Abs Sg @SUBJ> #5->13
"<Nuuk Atlantic Airport A/S>"
	"Nuuk Atlantic Airport A/S" Sem/Hum Prop Abs Sg @<APPOS #6->5
"<Namminersornerullutik Oqartussanit>"
	"Namminersornerullutik Oqartussat" Sem/Hum Prop Abl Pl @AGENS #7->13
"<,>"
	"," CLB #8->8
"<Nuup Kommunianit>"
	"Nuup Kommunia" Sem/Hum Prop Abl Sg 3SgPoss @i-ADVL> #9->13
"<aamma>"
	"aamma" Conj @CONJ #10->11
"<inunniit>"
	"inuk" N Abl Pl @AGENS #11->13
"<ataasiakkaanit>"
	"ataasiakkaaq" N Abl Pl @N< #12->11
"<piginneqataaffigineqarsinnaassasoq>"
	"piginneqataa" Gram/IV VIK Der/vn GE Der/nv Gram/TV NIQAR Der/vv Gram/IV SINNAA Der/vv SSA Der/vv Gram/IV V Par 3Sg @CL-<CIT #13->4
"<,>"
	"," CLB #14->14
"<Agnethe>"
	"Agnethe" Sem/Fem Sem/Hum Prop Abs Sg @PROP> #15->16
"<Davidsen>"
	"Davidsen" Sem/Hum Prop Abs Sg @SUBJ> #16->17
"<oqarpoq>"
	"oqar" Gram/IV V Ind 3Sg @PRED #17->0
"<.>"
	"." CLB #18->18
</s>

<s id="OsWMNcHAgr3XrWc9U15A8Vwa9bE">
"<Neriuppunga>"
	"neriup" Gram/IV V Ind 1Sg @PRED #1->0
"<ukiumut>"
	"ukioq" N Trm Sg @ADVL> #2->4
"<nutaamut>"
	"nutaaq" N Trm Sg @N< #3->2
"<iserluarsimassasusi>"
	"iser" Gram/IV LLUAR Der/vv Gram/IV SIMA Der/vv SSA Der/vv Gram/IV V Par 2Pl @CL-<CIT #4->1
"<,>"
	"," CLB #5->5
"<aamma>"
	"aamma" Conj @CONJ #6->7
"<qujanaq>"
	"quja" Gram/IV NAR Der/vv V Ind Gram/Exclm @PRED #7->0
"<ukiumut>"
	"ukioq" N Trm Sg @<ADVL #8->7
"<qaangiuttumut>"
	"qaangiup" Gram/IV TUQ Der/vn N Trm Sg @<ADVL #9->7
"<.>"
	"." CLB #10->10
</s>

<s id="TgXRQlSTc9VGHma2ibfWV6mrKQE">
"<Taamani>"
	"taamani" Adv @CL-ADVL> #1->5
"<aamma>"
	"aamma" Conj @CONJ #2->9
"<annilaangaqalunilu>"
	"annilaar" Gram/IV NGA Der/vv Gram/IV QE Der/vv Gram/IV V Cont 4Sg @ADVL> #3->4
"<naameerusukkaluarluni>"
	"naameer" Gram/IV GUSUP Der/vv Gram/IV GALUAR Der/vv Gram/IV V Cont 4Sg @ADVL> #4->5
"<akiuussinnaasimanani>"
	"akiuup" Gram/IV SINNAA Der/vv Gram/IV SIMA Der/vv V ContNeg 4Sg @CL-CIT> #5->9
"<,>"
	"," CLB #6->6
"<Naja>"
	"Naja" Sem/Fem Sem/Hum Prop Abs Sg @PROP> #7->8
"<Lyberth>"
	"Lyberth" Sem/Hum Prop Abs Sg @SUBJ> #8->9
"<oqarpoq>"
	"oqar" Gram/IV V Ind 3Sg @PRED #9->0
"<.>"
	"." CLB #10->10
</s>

<s id="YmLWzWAUpLaA7CEsCErDbxHOHoE">
"<7>"
	"7" Num Abs Sg @HNOUN #1->0
"<.>"
	"." CLB #2->2

"<Atertut>"
	"ateq" N Aeq Pl @ADVL> #1->2
"<akuerineqarsinnaanngillat>"
	"akuere" Gram/TV NIQAR Der/vv Gram/IV SINNAA Der/vv NNGIT Der/vv Gram/IV V Ind 3Pl @PRED #2->0
"<:>"
	":" CLB DIRTALESTART #3->3

"<Aqqit>"
	"ateq" N Abs Pl @HNOUN #1->0
"</>"
	"/" Gram/Conj-encl Conj @CONJ #2->2
"<uiguutit>"
	"uiguut" N Abs Pl @HNOUN #3->0
"<ittoorutaasinnaasut>"
	"ittoor" Gram/IV UTE Der/vn U Der/nv Gram/IV SINNAA Der/vv Gram/IV TUQ Der/vn N Abs Pl @N< #4->3
"<imaluunniit>"
	"imaluunniit" Conj @CONJ #5->6
"<kanngusutsitsisinnaasulluunniit>"
	"kanngusup" Gram/IV TIP Der/vv Gram/TV HTR Der/vv Gram/IV SINNAA Der/vv TUQ Der/vn N Abs Pl @N< #6->3
"<.>"
	"." CLB DIRTALEMIDDLE #7->7
</s>

<s id="d75qFld8nviMeRGfD7tCgQcrnr0">
"<Tamatuma>"
	"manna" Prefix/TA Gram/Dem Pron Rel Sg @POSS> #1->2
"<saniatigut>"
	"sani" N Via Sg 3SgPoss @ADVL> #2->3
"<pingaartittarpara>"
	"pi" NGAAR Der/vv Gram/IV TIP Der/vv Gram/TV TAR Der/vv Gram/TV V Ind 1Sg 3SgO @PRED #3->0
"<ullormut>"
	"ulloq" N Trm Sg @i-ADVL> #4->5
"<angusaqartutut>"
	"angu" Gram/TV TAQ Der/vn QAR Der/nv Gram/IV TUQ Der/vn N Aeq Sg @ADVL> #5->6
"<misigisimallunga>"
	"misige" Gram/TV SIMA Der/vv Gram/Refl V Cont 1Sg @CL-<CIT #6->3
"<aamma>"
	"aamma" Conj @CONJ #7->9
"<naammagisimaarlunga>"
	"naammage" Gram/TV SIMAAR Der/vv Gram/Refl V Cont 1Sg @ADVL> #8->9
"<innassallunga>"
	"innar" Gram/IV SSA Der/vv Gram/IV V Cont 1Sg @CL-<CIT #9->3
"<.>"
	"." CLB #10->10
</s>

<s id="hFVcG8WtVYNgtgAIZdF7sc5o5eM">
"<Kalaallit>"
	"kalaaleq" N Rel Pl @POSS> #1->2
"<oqaasii>"
	"oqaaseq" N Abs Pl 3PlPoss @SUBJ> #2->4
"<uannut>"
	"uanga" Gram/Pers Pron Trm 1Sg @ADVL> #3->4
"<pingaaruteqarput>"
	"pi" NGAAR Der/vv Gram/IV UTE Der/vn QAR Der/nv Gram/IV V Ind 3Pl @PRED #4->0
"<taakkumi>"
	"una" Prefix/TA Gram/Dem Pron Abs Pl MI @OBJ> #5->6
"<atorlugit>"
	"ator" Gram/TV V Cont 3PlO @i-ADVL> #6->7
"<angajoqqaakka>"
	"angajoqqaaq" N Abs Pl 1SgPoss @OBJ> #7->10
"<aamma>"
	"aamma" Conj @CONJ #8->9
"<ilaqutakka>"
	"ilaqutaq" N Abs Pl 1SgPoss @OBJ> #9->10
"<attaveqarfigisarakkit>"
	"attavik" QAR Der/nv Gram/IV VIK Der/vn GE Der/nv Gram/TV TAR Der/vv Gram/TV V Cau 1Sg 3PlO @<CAU #10->4
"<.>"
	"." CLB #11->11
</s>

<s id="ixXtrpREWvBsiGrho3dPAvMT0HU">
"<Maanna>"
	"maanna" Adv @CL-ADVL> #1->2
"<nutserusiornermi>"
	"nutser" Gram/TV UTE Der/vn LIUR Der/nv Gram/IV NIQ Der/vn N Lok Sg @i-ADVL> #2->3
"<unamminartut>"
	"unammi" Gram/TV NAR Der/vv Gram/IV TUQ Der/vn N Abs Pl @OBJ> #3->5
"<tamakku>"
	"manna" Prefix/TA Gram/Dem Pron Abs Pl @N< #4->3
"<ilisimallualerpagut>"
	"ilisima" Gram/TV LLUAR Der/vv Gram/TV LIR Der/vv Gram/TV V Ind 1Pl 3PlO @PRED #5->0
"<aamma>"
	"aamma" Conj @CONJ #6->11
"<ineriartorteqqinnissaanullu>"
	"iner" Gram/IV GIARTUR Der/vv Gram/IV TIP Der/vv Gram/TV QQIP Der/vv Gram/TV Gram/Pass NIQ Der/vn SSAQ Der/nn N Trm Sg 3SgPoss @ADVL> #7->8
"<misilittagaqarlualerluta>"
	"misilip" Gram/TV TAR Der/vv Gram/TV TAQ Der/vn QAR Der/nv Gram/IV LLUAR Der/vv Gram/IV LIR Der/vv Gram/IV V Cont 1Pl @<ADVL #8->5
"<aamma>"
	"aamma" Conj @CONJ #9->11
"<pitsanngorsarnissaanut>"
	"pitsak" NNGUR Der/nv Gram/IV SAR Der/vv Gram/TV Gram/Pass NIQ Der/vn SSAQ Der/nn N Trm Sg 3SgPoss @ADVL> #10->11
"<tunaartassaqarluarluta>"
	"tunaartaq" SSAQ Der/nn QAR Der/nv Gram/IV LLUAR Der/vv Gram/IV V Cont 1Pl @CL-<CIT #11->5
"<.>"
	"." CLB #12->12
</s>

<s id="jRecmMD1JUUeoQa01RVUl21ZNQ0">
"<Tassa>"
	"tassa" Adv @CL-ADVL> #1->3
"<qanoq>"
	"qanoq" Adv @ADVL> #2->3
"<imaqartissanerlugu>"
	"ima" QAR Der/nv Gram/IV TIP Der/vv Gram/TV SSA Der/vv NIR Der/vv Gram/TV V Cont 3SgO @CL-CIT> #3->8
"<aamma>"
	"aamma" Conj @CONJ #4->8
"<qanoq>"
	"qanoq" Adv @ADVL> #5->6
"<qalipaasersussanerlugu>"
	"qalipap" Gram/TV UTE Der/vn LIRSUR Der/nv Gram/TV SSA Der/vv Gram/TV NIR Der/vv Gram/TV V Cont 3SgO @CL-CIT> #6->8
"<nammineerluta>"
	"nammineer" Gram/IV V Cont 1Pl @ADVL> #7->8
"<aalajangigassaraarput>"
	"aalajanger" Gram/TV TAQ Der/vn SSAQ Der/nn GE Der/nv Gram/TV V Ind 1Pl 3SgO @PRED #8->0
"<.>"
	"." CLB #9->9
</s>

<s id="k77Q2MbPhCJxhwEdv6GaBOw4gkk">
"<Taamatuttaaq>"
	"taama" Aeq Adv TTAAQ @ADVL> #1->8
"<nioqqutissat>"
	"nioqqut" SSAQ Der/nn N Abs Pl @SUBJ> #2->8
"<nillataartitsivimmiittut>"
	"nillataartitsivik" N Lok Sg Hyb/1-2 @i-ADVL> #3->4
"<ittut>"
	"IP" Gram/IV TUQ Der/vn N Abs Pl Hyb/2-2 @N< #4->2
"<qerititsivimmiittullu>"
	"qerititsivik" N Lok Sg Hyb/1-2 @N< #5->3
"<aamma>"
	"aamma" Conj @CONJ #6->8
"<ittullu>"
	"IP" Gram/IV TUQ Der/vn N Abs Pl Hyb/2-2 @SUBJ> #7->8
"<taarserneqartarput>"
	"taarser" Gram/TV NIQAR Der/vv Gram/IV TAR Der/vv Gram/IV V Ind 3Pl @PRED #8->0
"<,>"
	"," CLB #9->9
"<sarfaarunneranut>"
	"sarfaarup" Gram/IV NIQ Der/vn N Trm Sg 3SgPoss @ADVL> #10->11
"<atatillugu>"
	"ata" Gram/IV TIP Der/vv Gram/TV V Cont 3SgO @ADVL> #11->12
"<atorsinnaajunnaarsimappata>"
	"ator" Gram/IV SINNAA Der/vv Gram/IV GUNNAIR Der/vv Gram/IV SIMA Der/vv V Con 3Pl @<CON #12->8
"<.>"
	"." CLB #13->13
</s>

<s id="nmmzBlogeZu9eInTTexIOOUmwxU">
"<->"
	"-" PUNCT DIRTALESTART #1->1
"<Meeqqat>"
	"meeraq" N Rel Pl @POSS> #2->3
"<atugai>"
	"ator" Gram/TV TAQ Der/vn N Abs Pl 3PlPoss Err/Sub @OBJ> #3->4
"<pillugit>"
	"pi" Gram/TV V Cont 3PlO @ADVL> #4->5
"<qasusuilluni>"
	"qasusuip" Gram/IV V Cont 4Sg @ADVL> #5->6
"<sulisimavoq>"
	"suli" Gram/IV SIMA Der/vv V Ind 3Sg @PRED #6->0
"<aamma>"
	"aamma" Conj @CONJ #7->7
"<periarfissaqaraangami>"
	"periar" Gram/IV VIK Der/vn SSAQ Der/nn QAR Der/nv Gram/IV V IteCau 4Sg @CL-<ADVL #8->8
"<meeqqat>"
	"meeraq" N Rel Pl @POSS> #9->10
"<pisinnaatitaaffii>"
	"pi" Gram/IV SINNAA Der/vv Gram/IV TIP Der/vv Gram/TV TAQ Der/vn U Der/nv Gram/IV VIK Der/vn N Abs Pl 3PlPoss @OBJ> #10->11
"<pillugit>"
	"pi" Gram/TV V Cont 3PlO @i-ADVL> #11->12
"<oqaluttuarnissamut>"
	"oqalup" Gram/IV TUAR Der/vv Gram/IV NIQ Der/vn SSAQ Der/nn N Trm Sg @i-ADVL> #12->13
"<tunuarsimaarneq>"
	"tunuar" Gram/IV SIMAAR Der/vv Gram/IV NIQ Der/vn N Abs Sg Gram/Comp @>V #13->14
"<ajorluni>"
	"ajor" Gram/IV V Cont 4Sg @<ADVL #14->6
"<.>"
	"." CLB DIRTALEMIDDLE DIRTALEMIDDLE #15->15
</s>

<s id="noxiL3VvvEoJ1MdFrMbhvaMkATY">
"<Niuernermik>"
	"niuer" Gram/IV NIQ Der/vn N Ins Sg @i-MIK-OBJ> #1->2
"<ingerlatseriaasissaq>"
	"ingerlap" HTR Der/vv Gram/IV RIAR Der/vv Gram/IV USIQ Der/vn SSAQ Der/nn N Abs Sg @OBJ> #2->10
"<aamma>"
	"aamma" Conj @CONJ #3->10
"<timmisartullu>"
	"timmi" Gram/IV TAR Der/vv Gram/IV TUQ Der/vn N Rel Pl @POSS> #4->6
"<qanoq>"
	"qanoq" Adv @i-ADVL> #5->6
"<ittuunissaat>"
	"ip" Gram/IV TUQ Der/vn U Der/nv Gram/IV NIQ Der/vn SSAQ Der/nn N Abs Sg 3PlPoss @OBJ> #6->10
"<Aluu Airlinesimik>"
	"Aluu Airlines" Sem/Hum Prop Ins Sg @i-MIK-OBJ> #7->8
"<pilersitsisut>"
	"pi" Gram/IV LIR Der/vv Gram/IV TIP Der/vv Gram/TV HTR Der/vv Gram/IV TUQ Der/vn N Rel Pl @SUBJ> #8->10
"<suli>"
	"suli" Adv @ADVL> #9->10
"<isertuulluinnarpaat>"
	"isertor" UTE Der/vv Gram/TV LLUINNAR Der/vv Gram/TV V Ind 3Pl 3SgO @PRED #10->0
"<.>"
	"." CLB #11->11
</s>

<s id="pCUlDVsOrUvxcA8C11LvCumaxto">
"<Naalakkersuisunut>"
	"Naalakkersuisut" Sem/inst Sem/Hum Prop Trm Pl @ADVL> #1->10
"<aamma>"
	"aamma" Conj @CONJ #2->3
"<IA-mut>"
	"IA" Sem/Hum Prop Trm Sg Err/Sub @i-ADVL> #3->4
"<siulittaasuusimasoq>"
	"siulittar" Gram/TV HTR Der/vv Gram/IV TUQ Der/vn U Der/nv Gram/IV SIMA Der/vv TUQ Der/vn N Abs Sg @SUBJ> #4->10
"<Kuupik>"
	"Kuupik" Dial/Vgr Sem/Mask Sem/Hum Prop Abs Sg @PROP> #5->7
"<V.>"
	"V" N Gram/Abbr @PROP> #6->7
"<Kleist>"
	"Kleist" Sem/Hum Prop Abs Sg @<APPOS #7->4
"<aamma>"
	"aamma" Adv @ADVL> #8->10
"<taama>"
	"taama" Adv @ADVL> #9->10
"<isumaqarpoq>"
	"isuma" QAR Der/nv Gram/IV V Ind 3Sg @PRED #10->0
"<.>"
	"." CLB #11->11
</s>

<s id="r26cTheBcgJDrP5PF9ZxDZxOtMk">
"<kisianni>"
	"kisianni" Conj @CONJ #1->7
"<Oqartussaniilli>"
	"oqar" Gram/IV TUQ Der/vn SSAQ Der/nn Gram/2sml N Abl Pl @i-ADVL> #2->4
"<siusinnerusumi>"
	"siusinnerusoq" N Lok Sg @i-ADVL> #3->4
"<killilersuinerit>"
	"killik" LIRSUR Der/nv Gram/TV HTR Der/vv Gram/IV NIQ Der/vn N Abs Pl @SUBJ> #4->7
"<nunatsinni>"
	"nuna" N Lok Sg 1PlPoss @i-ADVL> #5->6
"<suliffeqarfinnut>"
	"suli" Gram/IV VIK Der/vn QAR Der/nv Gram/IV VIK Der/vn N Trm Pl @MIK-OBJ> #6->7
"<eqquipput>"
	"eqqor" Gram/TV HTR Der/vv Gram/IV V Ind 3Pl @PRED #7->0
"<,>"
	"," CLB #8->8
"<taamaammat>"
	"taamaammat" Adv @ADVL> #9->18
"<Naalakkersuisut>"
	"Naalakkersuisut" Sem/inst Sem/Hum Prop Abs Pl @SUBJ> #10->18
"<,>"
	"," CLB #11->11
"<Sulisitsisut>"
	"Sulisitsisut" Sem/Hum Prop Abs Pl @SUBJ> #12->18
"<aamma>"
	"aamma" Conj @CONJ #13->18
"<sulisartuniit>"
	"suli" Gram/IV TAR Der/vv Gram/IV TUQ Der/vn N Abl Pl @i-ADVL> #14->15
"<sinniisut>"
	"sinner" Gram/TV HTR Der/vv Gram/IV TUQ Der/vn N Abs Pl @N< #15->12
"<nalunaaqutaq>"
	"nalunaaqutaq" N Abs Sg @>N #16->17
"<aqqanermut>"
	"aqqaneq" Num Trm Sg @ADVL> #17->18
"<ataatsimiipput>"
	"ataatsimiip" Gram/IV V Ind 3Pl @PRED #18->0
"<,>"
	"," CLB #19->19
"<aamma>"
	"aamma" Conj @CONJ #20->26
"<tassani>"
	"tass" Gram/Dem Adv Lok @ADVL> #21->26
"<illuatungeriit>"
	"illuatungeq" GIIT Der/nn N Rel Pl @SUBJ> #22->26
"<inuussutissarsiortunut>"
	"inuk" U Der/nv Gram/IV UTE Der/vn SSAQ Der/nn SIUR Der/nv Gram/IV TUQ Der/vn N Trm Pl @i-ADVL> #23->25
"<ilungersuasunut>"
	"ilungersua" Gram/IV TUQ Der/vn N Trm Pl @N< #24->23
"<ikiorsiissuteqarnissaq>"
	"ikiorser" Gram/TV HTR Der/vv Gram/IV UTE Der/vn QAR Der/nv Gram/IV NIQ Der/vn SSAQ Der/nn N Abs Sg @OBJ> #25->26
"<oqallisigissavaat>"
	"oqallisige" Gram/TV SSA Der/vv Gram/TV V Ind 3Pl 3SgO @PRED #26->0
"<.>"
	"." CLB #27->27
</s>

<s id="smUdFNrJ7RPpH7c2PH0do5pHG7A">
"<Inersimasunngornermimi>"
	"iner" Gram/IV SIMA Der/vv TUQ Der/vn NNGUR Der/nv Gram/IV NIQ Der/vn N Lok Sg MI @i-ADVL> #1->3
"<kalaallisut>"
	"kalaaleq" N Aeq Sg @i-ADVL> #2->3
"<oqallorissuunermut>"
	"oqallorip" Gram/IV TUQ Der/vn U Der/nv Gram/IV NIQ Der/vn N Trm Sg @MIK-OBJ> #3->7
"<aamma>"
	"aamma" Conj @CONJ #4->7
"<allannermi>"
	"allap" Gram/HV Gram/IV NIQ Der/vn N Lok Sg @i-ADVL> #5->6
"<kukkuneqannginnissamut>"
	"kukku" Gram/IV NIQ Der/vn QAR Der/nv Gram/IV NNGIT Der/vv Gram/IV NIQ Der/vn SSAQ Der/nn N Trm Sg @i-ADVL> #6->7
"<tunngavissiilluassammata>"
	"tunngavik" SSIP Der/nv Gram/TV HTR Der/vv Gram/IV LLUAR Der/vv SSA Der/vv Gram/IV V Cau 3Pl @PRED #7->0
"<.>"
	"." CLB #8->8
</s>

<s id="vFYIvOVZC2i4DLPC1bnXaQYCY74">
"<Angerlarsimatilluta>"
	"angerlar" Gram/IV SIMA Der/vv TIP Der/vv Gram/TV Gram/Refl V Cont 1Pl @ADVL> #1->7
"<meeqqatta>"
	"meeraq" N Rel Pl 1PlPoss @POSS> #2->3
"<soqutigisaat>"
	"soqut" GE Der/nv Gram/TV TAQ Der/vn N Abs Pl 3PlPoss @OBJ> #3->6
"<aamma>"
	"aamma" Conj @CONJ #4->5
"<sammerusutaallu>"
	"sammi" Gram/TV GUSUP Der/vv Gram/TV TAQ Der/vn N Abs Pl 3PlPoss @N< #5->3
"<peqatigalugit>"
	"peqat" GE Der/nv Gram/TV V Cont 3PlO @ADVL> #6->7
"<aalluttarpavut>"
	"aallup" Gram/TV TAR Der/vv Gram/TV V Ind 1Pl 3PlO @PRED #7->0
"<,>"
	"," CLB #8->8
"<soorlu>"
	"soorlu" Adv @FOC>N #9->10
"<:>"
	":" CLB DIRTALESTART #10->10

"<nintendomik>"
	"Nintendo" Err/Sub Sem/Hum Prop Ins Sg @i-ADVL> #1->2
"<unammersuarnerit>"
	"unammersuar" Gram/IV NIQ Der/vn N Abs Pl @HNOUN #2->0
	"unammi" Gram/IV SUAR Der/vv Gram/IV NIQ Der/vn N Abs Pl @HNOUN #2->0
"<,>"
	"," CLB #3->3
"<iffioqatigiinnerit>"
	"iffior" Gram/IV QATE Der/vn GIIP Der/nv Gram/Reci Gram/IV NIQ Der/vn N Abs Pl @HNOUN #4->0
"<aamma>"
	"aamma" Conj @CONJ #5->6
"<igaqatigiinnerillu>"
	"iga" Gram/HV QATE Der/vn GIIP Der/nv Gram/Reci Gram/IV NIQ Der/vn N Abs Pl @HNOUN #6->0
"<.>"
	"." CLB DIRTALEMIDDLE #7->7
</s>

<s id="zWZKYA09EIoXrvh4eXxWt3cw4Eo">
"<KNI-mi>"
	"KNI" Err/Sub Prop Lok Sg @i-ADVL> #1->3
"<quersuarmiittuutit>"
	"qui" SUAQ Der/nn N Lok Sg Hyb/1-2 @N< #2->1
"<ittuutit>"
	"IP" Gram/IV TUQ Der/vn UTE Der/nn N Rel Pl Hyb/2-2 @POSS> #3->4
"<naatsorsorneri>"
	"naatsorsor" Gram/TV Gram/Pass NIQ Der/vn N Abs Pl 3PlPoss @SUBJ> #4->6
	"naatsorsor" Gram/TV Gram/Refl NIQ Der/vn N Abs Pl 3PlPoss @SUBJ> #4->6
"<2008-mili>"
	"2008" Gram/Adv-encl N Lok Sg Orth/Alt ADV-LI @ADVL> #5->6
"<kukkuneqartut>"
	"kukku" Gram/IV NIQ Der/vn QAR Der/nv Gram/IV V Par 3Pl @PRED #6->0
</s>

