<s id="0vyAlDnuAT0LUQSd2DxvUX2jwq0">
"<Taamaattoqassappat>"
	"taama" IP TUQ QAR SSA V Con 3Sg @CON> #1->11
"<,>"
	"," CLB #2->2
"<aningaasanut>"
	"aningaasaq" N Trm Pl @i-ADVL> #3->4
"<inatsisitigut>"
	"inatsit" N Via Pl @i-ADVL> #4->5
"<immikkoortinneqartartut>"
	"immikkoor" TIP NIQAR TAR TUQ N Abs Pl @SUBJ> #5->11
"<umiarsualivinnut>"
	"umiarsualivik" N Trm Pl @i-ADVL> #6->8
"<minnernut>"
	"miki" NIQ N Trm Pl @N< #7->6
"<aningaasaleeqqinnernut>"
	"aningaasaq" LIR HTR QQIP NIQ N Trm Pl @N< #8->8
"<aamma>"
	"aamma" Conj @CONJ #9->10
"<iluarsartuussinernut>"
	"iluarsartuup" HTR NIQ N Trm Pl @ADVL> #10->11
"<atorneqarsinnaalissapput>"
	"ator" NIQAR SINNAA LIR SSA V Ind 3Pl @PRED #11->0
"<.>"
	"." CLB #12->12
</s>

<s id="1mISjMuYhtYpZQlrU9lxkCYquxQ">
"<Suliffik>"
	"suli" VIK N Abs Sg @HNOUN #1->0
"<:>"
	":" CLB DIRTALESTART #2->2

"<Ukioq>"
	"ukioq" N Abs Sg @CL-ADVL> #1->6
"<manna>"
	"manna" Pron Abs Sg @N< #2->1
"<juulip>"
	"juuli" N Rel Sg @POSS> #3->4
"<aallaqqaataanit>"
	"aallar" QQAAR UTE N Abl Sg 3SgPoss @ADVL> #4->6
"<Oqaasileriffimmi>"
	"Oqaasileriffik" Prop Lok Sg @ADVL> #5->6
"<pisortanngorpunga>"
	"pisortaq" NNGUR V Ind 1Sg @PRED #6->0
"<ukiut>"
	"ukioq" N Abs Pl @ADVL> #7->10
"<14-it>"
	"14" Num Abs Pl @N< #8->7
"<Oqaasileriffimmeereerlunga>"
	"Oqaasileriffik" Prop Lok Sg @ADVL> #9->10
"<ereerlunga>"
	"IP" RIIR V Cont 1Sg @<ADVL #10->6
"<,>"
	"," CLB #11->11
"<siullermik>"
	"siulleq" N Ins Sg @<ADVL #12->10
"<ilisimatusarnermi>"
	"ilisimatusar" NIQ N Lok Sg @i-ADVL> #13->14
"<ikiortitut>"
	"ikior" TE N Aeq Sg @<ADVL #14->10
"<(>"
	"(" PUNCT LEFT #15->15
"<2007-2009>"
	"2007-2009" Num Abs Sg @N< #16->14
"<)>"
	")" PUNCT RIGHT #17->17
"<,>"
	"," CLB #18->18
"<kingorna>"
	"kingorna" Adv @<ADVL #19->10
"<AC-fuldmægtigitut>"
	"AC-fuldmægtig" N Aeq Sg @N< #20->14
"<(>"
	"(" PUNCT LEFT #21->21
"<2009-2017>"
	"2009-2017" Num Abs Sg @N< #22->20
"<)>"
	")" PUNCT RIGHT #23->23
"<,>"
	"," CLB #24->24
"<aamma>"
	"aamma" Conj @CONJ #25->25
"<specialkonsulent-itut>"
	"specialkonsulent" N Aeq Sg @N< #26->14
"<(>"
	"(" PUNCT LEFT #27->27
"<2017-2021>"
	"2017-2021" Num Abs Sg @N< #28->26
"<)>"
	")" PUNCT RIGHT #29->29
"<.>"
	"." CLB DIRTALEMIDDLE #30->30
</s>

<s id="27WlzYp24mf2NAMkKWmmAMGBkhU">
"<Uggornaraluaqisoq>"
	"uggornar" GALUAR QE V Par 3Sg @PRED2 #1->6
"<poorski>"
	"poorski" N Abs Sg @CL-ADVL> #2->6
"<tamaat>"
	"tamaq" N Akk 3Sg @N< #3->2
"<oqaluffiit>"
	"oqalup" VIK N Rel Pl @POSS> #4->5
"<matoqqanissaat>"
	"matu" QQA NIQ SSAQ N Abs Sg 3PlPoss @OBJ> #5->6
"<aalajangiussimajuartariaqarparput>"
	"aalajanger" UTE SIMA TUAR TARIAQAR V Ind 1Pl 3SgO @PRED #6->0
"<,>"
	"," CLB #7->7
"<aamma>"
	"aamma" Conj @CONJ #8->16
"<taamaalilluta>"
	"taamaali" V Cont 1Pl @i-ADVL> #9->10
"<naalagiarnerit>"
	"naalagiarneq" N Abs Pl @OBJ> #10->16
"<ilagiinnut>"
	"ila" GIIT N Trm Pl @ADVL> #11->16
"<aamma>"
	"aamma" Conj @CONJ #12->13
"<upperisarsioqatigiinnut>"
	"uppere" TAQ SIUR QATE GIIT N Trm Pl @i-ADVL> #13->15
"<allanut>"
	"alla" N Trm Pl @N< #14->13
"<pingaaruteqaqisut>"
	"pi" NGAAR UTE QAR QE TUQ N Abs Pl @OBJ> #15->16
"<pinngitsoortariaqarlugit>"
	"pinngitsoor" TARIAQAR V Cont 3PlO @PRED #16->0
"<,>"
	"," CLB #17->17
"<Ilageeqarnermut>"
	"ila" GIIT QAR NIQ N Trm Sg @i-ADVL> #18->19
"<naalakkersuisoq>"
	"naalagaq" LIRSUR HTR TUQ N Abs Sg @SUBJ> #19->24
"<,>"
	"," CLB #20->20
"<Ane>"
	"Ane" Prop Abs Sg @PROP> #21->21
"<Lone>"
	"Lone" Prop Abs Sg @PROP> #22->23
"<Bagger>"
	"Bagger" Prop Abs Sg @<APPOS #23->19
"<oqarpoq>"
	"oqar" V Ind 3Sg @PRED #24->0
"<.>"
	"." CLB #25->25
</s>

<s id="2XeIgUxSuxA5QxBFcp4NrLJRmJo">
"<Taamaattumik>"
	"taamaattumik" Adv @CL-ADVL> #1->3
"<Naalakkersuisut>"
	"Naalakkersuisut" Prop Abs Pl @SUBJ> #2->3
"<aalajangerput>"
	"aalajanger" V Ind 3Pl @PRED #3->0
"<imigassanik>"
	"imer" TAQ SSAQ N Ins Pl @i-MIK-OBJ> #4->6
"<aalakoornartortalinnik>"
	"aalakoor" NAR TUQ TAQ LIK N Ins Pl @N< #5->4
"<tuniniaasarnerit>"
	"tuni" NIAR HTR TAR NIQ N Abs Pl @SUBJ> #6->19
"<aamma>"
	"aamma" Conj @CONJ #7->8
"<sassaalliuteqartarnerillu>"
	"sassaalliut" QAR TAR NIQ N Abs Pl @SUBJ> #8->19
"<marsip>"
	"marsi" N Rel Sg @POSS> #9->10
"<ulluisa>"
	"ulloq" N Rel Pl 3SgPoss @POSS> #10->11
"<28-anni>"
	"28" Num Lok Sg 3PlPoss @ADVL> #11->19
"<nalunaaqutaq>"
	"nalunaaqutaq" N Abs Sg @>N #12->14
"<unnukkut>"
	"unnuk" N Via Sg @>N #13->14
"<arfineq pingasunit>"
	"arfineq pingasut" Num Abl Pl @ADVL> #14->19
"<apriilip>"
	"apriili" N Rel Sg @POSS> #15->16
"<ulluisa>"
	"ulloq" N Rel Pl 3SgPoss @POSS> #16->17
"<15-iata>"
	"15" Num Rel Sg 3PlPoss @POSS> #17->18
"<tungaanut>"
	"tunge" N Trm Sg 3SgPoss @ADVL> #18->19
"<inerteqqutigineqarallassasut>"
	"inerteqqut" GE NIQAR GALLAR SSA V Par 3Pl @CL-<CIT #19->3
"<.>"
	"." CLB #20->20
</s>

<s id="4OOcufzOU44w6PlOSUhOptSXHBc">
"<kisianni>"
	"kisianni" Conj @CONJ #1->12
"<taassumap>"
	"una" Pron Rel Sg @POSS> #2->10
"<nunatsinnut>"
	"nuna" N Trm Sg 1PlPoss @ADVL> #3->4
"<nunasisuujartorlunilu>"
	"nuna" SI TUQ U GIARTUR V Cont 4Sg ADV-LU @i-ADVL> #4->5
"<ajoqersuiartortitaasup>"
	"ajoqersor" HTR GIARTUR TIP TAQ U TUQ N Rel Sg @N< #5->2
"<ukiut>"
	"ukioq" N Abs Pl @ADVL>N #6->9
"<300-t>"
	"300" Num Abs Pl @N< #7->6
"<matuma>"
	"manna" Pron Rel Sg @POSS> #8->10
"<siorna>"
	"siuneq" N Abs Sg 3SgPoss @i-ADVL> #9->10
"<tikinnera>"
	"tikip" NIQ N Abs Sg 3SgPoss @SUBJ> #10->12
"<Kommuneqarfik Sermersuumi>"
	"Kommuneqarfik Sermersooq" Prop Lok Sg @ADVL> #11->12
"<malunnartinneqassanngilaq>"
	"malunnar" TIP NIQAR SSA NNGIT V Ind 3Sg @PRED #12->0
"<.>"
	"." CLB #13->13
</s>

<s id="4sJFYAbvbsKjbJDDFLEyBjJxaF4">
"<Nuummiu>"
	"Nuuk" MIU N Abs Sg @SUBJ> #1->13
"<taanna>"
	"una" Pron Abs Sg @N< #2->1
"<folketingimut>"
	"folketing" N Trm Sg @ADVL> #3->13
"<aamma>"
	"aamma" Conj @CONJ #4->5
"<inatsisartunut>"
	"inap" HTR TAR TUQ N Trm Pl @i-ADVL> #5->6
"<ilaasortaasimasoq>"
	"ilaa" TUQ TAQ U SIMA TUQ N Abs Sg @SUBJ> #6->13
"<ullumikkut>"
	"ullumikkut" Adv @ADVL> #7->9
"<nammineq>"
	"nammineq" Pron Abs 4Sg @SUBJ> #8->9
"<suliffiuteqarluni>"
	"suli" VIK UTE QAR V Cont 4Sg @ADVL> #9->13
"<aamma>"
	"aamma" Conj @CONJ #10->13
"<nutserisuulluni>"
	"nutser" HTR TUQ U V Cont 4Sg @i-ADVL> #11->12
"<ataatsimeersuarnissanik>"
	"ataatsimeersuar" NIQ SSAQ N Ins Pl @MIK-OBJ> #12->13
"<aaqqissuussisarpoq>"
	"aaqqissuup" HTR TAR V Ind 3Sg @PRED #13->0
"<.>"
	"." CLB #14->14
</s>

<s id="4yEzxdsQldGSVXhPoKD5D4LA75g">
"<Sunngiffimmi>"
	"sunngiffik" N Lok Sg @i-ADVL> #1->2
"<soqutigisat>"
	"soqut" GE TAQ N Abs Pl @HNOUN #2->0
"<:>"
	":" CLB DIRTALESTART #3->3

"<Sisorarneq>"
	"sisorar" NIQ N Abs Sg @HNOUN #1->0
"<,>"
	"," CLB #2->2
"<qalipaaneq>"
	"qalipap" HTR NIQ N Abs Sg @HNOUN #3->0
"<aamma>"
	"aamma" Conj @CONJ #4->5
"<atuarneq>"
	"atuar" NIQ N Abs Sg @HNOUN #5->0
"<.>"
	"." CLB DIRTALEMIDDLE #6->6
</s>

<s id="5FruHyLx8VSkZxvgaB6bwDAAlQw">
"<Alapernaarsuutissat>"
	"alapernaarsuut" SSAQ N Abs Pl @SUBJ> #1->7
"<aamma>"
	"aamma" Conj @CONJ #2->3
"<annanniutissallu>"
	"annap" NIUTE SSAQ N Abs Pl @SUBJ> #3->7
"<49>"
	"49" Num Abs Pl @>N #4->4
"<fodsiusut>"
	"fod" U TUQ N Abs Pl @N< #5->4
"<sisamat>"
	"sisamat" Num Abs Pl @N< #6->5
"<angallataatigineqalerput>"
	"angala" UTE UTE GE NIQAR LIR V Ind 3Pl @PRED #7->0
"<.>"
	"." CLB #8->8
</s>

<s id="68W2UOele92OaxDiPA3MxT8xa9c">
"<IA>"
	"IA" Prop Abs Sg @OBJ> #1->6
"<marlunngorpat>"
	"marluk" NNGUR V Con 3Sg @CON> #2->6
"<qinersisussat>"
	"qiner" HTR TUQ SSAQ N Rel Pl @POSS> #3->5
"<36>"
	"36" Num Abs Sg @>N #4->5
"<procentiisa>"
	"procent" N Rel Pl 3PlPoss @SUBJ> #5->6
"<taaguutissagaat>"
	"taagor" UTE SSA V Par 3Pl 3SgO @CL-CIT> #6->9
"<,>"
	"," CLB #7->7
"<apersuinerup>"
	"apersor" HTR NIQ N Rel Sg @SUBJ> #8->9
"<takutippaa>"
	"taku" TIP V Ind 3Sg 3SgO @PRED #9->0
"<,>"
	"," CLB #10->10
"<aamma>"
	"aamma" Conj @CONJ #11->17
"<taamaalippat>"
	"taamaali" V Con 3Sg @CON> #12->17
"<IA>"
	"IA" Prop Abs Sg @SUBJ> #13->17
"<Inatsisartuni>"
	"Inatsisartut" Prop Lok Pl @i-ADVL> #14->16
"<sisamanik>"
	"sisamat" Num Ins Pl @i-ADVL> #15->15
"<amerlanerusunik>"
	"amerla" NIRU TUQ N Ins Pl @i->N #16->17
"<ilaasortaqalissaaq>"
	"ilaa" TUQ TAQ QAR LIR SSA V Ind 3Sg @PRED #17->0
"<,>"
	"," CLB #18->18
"<aqqaneq marlunnik>"
	"aqqaneq marluk" Num Ins Pl @i->N #19->20
"<ilaasortaqalerluni>"
	"ilaa" TUQ TAQ QAR LIR V Cont 4Sg @<ADVL #20->17
"<aamma>"
	"aamma" Conj @CONJ #21->21
"<nunatsinni>"
	"nuna" N Lok Sg 1PlPoss @ADVL> #22->24
"<partiini>"
	"parti" N Lok Pl @ADVL> #23->24
"<annerpaalissalluni>"
	"annerpaa" LIR SSA V Cont 4Sg @<ADVL #24->17
"<.>"
	"." CLB #25->25
</s>

<s id="ABYSSPHRiPxrMc7ZrcV6VMdTkmQ">
"<Ukiumut>"
	"ukioq" N Trm Sg @ADVL> #1->3
"<qaangiutilersumut>"
	"qaangiup" LIR TUQ N Trm Sg @N< #2->1
"<qujangaarpugut>"
	"quja" NGAAR V Ind 1Pl @PRED #3->0
"<,>"
	"," CLB #4->4
"<aamma>"
	"aamma" Conj @CONJ #5->10
"<ukioq>"
	"ukioq" N Abs Sg @SUBJ> #6->9
"<nutaaq>"
	"nutaaq" N Abs Sg @N< #7->6
"<tamassinnut>"
	"tamaq" N Trm 2PlPoss @ADVL> #8->9
"<atoruminartuussasoq>"
	"ator" GUMINAR TUUR SSA V Par 3Sg @CL-CIT> #9->10
"<kissaatingaarpassi>"
	"kissaap" NGAAR V Ind 1Sg 2PlO @PRED #10->0
"<.>"
	"." CLB #11->11
</s>

<s id="C99ZOsFC8Qnv1YPBVhCsjhkcWu4">
"<Suliffeqanngitsutut>"
	"suli" VIK QAR NNGIT TUQ N Aeq Pl @i-ADVL> #1->2
"<nalunaarutiginnittut>"
	"nalunaar" UTE GE HTR TUQ N Abs Pl @SUBJ> #2->8
"<sapaatip-akunnerisa>"
	"sapaatip-akunneq" N Rel Pl 3PlPoss @POSS> #3->6
"<kingulliit>"
	"kingulleq" N Rel Pl @N< #4->3
"<marluk>"
	"marluk" Num Rel Pl @N< #5->4
"<ingerlaneranni>"
	"ingerla" NIQ N Lok Sg 3PlPoss @ADVL> #6->8
"<10>"
	"10" Num Abs Pl @>N #7->8
"<millioniupput>"
	"million" U V Ind 3Pl @PRED #8->0
"<,>"
	"," CLB #9->9
"<6,6>"
	"6,6" Num Abs Sg @SUBJ> #10->15
"<aamma>"
	"aamma" Conj @CONJ #11->15
"<millioninik>"
	"million" Num Ins Pl @ADVL> #12->15
"<taakku>"
	"una" Pron Abs Pl @SUBJ> #13->15
"<maanna>"
	"maanna" Adv @ADVL> #14->15
"<amerlillutik>"
	"amerli" V Cont 4Pl @PRED #15->0
"<.>"
	"." CLB #16->16
</s>

<s id="FJK5tyzZ6zgNm4lMAzyrbTpf4xw">
"<->"
	"-" PUNCT DIRTALESTART #1->1
"<Qaammat>"
	"qaammat" N Abs Sg @ADVL> #2->6
"<ataaseq>"
	"ataaseq" Num Abs Sg @N< #3->2
"<aamma>"
	"aamma" Conj @CONJ #4->5
"<affaq>"
	"affaq" N Abs Sg @N< #5->2
"<nassaanngiivissimagutta>"
	"nassaar" NNGIT VIP SIMA V Con 1Pl @CON> #6->8
"<aatsaat>"
	"aatsaat" Adv @ADVL> #7->8
"<ammaqqissinnaavugut>"
	"ammar" QQIP SINNAA V Ind 1Pl @PRED #8->0
"<.>"
	"." CLB DIRTALEMIDDLE #9->9
</s>

<s id="FzOLif7BJHJbBgFCHgGTXP8uCq4">
"<6>"
	"6" Num Abs Sg @HNOUN #1->0
"<.>"
	"." CLB #2->2

"<Aqqit>"
	"ateq" N Abs Pl @SUBJ> #1->12
"<Oqaasileriffiup>"
	"Oqaasileriffik" Prop Rel Sg @i-POSS> #2->3
"<nalunaarsugaaniinngitsut>"
	"nalunaarsor" TAQ N Lok Sg 3SgPoss @i-ADVL> #3->4
"<inngitsut>"
	"IP" NNGIT TUQ N Abs Pl @N< #4->1
"<,>"
	"," CLB #5->5
"<aamma>"
	"aamma" Conj @CONJ #6->12
"<taama>"
	"taama" Adv @i-ADVL> #7->8
"<akuerisaanngitsut>"
	"akuere" TAQ U NNGIT TUQ N Abs Pl @SUBJ> #8->12
"<,>"
	"," CLB #9->9
"<akuersissummik>"
	"akuere" HTR UTE N Ins Sg @ADVL> #10->11
"<peqqaarluni>"
	"pi" QQAAR V Cont 4SgO @i-ADVL> #11->12
"<atsiunneqarsinnaapput>"
	"atser" UTE NIQAR SINNAA V Ind 3Pl @PRED #12->0
"<.>"
	"." CLB #13->13
</s>

<s id="H2QNOqNJckGoxLzTY00xhXL7uV0">
"<Peqqinngikkuit>"
	"peqqip" NNGIT V Con 2Sg @CON> #1->6
"<,>"
	"," CLB #2->2
"<napparsimaguit>"
	"napparsima" V Con 2Sg @CON> #3->6
"<imaluunniit>"
	"imaluunniit" Conj @CONJ #4->6
"<nuakkuit>"
	"nuap" V Con 2Sg @CON> #5->6
"<kaffisoriarnak>"
	"kaffi" TUR RIAR V ContNeg 2Sg @ADVL> #6->11
	"kaffi" TUR RIAR V Imp 2Sg @PRED #6->11
"<aamma>"
	"aamma" Conj @CONJ #7->11
"<ilaqutariillu>"
	"ilaqutaq" GIIT N Rel Pl @POSS> #8->9
"<katerinneranniinnak>"
	"katerip" NIQ N Lok Sg 3PlPoss @ADVL> #9->10
"<innak>"
	"IP" V ContNeg 2Sg @ADVL> #10->11
"<angerlarsimaannarit>"
	"angerlar" SIMA INNAR V Imp 2Sg @PRED #11->0
"<.>"
	"." CLB #12->12
</s>

<s id="K0xXn0eddfx90zGmPo4keYdlPag">
"<Niuertorpassuit>"
	"niuer" TUQ PAK SUAQ N Abs Pl @SUBJ> #1->5
"<nunanit>"
	"nuna" N Abl Pl @i-ADVL> #2->4
"<takornartaneersut>"
	"takornartaq" N Abl Pl @N< #3->2
"<IR>"
	"IR" TUQ N Abs Pl @N< #4->1
"<niuffatileruttorsimapput>"
	"niuffap" LIR RUTTUR SIMA V Ind 3Pl @PRED #5->0
"<aamma>"
	"aamma" Conj @CONJ #6->11
"<illoqannginnersaq>"
	"illu" QAR NNGIT NIRSAQ N Abs Sg @SUBJ> #7->11
"<niuerfiusartoq>"
	"niuer" VIK U TAR TUQ N Abs Sg @N< #8->7
"<nioqqutissanik>"
	"nioqqut" SSAQ N Ins Pl @ADVL> #9->11
"<tamalaarpassuarnik>"
	"tamalaaq" PAK SUAQ N Ins Pl @N< #10->9
"<ulikkaavissimavoq>"
	"ulikkaar" VIP SIMA V Ind 3Sg @PRED #11->0
"<.>"
	"." CLB #12->12
</s>

<s id="KW2tLv0neCtOT4YVbaJPzzJRhew">
"<Ammasumik>"
	"amma" TUQ N Ins Sg @i-ADVL> #1->2
"<allagaq>"
	"allap" TAQ N Abs Sg @SUBJ> #2->24
"<Inuit Ataqatigiit>"
	"Inuit Ataqatigiit" Prop Rel Pl @POSS> #3->4
"<siulittaasuannit>"
	"siulittar" HTR TUQ N Abl Sg 3PlPoss @AGENS #4->24
"<Múte>"
	"Múte" Prop Abs Sg @PROP> #5->7
"<Borup>"
	"Borup" Prop Abs Sg @PROP> #6->7
"<Egedemit>"
	"Egede" Prop Abl Sg @<APPOS #7->4
"<,>"
	"," CLB #8->8
"<Partii Naleqqap>"
	"Partii Naleraq" Prop Rel Sg @POSS> #9->10
"<siulittaasuanit>"
	"siulittar" HTR TUQ N Abl Sg 3SgPoss @AGENS #10->24
"<Hans>"
	"Hans" Prop Abs Sg @PROP> #11->12
"<Enoksenimit>"
	"Enoksen" Prop Abl Sg @<APPOS #12->10
"<,>"
	"," CLB #13->13
"<Atassutip>"
	"Atassut" Prop Rel Sg @POSS> #14->15
"<siulittaasuanit>"
	"siulittar" HTR TUQ N Abl Sg 3SgPoss @AGENS #15->24
"<Aqqalu>"
	"Aqqa" Prop Abs Sg CONJ-LU @PROP> #16->17
	"Aqqalu" Prop Abs Sg @PROP> #16->17
"<Jerimiassenimit>"
	"Jerimiassen" Prop Abl Sg @<APPOS #17->15
"<,>"
	"," CLB #18->18
"<aamma>"
	"aamma" Conj @CONJ #19->24
"<Suleqatigiissitsisullu>"
	"Suleqatigiissitsisut" Prop Rel Pl @POSS> #20->21
"<siulittaasuannit>"
	"siulittar" HTR TUQ N Abl Sg 3PlPoss @AGENS #21->24
"<Tillie>"
	"Tillie" Prop Abs Sg @PROP> #22->23
"<Martinussenimit>"
	"Martinussen" Prop Abl Sg @<APPOS #23->21
"<atsiorneqarpoq>"
	"atsior" NIQAR V Ind 3Sg @PRED #24->0
"<.>"
	"." CLB #25->25
</s>

<s id="Oa9YZjGPDBL0p2pjUJJcS5gzp70">
"<Suleriaasissatut>"
	"suli" RIAR USIQ SSAQ N Aeq Sg @i-ADVL> #1->2
"<pilersaarummi>"
	"pilersaar" UTE N Lok Sg @ADVL> #2->3
"<atuarneqarsinnaavoq>"
	"atuar" NIQAR SINNAA V Ind 3Sg @PRED #3->0
"<siunnersuutaasoq>"
	"siunnersor" UTE U V Par 3Sg @CL-<CIT #4->3
"<ingerlatseqatigiiffik>"
	"ingerlap" HTR QATE GIIP VIK N Abs Sg @SUBJ> #5->13
"<Nuuk Atlantic Airport
	"Nuuk Atlantic Airport Prop Abs Sg @<APPOS #6->5
"<Namminersornerullutik Oqartussanit>"
	"Namminersornerullutik Oqartussat" Prop Abl Pl @AGENS #7->13
"<,>"
	"," CLB #8->8
"<Nuup Kommunianit>"
	"Nuup Kommunia" Prop Abl Sg 3SgPoss @i-ADVL> #9->13
"<aamma>"
	"aamma" Conj @CONJ #10->11
"<inunniit>"
	"inuk" N Abl Pl @AGENS #11->13
"<ataasiakkaanit>"
	"ataasiakkaaq" N Abl Pl @N< #12->11
"<piginneqataaffigineqarsinnaassasoq>"
	"piginneqataa" VIK GE NIQAR SINNAA SSA V Par 3Sg @CL-<CIT #13->4
"<,>"
	"," CLB #14->14
"<Agnethe>"
	"Agnethe" Prop Abs Sg @PROP> #15->16
"<Davidsen>"
	"Davidsen" Prop Abs Sg @SUBJ> #16->17
"<oqarpoq>"
	"oqar" V Ind 3Sg @PRED #17->0
"<.>"
	"." CLB #18->18
</s>

<s id="OsWMNcHAgr3XrWc9U15A8Vwa9bE">
"<Neriuppunga>"
	"neriup" V Ind 1Sg @PRED #1->0
"<ukiumut>"
	"ukioq" N Trm Sg @ADVL> #2->4
"<nutaamut>"
	"nutaaq" N Trm Sg @N< #3->2
"<iserluarsimassasusi>"
	"iser" LLUAR SIMA SSA V Par 2Pl @CL-<CIT #4->1
"<,>"
	"," CLB #5->5
"<aamma>"
	"aamma" Conj @CONJ #6->7
"<qujanaq>"
	"quja" NAR V Ind @PRED #7->0
"<ukiumut>"
	"ukioq" N Trm Sg @<ADVL #8->7
"<qaangiuttumut>"
	"qaangiup" TUQ N Trm Sg @<ADVL #9->7
"<.>"
	"." CLB #10->10
</s>

<s id="TgXRQlSTc9VGHma2ibfWV6mrKQE">
"<Taamani>"
	"taamani" Adv @CL-ADVL> #1->5
"<aamma>"
	"aamma" Conj @CONJ #2->9
"<annilaangaqalunilu>"
	"annilaar" NGA QE V Cont 4Sg @ADVL> #3->4
"<naameerusukkaluarluni>"
	"naameer" GUSUP GALUAR V Cont 4Sg @ADVL> #4->5
"<akiuussinnaasimanani>"
	"akiuup" SINNAA SIMA V ContNeg 4Sg @CL-CIT> #5->9
"<,>"
	"," CLB #6->6
"<Naja>"
	"Naja" Prop Abs Sg @PROP> #7->8
"<Lyberth>"
	"Lyberth" Prop Abs Sg @SUBJ> #8->9
"<oqarpoq>"
	"oqar" V Ind 3Sg @PRED #9->0
"<.>"
	"." CLB #10->10
</s>

<s id="YmLWzWAUpLaA7CEsCErDbxHOHoE">
"<7>"
	"7" Num Abs Sg @HNOUN #1->0
"<.>"
	"." CLB #2->2

"<Atertut>"
	"ateq" N Aeq Pl @ADVL> #1->2
"<akuerineqarsinnaanngillat>"
	"akuere" NIQAR SINNAA NNGIT V Ind 3Pl @PRED #2->0
"<:>"
	":" CLB DIRTALESTART #3->3

"<Aqqit>"
	"ateq" N Abs Pl @HNOUN #1->0
"</>"
	"/" Conj @CONJ #2->2
"<uiguutit>"
	"uiguut" N Abs Pl @HNOUN #3->0
"<ittoorutaasinnaasut>"
	"ittoor" UTE U SINNAA TUQ N Abs Pl @N< #4->3
"<imaluunniit>"
	"imaluunniit" Conj @CONJ #5->6
"<kanngusutsitsisinnaasulluunniit>"
	"kanngusup" TIP HTR SINNAA TUQ N Abs Pl @N< #6->3
"<.>"
	"." CLB DIRTALEMIDDLE #7->7
</s>

<s id="d75qFld8nviMeRGfD7tCgQcrnr0">
"<Tamatuma>"
	"manna" Pron Rel Sg @POSS> #1->2
"<saniatigut>"
	"sani" N Via Sg 3SgPoss @ADVL> #2->3
"<pingaartittarpara>"
	"pi" NGAAR TIP TAR V Ind 1Sg 3SgO @PRED #3->0
"<ullormut>"
	"ulloq" N Trm Sg @i-ADVL> #4->5
"<angusaqartutut>"
	"angu" TAQ QAR TUQ N Aeq Sg @ADVL> #5->6
"<misigisimallunga>"
	"misige" SIMA V Cont 1Sg @CL-<CIT #6->3
"<aamma>"
	"aamma" Conj @CONJ #7->9
"<naammagisimaarlunga>"
	"naammage" SIMAAR V Cont 1Sg @ADVL> #8->9
"<innassallunga>"
	"innar" SSA V Cont 1Sg @CL-<CIT #9->3
"<.>"
	"." CLB #10->10
</s>

<s id="hFVcG8WtVYNgtgAIZdF7sc5o5eM">
"<Kalaallit>"
	"kalaaleq" N Rel Pl @POSS> #1->2
"<oqaasii>"
	"oqaaseq" N Abs Pl 3PlPoss @SUBJ> #2->4
"<uannut>"
	"uanga" Pron Trm 1Sg @ADVL> #3->4
"<pingaaruteqarput>"
	"pi" NGAAR UTE QAR V Ind 3Pl @PRED #4->0
"<taakkumi>"
	"una" Pron Abs Pl MI @OBJ> #5->6
"<atorlugit>"
	"ator" V Cont 3PlO @i-ADVL> #6->7
"<angajoqqaakka>"
	"angajoqqaaq" N Abs Pl 1SgPoss @OBJ> #7->10
"<aamma>"
	"aamma" Conj @CONJ #8->9
"<ilaqutakka>"
	"ilaqutaq" N Abs Pl 1SgPoss @OBJ> #9->10
"<attaveqarfigisarakkit>"
	"attavik" QAR VIK GE TAR V Cau 1Sg 3PlO @<CAU #10->4
"<.>"
	"." CLB #11->11
</s>

<s id="ixXtrpREWvBsiGrho3dPAvMT0HU">
"<Maanna>"
	"maanna" Adv @CL-ADVL> #1->2
"<nutserusiornermi>"
	"nutser" UTE LIUR NIQ N Lok Sg @i-ADVL> #2->3
"<unamminartut>"
	"unammi" NAR TUQ N Abs Pl @OBJ> #3->5
"<tamakku>"
	"manna" Pron Abs Pl @N< #4->3
"<ilisimallualerpagut>"
	"ilisima" LLUAR LIR V Ind 1Pl 3PlO @PRED #5->0
"<aamma>"
	"aamma" Conj @CONJ #6->11
"<ineriartorteqqinnissaanullu>"
	"iner" GIARTUR TIP QQIP NIQ SSAQ N Trm Sg 3SgPoss @ADVL> #7->8
"<misilittagaqarlualerluta>"
	"misilip" TAR TAQ QAR LLUAR LIR V Cont 1Pl @<ADVL #8->5
"<aamma>"
	"aamma" Conj @CONJ #9->11
"<pitsanngorsarnissaanut>"
	"pitsak" NNGUR SAR NIQ SSAQ N Trm Sg 3SgPoss @ADVL> #10->11
"<tunaartassaqarluarluta>"
	"tunaartaq" SSAQ QAR LLUAR V Cont 1Pl @CL-<CIT #11->5
"<.>"
	"." CLB #12->12
</s>

<s id="jRecmMD1JUUeoQa01RVUl21ZNQ0">
"<Tassa>"
	"tassa" Adv @CL-ADVL> #1->3
"<qanoq>"
	"qanoq" Adv @ADVL> #2->3
"<imaqartissanerlugu>"
	"ima" QAR TIP SSA NIR V Cont 3SgO @CL-CIT> #3->8
"<aamma>"
	"aamma" Conj @CONJ #4->8
"<qanoq>"
	"qanoq" Adv @ADVL> #5->6
"<qalipaasersussanerlugu>"
	"qalipap" UTE LIRSUR SSA NIR V Cont 3SgO @CL-CIT> #6->8
"<nammineerluta>"
	"nammineer" V Cont 1Pl @ADVL> #7->8
"<aalajangigassaraarput>"
	"aalajanger" TAQ SSAQ GE V Ind 1Pl 3SgO @PRED #8->0
"<.>"
	"." CLB #9->9
</s>

<s id="k77Q2MbPhCJxhwEdv6GaBOw4gkk">
"<Taamatuttaaq>"
	"taama" Aeq Adv TTAAQ @ADVL> #1->8
"<nioqqutissat>"
	"nioqqut" SSAQ N Abs Pl @SUBJ> #2->8
"<nillataartitsivimmiittut>"
	"nillataartitsivik" N Lok Sg @i-ADVL> #3->4
"<ittut>"
	"IP" TUQ N Abs Pl @N< #4->2
"<qerititsivimmiittullu>"
	"qerititsivik" N Lok Sg @N< #5->3
"<aamma>"
	"aamma" Conj @CONJ #6->8
"<ittullu>"
	"IP" TUQ N Abs Pl @SUBJ> #7->8
"<taarserneqartarput>"
	"taarser" NIQAR TAR V Ind 3Pl @PRED #8->0
"<,>"
	"," CLB #9->9
"<sarfaarunneranut>"
	"sarfaarup" NIQ N Trm Sg 3SgPoss @ADVL> #10->11
"<atatillugu>"
	"ata" TIP V Cont 3SgO @ADVL> #11->12
"<atorsinnaajunnaarsimappata>"
	"ator" SINNAA GUNNAIR SIMA V Con 3Pl @<CON #12->8
"<.>"
	"." CLB #13->13
</s>

<s id="nmmzBlogeZu9eInTTexIOOUmwxU">
"<->"
	"-" PUNCT DIRTALESTART #1->1
"<Meeqqat>"
	"meeraq" N Rel Pl @POSS> #2->3
"<atugai>"
	"ator" TAQ N Abs Pl 3PlPoss @OBJ> #3->4
"<pillugit>"
	"pi" V Cont 3PlO @ADVL> #4->5
"<qasusuilluni>"
	"qasusuip" V Cont 4Sg @ADVL> #5->6
"<sulisimavoq>"
	"suli" SIMA V Ind 3Sg @PRED #6->0
"<aamma>"
	"aamma" Conj @CONJ #7->7
"<periarfissaqaraangami>"
	"periar" VIK SSAQ QAR V IteCau 4Sg @CL-<ADVL #8->8
"<meeqqat>"
	"meeraq" N Rel Pl @POSS> #9->10
"<pisinnaatitaaffii>"
	"pi" SINNAA TIP TAQ U VIK N Abs Pl 3PlPoss @OBJ> #10->11
"<pillugit>"
	"pi" V Cont 3PlO @i-ADVL> #11->12
"<oqaluttuarnissamut>"
	"oqalup" TUAR NIQ SSAQ N Trm Sg @i-ADVL> #12->13
"<tunuarsimaarneq>"
	"tunuar" SIMAAR NIQ N Abs Sg @>V #13->14
"<ajorluni>"
	"ajor" V Cont 4Sg @<ADVL #14->6
"<.>"
	"." CLB DIRTALEMIDDLE #15->15
</s>

<s id="noxiL3VvvEoJ1MdFrMbhvaMkATY">
"<Niuernermik>"
	"niuer" NIQ N Ins Sg @i-MIK-OBJ> #1->2
"<ingerlatseriaasissaq>"
	"ingerlap" HTR RIAR USIQ SSAQ N Abs Sg @OBJ> #2->10
"<aamma>"
	"aamma" Conj @CONJ #3->10
"<timmisartullu>"
	"timmi" TAR TUQ N Rel Pl @POSS> #4->6
"<qanoq>"
	"qanoq" Adv @i-ADVL> #5->6
"<ittuunissaat>"
	"ip" TUQ U NIQ SSAQ N Abs Sg 3PlPoss @OBJ> #6->10
"<Aluu Airlinesimik>"
	"Aluu Airlines" Prop Ins Sg @i-MIK-OBJ> #7->8
"<pilersitsisut>"
	"pi" LIR TIP HTR TUQ N Rel Pl @SUBJ> #8->10
"<suli>"
	"suli" Adv @ADVL> #9->10
"<isertuulluinnarpaat>"
	"isertor" UTE LLUINNAR V Ind 3Pl 3SgO @PRED #10->0
"<.>"
	"." CLB #11->11
</s>

<s id="pCUlDVsOrUvxcA8C11LvCumaxto">
"<Naalakkersuisunut>"
	"Naalakkersuisut" Prop Trm Pl @ADVL> #1->10
"<aamma>"
	"aamma" Conj @CONJ #2->3
"<IA-mut>"
	"IA" Prop Trm Sg @i-ADVL> #3->4
"<siulittaasuusimasoq>"
	"siulittar" HTR TUQ U SIMA TUQ N Abs Sg @SUBJ> #4->10
"<Kuupik>"
	"Kuupik" Prop Abs Sg @PROP> #5->7
"<V.>"
	"V" N @PROP> #6->7
"<Kleist>"
	"Kleist" Prop Abs Sg @<APPOS #7->4
"<aamma>"
	"aamma" Adv @ADVL> #8->10
"<taama>"
	"taama" Adv @ADVL> #9->10
"<isumaqarpoq>"
	"isuma" QAR V Ind 3Sg @PRED #10->0
"<.>"
	"." CLB #11->11
</s>

<s id="r26cTheBcgJDrP5PF9ZxDZxOtMk">
"<kisianni>"
	"kisianni" Conj @CONJ #1->7
"<Oqartussaniilli>"
	"oqar" TUQ SSAQ N Abl Pl @i-ADVL> #2->4
"<siusinnerusumi>"
	"siusinnerusoq" N Lok Sg @i-ADVL> #3->4
"<killilersuinerit>"
	"killik" LIRSUR HTR NIQ N Abs Pl @SUBJ> #4->7
"<nunatsinni>"
	"nuna" N Lok Sg 1PlPoss @i-ADVL> #5->6
"<suliffeqarfinnut>"
	"suli" VIK QAR VIK N Trm Pl @MIK-OBJ> #6->7
"<eqquipput>"
	"eqqor" HTR V Ind 3Pl @PRED #7->0
"<,>"
	"," CLB #8->8
"<taamaammat>"
	"taamaammat" Adv @ADVL> #9->18
"<Naalakkersuisut>"
	"Naalakkersuisut" Prop Abs Pl @SUBJ> #10->18
"<,>"
	"," CLB #11->11
"<Sulisitsisut>"
	"Sulisitsisut" Prop Abs Pl @SUBJ> #12->18
"<aamma>"
	"aamma" Conj @CONJ #13->18
"<sulisartuniit>"
	"suli" TAR TUQ N Abl Pl @i-ADVL> #14->15
"<sinniisut>"
	"sinner" HTR TUQ N Abs Pl @N< #15->12
"<nalunaaqutaq>"
	"nalunaaqutaq" N Abs Sg @>N #16->17
"<aqqanermut>"
	"aqqaneq" Num Trm Sg @ADVL> #17->18
"<ataatsimiipput>"
	"ataatsimiip" V Ind 3Pl @PRED #18->0
"<,>"
	"," CLB #19->19
"<aamma>"
	"aamma" Conj @CONJ #20->26
"<tassani>"
	"tass" Adv Lok @ADVL> #21->26
"<illuatungeriit>"
	"illuatungeq" GIIT N Rel Pl @SUBJ> #22->26
"<inuussutissarsiortunut>"
	"inuk" U UTE SSAQ SIUR TUQ N Trm Pl @i-ADVL> #23->25
"<ilungersuasunut>"
	"ilungersua" TUQ N Trm Pl @N< #24->23
"<ikiorsiissuteqarnissaq>"
	"ikiorser" HTR UTE QAR NIQ SSAQ N Abs Sg @OBJ> #25->26
"<oqallisigissavaat>"
	"oqallisige" SSA V Ind 3Pl 3SgO @PRED #26->0
"<.>"
	"." CLB #27->27
</s>

<s id="smUdFNrJ7RPpH7c2PH0do5pHG7A">
"<Inersimasunngornermimi>"
	"iner" SIMA TUQ NNGUR NIQ N Lok Sg MI @i-ADVL> #1->3
"<kalaallisut>"
	"kalaaleq" N Aeq Sg @i-ADVL> #2->3
"<oqallorissuunermut>"
	"oqallorip" TUQ U NIQ N Trm Sg @MIK-OBJ> #3->7
"<aamma>"
	"aamma" Conj @CONJ #4->7
"<allannermi>"
	"allap" NIQ N Lok Sg @i-ADVL> #5->6
"<kukkuneqannginnissamut>"
	"kukku" NIQ QAR NNGIT NIQ SSAQ N Trm Sg @i-ADVL> #6->7
"<tunngavissiilluassammata>"
	"tunngavik" SSIP HTR LLUAR SSA V Cau 3Pl @PRED #7->0
"<.>"
	"." CLB #8->8
</s>

<s id="vFYIvOVZC2i4DLPC1bnXaQYCY74">
"<Angerlarsimatilluta>"
	"angerlar" SIMA TIP V Cont 1Pl @ADVL> #1->7
"<meeqqatta>"
	"meeraq" N Rel Pl 1PlPoss @POSS> #2->3
"<soqutigisaat>"
	"soqut" GE TAQ N Abs Pl 3PlPoss @OBJ> #3->6
"<aamma>"
	"aamma" Conj @CONJ #4->5
"<sammerusutaallu>"
	"sammi" GUSUP TAQ N Abs Pl 3PlPoss @N< #5->3
"<peqatigalugit>"
	"peqat" GE V Cont 3PlO @ADVL> #6->7
"<aalluttarpavut>"
	"aallup" TAR V Ind 1Pl 3PlO @PRED #7->0
"<,>"
	"," CLB #8->8
"<soorlu>"
	"soorlu" Adv @FOC>N #9->10
"<:>"
	":" CLB DIRTALESTART #10->10

"<nintendomik>"
	"Nintendo" Prop Ins Sg @i-ADVL> #1->2
"<unammersuarnerit>"
	"unammersuar" NIQ N Abs Pl @HNOUN #2->0
	"unammi" SUAR NIQ N Abs Pl @HNOUN #2->0
"<,>"
	"," CLB #3->3
"<iffioqatigiinnerit>"
	"iffior" QATE GIIP NIQ N Abs Pl @HNOUN #4->0
"<aamma>"
	"aamma" Conj @CONJ #5->6
"<igaqatigiinnerillu>"
	"iga" QATE GIIP NIQ N Abs Pl @HNOUN #6->0
"<.>"
	"." CLB DIRTALEMIDDLE #7->7
</s>

<s id="zWZKYA09EIoXrvh4eXxWt3cw4Eo">
"<KNI-mi>"
	"KNI" Prop Lok Sg @i-ADVL> #1->3
"<quersuarmiittuutit>"
	"qui" SUAQ N Lok Sg @N< #2->1
"<ittuutit>"
	"IP" TUQ UTE N Rel Pl @POSS> #3->4
"<naatsorsorneri>"
	"naatsorsor" NIQ N Abs Pl 3PlPoss @SUBJ> #4->6
"<2008-mili>"
	"2008" N Lok Sg ADV-LI @ADVL> #5->6
"<kukkuneqartut>"
	"kukku" NIQ QAR V Par 3Pl @PRED #6->0
</s>

