<s id="0vyAlDnuAT0LUQSd2DxvUX2jwq0">
"<Taamaattoqassappat>"
	"taama" IP Der/nv Gram/IV TUQ Der/vn QAR Der/nv Gram/IV SSA Der/vv Gram/IV V Con 3Sg @CON>
"<,>"
	"," CLB
"<aningaasanut>"
	"aningaasaq" N Trm Pl @i-ADVL>
"<inatsisitigut>"
	"inatsit" N Via Pl @i-ADVL>
"<immikkoortinneqartartut>"
	"immikkoor" Gram/IV TIP Der/vv Gram/TV NIQAR Der/vv Gram/IV TAR Der/vv Gram/IV TUQ Der/vn N Abs Pl @SUBJ>
"<umiarsualivinnut>"
	"umiarsualivik" N Trm Pl @i-ADVL>
"<minnernut>"
	"miki" Gram/IV NIQ Der/vn N Trm Pl @N<
"<aningaasaleeqqinnernut>"
	"aningaasaq" LIR Der/nv Gram/TV HTR Der/vv Gram/IV QQIP Der/vv Gram/IV NIQ Der/vn N Trm Pl @N<
"<aamma>"
	"aamma" Conj @CONJ
"<iluarsartuussinernut>"
	"iluarsartuup" Gram/TV HTR Der/vv Gram/IV NIQ Der/vn N Trm Pl @ADVL>
"<atorneqarsinnaalissapput>"
	"ator" Gram/TV NIQAR Der/vv Gram/IV SINNAA Der/vv LIR Der/vv SSA Der/vv Gram/IV V Ind 3Pl @PRED
"<.>"
	"." CLB
</s>

<s id="1mISjMuYhtYpZQlrU9lxkCYquxQ">
"<Suliffik>"
	"suli" Gram/IV VIK Der/vn N Abs Sg @HNOUN
"<:>"
	":" CLB DIRTALESTART

"<Ukioq>"
	"ukioq" N Abs Sg @CL-ADVL>
"<manna>"
	"manna" Gram/Dem Pron Abs Sg @N<
"<juulip>"
	"juuli" N Rel Sg %PossOblique @POSS>
"<aallaqqaataanit>"
	"aallar" Gram/IV QQAAR Der/vv Gram/IV UTE Der/vn N Abl Sg 3SgPoss %PossOblique @ADVL>
"<Oqaasileriffimmi>"
	"Oqaasileriffik" Sem/inst Sem/Hum Prop Lok Sg @ADVL>
"<pisortanngorpunga>"
	"pisortaq" NNGUR Der/nv Gram/IV V Ind 1Sg @PRED
"<ukiut>"
	"ukioq" N Abs Pl @ADVL>
"<14-it>"
	"14" Num Abs Pl @N<
"<Oqaasileriffimmeereerlunga>"
	"Oqaasileriffik" Sem/inst Sem/Hum Prop Lok Sg Hyb/1-2 @ADVL>
"<ereerlunga>"
	"IP" Gram/IV RIIR Der/vv Gram/IV V Cont 1Sg Hyb/2-2 @<ADVL
"<,>"
	"," CLB
"<siullermik>"
	"siulleq" N Ins Sg @<ADVL
"<ilisimatusarnermi>"
	"ilisimatusar" Gram/IV NIQ Der/vn N Lok Sg @i-ADVL>
"<ikiortitut>"
	"ikior" Gram/TV TE Der/vn N Aeq Sg @<ADVL
"<(>"
	"(" PUNCT LEFT
"<2007-2009>"
	"2007-2009" Num Abs Sg @N<
"<)>"
	")" PUNCT RIGHT
"<,>"
	"," CLB
"<kingorna>"
	"kingorna" Adv @<ADVL
"<AC-fuldmægtigitut>"
	"AC-fuldmægtig" OLang/DAN N Aeq Sg @N<
"<(>"
	"(" PUNCT LEFT
"<2009-2017>"
	"2009-2017" Num Abs Sg @N<
"<)>"
	")" PUNCT RIGHT
"<,>"
	"," CLB
"<aamma>"
	"aamma" Conj @CONJ
"<specialkonsulent-itut>"
	"specialkonsulent" OLang/DAN N Aeq Sg @N<
"<(>"
	"(" PUNCT LEFT
"<2017-2021>"
	"2017-2021" Num Abs Sg @N<
"<)>"
	")" PUNCT RIGHT
"<.>"
	"." CLB DIRTALEMIDDLE
</s>

<s id="27WlzYp24mf2NAMkKWmmAMGBkhU">
"<Uggornaraluaqisoq>"
	"uggornar" Gram/IV GALUAR Der/vv Gram/IV QE Der/vv Gram/IV Sem/Temporal V Par 3Sg %AmbiguøsPar @PRED2
"<poorski>"
	"poorski" N Abs Sg @CL-ADVL>
"<tamaat>"
	"tamaq" N Gram/Cong Akk 3Sg @N<
"<oqaluffiit>"
	"oqalup" Gram/IV VIK Der/vn N Rel Pl @POSS>
"<matoqqanissaat>"
	"matu" Gram/IV QQA Der/vv Gram/IV NIQ Der/vn SSAQ Der/nn N Abs Sg 3PlPoss @OBJ>
"<aalajangiussimajuartariaqarparput>"
	"aalajanger" Gram/TV UTE Der/vv Gram/Db Gram/TV SIMA Der/vv TUAR Der/vv TARIAQAR Der/vv Gram/TV V Ind 1Pl 3SgO @PRED
"<,>"
	"," CLB
"<aamma>"
	"aamma" Conj @CONJ
"<taamaalilluta>"
	"taamaali" Gram/IV V Cont 1Pl @i-ADVL>
"<naalagiarnerit>"
	"naalagiarneq" N Abs Pl @OBJ>
"<ilagiinnut>"
	"ila" GIIT Der/nn N Trm Pl @ADVL>
"<aamma>"
	"aamma" Conj @CONJ
"<upperisarsioqatigiinnut>"
	"uppere" Gram/TV TAQ Der/vn SIUR Der/nv Gram/IV QATE Der/vn GIIT Der/nn N Trm Pl @i-ADVL>
"<allanut>"
	"alla" N Trm Pl @N<
"<pingaaruteqaqisut>"
	"pi" NGAAR Der/vv Gram/IV UTE Der/vn QAR Der/nv Gram/IV QE Der/vv Gram/IV TUQ Der/vn N Abs Pl %ContHypotagme @OBJ>
"<pinngitsoortariaqarlugit>"
	"pinngitsoor" Gram/TV TARIAQAR Der/vv Gram/TV V Cont 3PlO %ContHypotagme @PRED
"<,>"
	"," CLB
"<Ilageeqarnermut>"
	"ila" GIIT Der/nn QAR Der/nv Gram/IV NIQ Der/vn N Trm Sg @i-ADVL>
"<naalakkersuisoq>"
	"naalagaq" LIRSUR Der/nv Gram/TV HTR Der/vv Gram/IV TUQ Der/vn N Abs Sg @SUBJ>
"<,>"
	"," CLB
"<Ane>"
	"Ane" Sem/Fem Sem/Hum Prop Abs Sg @PROP>
"<Lone>"
	"Lone" Sem/Fem Sem/Hum Prop Abs Sg @PROP>
"<Bagger>"
	"Bagger" Sem/Hum Prop Abs Sg @<APPOS
"<oqarpoq>"
	"oqar" Gram/IV V Ind 3Sg @PRED
"<.>"
	"." CLB
</s>

<s id="2XeIgUxSuxA5QxBFcp4NrLJRmJo">
"<Taamaattumik>"
	"taamaattumik" Adv @CL-ADVL>
"<Naalakkersuisut>"
	"Naalakkersuisut" Sem/inst Sem/Hum Prop Abs Pl @SUBJ>
"<aalajangerput>"
	"aalajanger" Gram/IV V Ind 3Pl @PRED
"<imigassanik>"
	"imer" Gram/TV TAQ Der/vn SSAQ Der/nn N Ins Pl @i-MIK-OBJ>
"<aalakoornartortalinnik>"
	"aalakoor" Gram/IV NAR Der/vv Gram/IV TUQ Der/vn TAQ Der/nn LIK Der/nn N Ins Pl @N<
"<tuniniaasarnerit>"
	"tuni" Gram/TV NIAR Der/vv Gram/TV HTR Der/vv Gram/IV TAR Der/vv Gram/IV NIQ Der/vn N Abs Pl @SUBJ>
"<aamma>"
	"aamma" Conj @CONJ
"<sassaalliuteqartarnerillu>"
	"sassaalliut" QAR Der/nv Gram/IV TAR Der/vv Gram/IV NIQ Der/vn N Abs Pl @SUBJ>
"<marsip>"
	"marsi" N Rel Sg @POSS>
"<ulluisa>"
	"ulloq" N Rel Pl 3SgPoss %PossOblique @POSS>
"<28-anni>"
	"28" Num Lok Sg 3PlPoss %PossOblique @ADVL>
"<nalunaaqutaq>"
	"nalunaaqutaq" N Abs Sg @>N
"<unnukkut>"
	"unnuk" N Via Sg @>N
"<arfineq pingasunit>"
	"arfineq pingasut" Num Abl Pl @ADVL>
"<apriilip>"
	"apriili" N Rel Sg @POSS>
"<ulluisa>"
	"ulloq" N Rel Pl 3SgPoss @POSS>
"<15-iata>"
	"15" Num Rel Sg 3PlPoss %PossOblique @POSS>
"<tungaanut>"
	"tunge" N Trm Sg 3SgPoss %PossOblique @ADVL>
"<inerteqqutigineqarallassasut>"
	"inerteqqut" GE Der/nv Gram/TV NIQAR Der/vv Gram/IV GALLAR Der/vv SSA Der/vv Gram/IV V Par 3Pl %AmbiguøsPar @CL-<CIT
"<.>"
	"." CLB
</s>

<s id="4OOcufzOU44w6PlOSUhOptSXHBc">
"<kisianni>"
	"kisianni" Conj @CONJ
"<taassumap>"
	"una" Prefix/TA Gram/Dem Pron Rel Sg Orth/Alt @POSS>
"<nunatsinnut>"
	"nuna" N Trm Sg 1PlPoss @ADVL>
"<nunasisuujartorlunilu>"
	"nuna" SI Der/nv Gram/IV TUQ Der/vn U Der/nv Gram/IV GIARTUR Der/vv Gram/IV Gram/Adv-encl V Cont 4Sg ADV-LU @i-ADVL>
"<ajoqersuiartortitaasup>"
	"ajoqersor" Gram/TV HTR Der/vv Gram/IV GIARTUR Der/vv TIP Der/vv Gram/TV TAQ Der/vn U Der/nv Gram/IV TUQ Der/vn N Rel Sg @N<
"<ukiut>"
	"ukioq" N Abs Pl @ADVL>N
"<300-t>"
	"300" Num Abs Pl @N<
"<matuma>"
	"manna" Gram/Dem Pron Rel Sg @POSS>
"<siorna>"
	"siuneq" N Abs Sg 3SgPoss @i-ADVL>
"<tikinnera>"
	"tikip" Gram/IV NIQ Der/vn N Abs Sg 3SgPoss @SUBJ>
"<Kommuneqarfik Sermersuumi>"
	"Kommuneqarfik Sermersooq" Sem/Geo Prop Lok Sg @ADVL>
"<malunnartinneqassanngilaq>"
	"malunnar" Gram/IV TIP Der/vv Gram/TV NIQAR Der/vv Gram/IV SSA Der/vv NNGIT Der/vv Gram/IV V Ind 3Sg @PRED
"<.>"
	"." CLB
</s>

<s id="4sJFYAbvbsKjbJDDFLEyBjJxaF4">
"<Nuummiu>"
	"Nuuk" Sem/Geo iProp MIU Der/nn N Abs Sg @SUBJ>
"<taanna>"
	"una" Prefix/TA Gram/Dem Pron Abs Sg @N<
"<folketingimut>"
	"folketing" OLang/DAN N Trm Sg @ADVL>
"<aamma>"
	"aamma" Conj @CONJ
"<inatsisartunut>"
	"inap" Gram/TV HTR Der/vv Gram/IV TAR Der/vv Gram/IV TUQ Der/vn N Trm Pl @i-ADVL>
"<ilaasortaasimasoq>"
	"ilaa" Gram/IV TUQ Der/vn TAQ Der/nn U Der/nv Gram/IV SIMA Der/vv TUQ Der/vn N Abs Sg @SUBJ>
"<ullumikkut>"
	"ullumikkut" Adv @ADVL>
"<nammineq>"
	"nammineq" Gram/Coref Pron Abs 4Sg @SUBJ>
"<suliffiuteqarluni>"
	"suli" Gram/IV VIK Der/vn UTE Der/nn QAR Der/nv Gram/IV V Cont 4Sg @ADVL>
"<aamma>"
	"aamma" Conj @CONJ
"<nutserisuulluni>"
	"nutser" Gram/TV HTR Der/vv Gram/IV TUQ Der/vn U Der/nv Gram/IV V Cont 4Sg @i-ADVL>
"<ataatsimeersuarnissanik>"
	"ataatsimeersuar" Gram/IV NIQ Der/vn SSAQ Der/nn N Ins Pl @MIK-OBJ>
"<aaqqissuussisarpoq>"
	"aaqqissuup" Gram/TV HTR Der/vv Gram/IV TAR Der/vv Gram/IV V Ind 3Sg @PRED
"<.>"
	"." CLB
</s>

<s id="4yEzxdsQldGSVXhPoKD5D4LA75g">
"<Sunngiffimmi>"
	"sunngiffik" N Lok Sg @i-ADVL>
"<soqutigisat>"
	"soqut" GE Der/nv Gram/TV TAQ Der/vn N Abs Pl @HNOUN
"<:>"
	":" CLB DIRTALESTART

"<Sisorarneq>"
	"sisorar" Gram/IV NIQ Der/vn N Abs Sg @HNOUN
"<,>"
	"," CLB
"<qalipaaneq>"
	"qalipap" Gram/TV HTR Der/vv Gram/IV NIQ Der/vn N Abs Sg @HNOUN
"<aamma>"
	"aamma" Conj @CONJ
"<atuarneq>"
	"atuar" Gram/HV Gram/IV NIQ Der/vn N Abs Sg @HNOUN
"<.>"
	"." CLB DIRTALEMIDDLE
</s>

<s id="5FruHyLx8VSkZxvgaB6bwDAAlQw">
"<Alapernaarsuutissat>"
	"alapernaarsuut" SSAQ Der/nn N Abs Pl @SUBJ>
"<aamma>"
	"aamma" Conj @CONJ
"<annanniutissallu>"
	"annap" Gram/IV NIUTE Der/vn SSAQ Der/nn N Abs Pl @SUBJ>
"<49>"
	"49" Num Abs Pl @>N
"<fodsiusut>"
	"fod" OLang/DAN Sem/Unit Orth/Alt iN iAbs iPl U Der/nv Gram/IV TUQ Der/vn N Abs Pl @N<
"<sisamat>"
	"sisamat" Num Abs Pl @N<
"<angallataatigineqalerput>"
	"angala" Gram/IV UTE Der/vn UTE Der/nn GE Der/nv Gram/TV NIQAR Der/vv Gram/IV LIR Der/vv Gram/IV V Ind 3Pl @PRED
"<.>"
	"." CLB
</s>

<s id="68W2UOele92OaxDiPA3MxT8xa9c">
"<IA>"
	"IA" Sem/Hum Prop Abs Sg @OBJ>
"<marlunngorpat>"
	"marluk" NNGUR Der/nv Gram/IV V Con 3Sg @CON>
	"marluk" Orth/Alt NNGUR Der/nv Gram/IV V Con 3Sg @CON>
"<qinersisussat>"
	"qiner" Sem/CognitiveMaking Gram/TV HTR Der/vv Gram/IV TUQ Der/vn SSAQ Der/nn N Rel Pl @POSS>
"<36>"
	"36" Num Abs Sg @>N
"<procentiisa>"
	"procent" OLang/DAN N Rel Pl 3PlPoss @SUBJ>
"<taaguutissagaat>"
	"taagor" Gram/TV UTE Der/vv Gram/TV SSA Der/vv Gram/TV V Par 3Pl 3SgO @CL-CIT>
"<,>"
	"," CLB
"<apersuinerup>"
	"apersor" Gram/TV HTR Der/vv Gram/IV NIQ Der/vn N Rel Sg @SUBJ>
"<takutippaa>"
	"taku" Gram/HV TIP Der/vv Gram/TV V Ind 3Sg 3SgO @PRED
"<,>"
	"," CLB
"<aamma>"
	"aamma" Conj @CONJ
"<taamaalippat>"
	"taamaali" Gram/IV V Con 3Sg @CON>
"<IA>"
	"IA" Sem/Hum Prop Abs Sg @SUBJ>
"<Inatsisartuni>"
	"Inatsisartut" Sem/Hum Prop Lok Pl @i-ADVL>
"<sisamanik>"
	"sisamat" Num Ins Pl @i-ADVL>
"<amerlanerusunik>"
	"amerla" Gram/IV NIRU Der/vv Gram/IV TUQ Der/vn N Ins Pl @i->N
"<ilaasortaqalissaaq>"
	"ilaa" Gram/IV TUQ Der/vn TAQ Der/nn QAR Der/nv Gram/IV LIR Der/vv Gram/IV SSA Der/vv Gram/IV V Ind 3Sg @PRED
"<,>"
	"," CLB
"<aqqaneq marlunnik>"
	"aqqaneq marluk" Num Ins Pl @i->N
"<ilaasortaqalerluni>"
	"ilaa" Gram/IV TUQ Der/vn TAQ Der/nn QAR Der/nv Gram/IV LIR Der/vv Gram/IV V Cont 4Sg @<ADVL
"<aamma>"
	"aamma" Conj @CONJ
"<nunatsinni>"
	"nuna" N Lok Sg 1PlPoss @ADVL>
"<partiini>"
	"parti" OLang/DAN N Lok Pl @ADVL>
"<annerpaalissalluni>"
	"annerpaa" Gram/IV LIR Der/vv Gram/IV SSA Der/vv Gram/IV V Cont 4Sg @<ADVL
"<.>"
	"." CLB
</s>

<s id="ABYSSPHRiPxrMc7ZrcV6VMdTkmQ">
"<Ukiumut>"
	"ukioq" N Trm Sg @ADVL>
"<qaangiutilersumut>"
	"qaangiup" Gram/IV LIR Der/vv Gram/IV TUQ Der/vn N Trm Sg @N<
"<qujangaarpugut>"
	"quja" Gram/IV NGAAR Der/vv Gram/IV V Ind 1Pl @PRED
"<,>"
	"," CLB
"<aamma>"
	"aamma" Conj @CONJ
"<ukioq>"
	"ukioq" N Abs Sg @SUBJ>
"<nutaaq>"
	"nutaaq" N Abs Sg @N<
"<tamassinnut>"
	"tamaq" N Gram/Cong Trm 2PlPoss @ADVL>
"<atoruminartuussasoq>"
	"ator" Gram/TV GUMINAR Der/vv Gram/IV TUUR Der/vv SSA Der/vv Gram/IV V Par 3Sg %AmbiguøsPar @CL-CIT>
"<kissaatingaarpassi>"
	"kissaap" Gram/TV NGAAR Der/vv Gram/TV V Ind 1Sg 2PlO @PRED
"<.>"
	"." CLB
</s>

<s id="C99ZOsFC8Qnv1YPBVhCsjhkcWu4">
"<Suliffeqanngitsutut>"
	"suli" Gram/IV VIK Der/vn QAR Der/nv Gram/IV NNGIT Der/vv Gram/IV TUQ Der/vn N Aeq Pl @i-ADVL>
"<nalunaarutiginnittut>"
	"nalunaar" Gram/IV UTE Der/vn GE Der/nv Gram/TV HTR Der/vv Gram/IV TUQ Der/vn N Abs Pl @SUBJ>
"<sapaatip-akunnerisa>"
	"sapaatip-akunneq" N Rel Pl 3PlPoss @POSS>
"<kingulliit>"
	"kingulleq" N Rel Pl @N<
"<marluk>"
	"marluk" Num Rel Pl %PossOblique @N<
"<ingerlaneranni>"
	"ingerla" Gram/IV NIQ Der/vn N Lok Sg 3PlPoss %PossOblique @ADVL>
"<10>"
	"10" Num Abs Pl @>N
"<millioniupput>"
	"million" U Der/nv Gram/IV V Ind 3Pl @PRED
"<,>"
	"," CLB
"<6,6>"
	"6,6" Num Abs Sg @SUBJ>
"<aamma>"
	"aamma" Conj @CONJ
"<millioninik>"
	"million" Num Ins Pl @ADVL>
"<taakku>"
	"una" Prefix/TA Gram/Dem Pron Abs Pl @SUBJ>
"<maanna>"
	"maanna" Adv @ADVL>
"<amerlillutik>"
	"amerli" Gram/IV V Cont 4Pl @PRED
"<.>"
	"." CLB
</s>

<s id="FJK5tyzZ6zgNm4lMAzyrbTpf4xw">
"<->"
	"-" PUNCT DIRTALESTART
"<Qaammat>"
	"qaammat" N Abs Sg @ADVL>
"<ataaseq>"
	"ataaseq" Num Abs Sg @N<
"<aamma>"
	"aamma" Conj @CONJ
"<affaq>"
	"affaq" N Abs Sg @N<
"<nassaanngiivissimagutta>"
	"nassaar" Gram/HV NNGIT Der/vv VIP Der/vv SIMA Der/vv V Con 1Pl @CON>
"<aatsaat>"
	"aatsaat" Adv @ADVL>
"<ammaqqissinnaavugut>"
	"ammar" Gram/IV QQIP Der/vv Gram/IV SINNAA Der/vv Gram/IV V Ind 1Pl @PRED
"<.>"
	"." CLB DIRTALEMIDDLE DIRTALEMIDDLE
</s>

<s id="FzOLif7BJHJbBgFCHgGTXP8uCq4">
"<6>"
	"6" Num Abs Sg @HNOUN
"<.>"
	"." CLB

"<Aqqit>"
	"ateq" N Abs Pl @SUBJ>
"<Oqaasileriffiup>"
	"Oqaasileriffik" Sem/inst Sem/Hum Prop Rel Sg %PossOblique @i-POSS>
"<nalunaarsugaaniinngitsut>"
	"nalunaarsor" Gram/TV TAQ Der/vn N Lok Sg 3SgPoss Hyb/1-2 %PossOblique @i-ADVL>
"<inngitsut>"
	"IP" Gram/IV NNGIT Der/vv Gram/IV TUQ Der/vn N Abs Pl Hyb/2-2 @N<
"<,>"
	"," CLB
"<aamma>"
	"aamma" Conj @CONJ
"<taama>"
	"taama" Adv @i-ADVL>
"<akuerisaanngitsut>"
	"akuere" Gram/TV TAQ Der/vn U Der/nv Gram/IV NNGIT Der/vv Gram/IV TUQ Der/vn N Abs Pl @SUBJ>
"<,>"
	"," CLB
"<akuersissummik>"
	"akuere" Gram/TV HTR Der/vv Gram/IV UTE Der/vn N Ins Sg @ADVL>
"<peqqaarluni>"
	"pi" Gram/TV QQAAR Der/vv Gram/TV V Cont 4SgO @i-ADVL>
"<atsiunneqarsinnaapput>"
	"atser" Sem/CognitiveMaking Gram/TV UTE Der/vv Gram/Db Gram/TV NIQAR Der/vv Gram/IV SINNAA Der/vv V Ind 3Pl @PRED
"<.>"
	"." CLB
</s>

<s id="H2QNOqNJckGoxLzTY00xhXL7uV0">
"<Peqqinngikkuit>"
	"peqqip" Gram/IV NNGIT Der/vv Gram/IV V Con 2Sg @CON>
"<,>"
	"," CLB
"<napparsimaguit>"
	"napparsima" Gram/IV V Con 2Sg @CON>
"<imaluunniit>"
	"imaluunniit" Conj @CONJ
"<nuakkuit>"
	"nuap" Gram/IV V Con 2Sg @CON>
"<kaffisoriarnak>"
	"kaffi" TUR Der/nv Gram/IV RIAR Der/vv Gram/IV V ContNeg 2Sg @ADVL>
	"kaffi" TUR Der/nv Gram/IV RIAR Der/vv Gram/IV V Imp 2Sg Gram/ImpNeg @PRED
"<aamma>"
	"aamma" Conj @CONJ
"<ilaqutariillu>"
	"ilaqutaq" GIIT Der/nn N Rel Pl %PossOblique @POSS>
"<katerinneranniinnak>"
	"katerip" Gram/IV NIQ Der/vn N Lok Sg 3PlPoss Hyb/1-2 %PossOblique @ADVL>
"<innak>"
	"IP" Gram/IV V ContNeg 2Sg Hyb/2-2 @ADVL>
"<angerlarsimaannarit>"
	"angerlar" Gram/IV SIMA Der/vv INNAR Der/vv Gram/IV V Imp 2Sg Gram/ImpPos @PRED
"<.>"
	"." CLB
</s>

<s id="K0xXn0eddfx90zGmPo4keYdlPag">
"<Niuertorpassuit>"
	"niuer" Gram/IV TUQ Der/vn PAK Der/nn SUAQ Der/nn N Abs Pl @SUBJ>
"<nunanit>"
	"nuna" N Abl Pl @i-ADVL>
"<takornartaneersut>"
	"takornartaq" N Abl Pl Hyb/1-2 @N<
"<IR>"
	"IR" Gram/IV TUQ Der/vn N Abs Pl Hyb/2-2 @N<
"<niuffatileruttorsimapput>"
	"niuffap" Gram/IV LIR Der/vv Gram/IV RUTTUR Der/vv Gram/IV SIMA Der/vv V Ind 3Pl @PRED
"<aamma>"
	"aamma" Conj @CONJ
"<illoqannginnersaq>"
	"illu" QAR Der/nv Gram/IV NNGIT Der/vv Gram/IV NIRSAQ Der/vn N Abs Sg @SUBJ>
"<niuerfiusartoq>"
	"niuer" Gram/IV VIK Der/vn U Der/nv Gram/IV TAR Der/vv Gram/IV TUQ Der/vn N Abs Sg @N<
"<nioqqutissanik>"
	"nioqqut" SSAQ Der/nn N Ins Pl @ADVL>
"<tamalaarpassuarnik>"
	"tamalaaq" PAK Der/nn SUAQ Der/nn N Ins Pl @N<
"<ulikkaavissimavoq>"
	"ulikkaar" Gram/IV VIP Der/vv Gram/IV SIMA Der/vv V Ind 3Sg @PRED
"<.>"
	"." CLB
</s>

<s id="KW2tLv0neCtOT4YVbaJPzzJRhew">
"<Ammasumik>"
	"amma" Gram/IV TUQ Der/vn N Ins Sg @i-ADVL>
"<allagaq>"
	"allap" Gram/TV TAQ Der/vn N Abs Sg @SUBJ>
"<Inuit Ataqatigiit>"
	"Inuit Ataqatigiit" Prop Rel Pl %PossOblique @POSS>
"<siulittaasuannit>"
	"siulittar" Gram/TV HTR Der/vv Gram/IV TUQ Der/vn N Abl Sg 3PlPoss %PossOblique @AGENS
"<Múte>"
	"Múte" Sem/Mask Sem/Hum Prop Abs Sg @PROP>
"<Borup>"
	"Borup" Sem/Hum Prop Abs Sg @PROP>
"<Egedemit>"
	"Egede" Sem/Hum Prop Abl Sg @<APPOS
"<,>"
	"," CLB
"<Partii Naleqqap>"
	"Partii Naleraq" Sem/Hum Prop Rel Sg %PossOblique @POSS>
"<siulittaasuanit>"
	"siulittar" Gram/TV HTR Der/vv Gram/IV TUQ Der/vn N Abl Sg 3SgPoss %PossOblique @AGENS
"<Hans>"
	"Hans" Sem/Mask Sem/Hum Prop Abs Sg @PROP>
"<Enoksenimit>"
	"Enoksen" Sem/Hum Prop Abl Sg @<APPOS
"<,>"
	"," CLB
"<Atassutip>"
	"Atassut" Sem/Hum Prop Rel Sg %PossOblique @POSS>
"<siulittaasuanit>"
	"siulittar" Gram/TV HTR Der/vv Gram/IV TUQ Der/vn N Abl Sg 3SgPoss %PossOblique @AGENS
"<Aqqalu>"
	"Aqqa" Dial/Vgr Sem/Mask Sem/Hum Gram/Conj-encl Prop Abs Sg CONJ-LU @PROP>
	"Aqqalu" Dial/Vgr Sem/Mask Sem/Hum Prop Abs Sg @PROP>
"<Jerimiassenimit>"
	"Jerimiassen" Sem/Hum Prop Abl Sg @<APPOS
"<,>"
	"," CLB
"<aamma>"
	"aamma" Conj @CONJ
"<Suleqatigiissitsisullu>"
	"Suleqatigiissitsisut" Sem/Hum Prop Rel Pl %PossOblique @POSS>
"<siulittaasuannit>"
	"siulittar" Gram/TV HTR Der/vv Gram/IV TUQ Der/vn N Abl Sg 3PlPoss %PossOblique @AGENS
"<Tillie>"
	"Tillie" Sem/Fem Sem/Hum Prop Abs Sg @PROP>
"<Martinussenimit>"
	"Martinussen" Sem/Hum Prop Abl Sg @<APPOS
"<atsiorneqarpoq>"
	"atsior" Gram/TV NIQAR Der/vv Gram/IV V Ind 3Sg @PRED
"<.>"
	"." CLB
</s>

<s id="Oa9YZjGPDBL0p2pjUJJcS5gzp70">
"<Suleriaasissatut>"
	"suli" Gram/IV RIAR Der/vv Gram/IV USIQ Der/vn SSAQ Der/nn N Aeq Sg @i-ADVL>
"<pilersaarummi>"
	"pilersaar" Gram/HV UTE Der/vn N Lok Sg @ADVL>
"<atuarneqarsinnaavoq>"
	"atuar" Gram/TV NIQAR Der/vv Gram/IV SINNAA Der/vv V Ind 3Sg @PRED
"<siunnersuutaasoq>"
	"siunnersor" Gram/TV UTE Der/vn U Der/nv Gram/IV V Par 3Sg %AmbiguøsPar @CL-<CIT
"<ingerlatseqatigiiffik>"
	"ingerlap" HTR Der/vv Gram/IV QATE Der/vn GIIP Der/nv Gram/Reci Gram/IV VIK Der/vn N Abs Sg @SUBJ>
"<Nuuk Atlantic Airport A/S>"
	"Nuuk Atlantic Airport A/S" Sem/Hum Prop Abs Sg @<APPOS
"<Namminersornerullutik Oqartussanit>"
	"Namminersornerullutik Oqartussat" Sem/Hum Prop Abl Pl @AGENS
"<,>"
	"," CLB
"<Nuup Kommunianit>"
	"Nuup Kommunia" Sem/Hum Prop Abl Sg 3SgPoss @i-ADVL>
"<aamma>"
	"aamma" Conj @CONJ
"<inunniit>"
	"inuk" N Abl Pl @AGENS
"<ataasiakkaanit>"
	"ataasiakkaaq" N Abl Pl @N<
"<piginneqataaffigineqarsinnaassasoq>"
	"piginneqataa" Gram/IV VIK Der/vn GE Der/nv Gram/TV NIQAR Der/vv Gram/IV SINNAA Der/vv SSA Der/vv Gram/IV V Par 3Sg %AmbiguøsPar @CL-<CIT
"<,>"
	"," CLB
"<Agnethe>"
	"Agnethe" Sem/Fem Sem/Hum Prop Abs Sg @PROP>
"<Davidsen>"
	"Davidsen" Sem/Hum Prop Abs Sg @SUBJ>
"<oqarpoq>"
	"oqar" Gram/IV V Ind 3Sg @PRED
"<.>"
	"." CLB
</s>

<s id="OsWMNcHAgr3XrWc9U15A8Vwa9bE">
"<Neriuppunga>"
	"neriup" Gram/IV V Ind 1Sg @PRED
"<ukiumut>"
	"ukioq" N Trm Sg @ADVL>
"<nutaamut>"
	"nutaaq" N Trm Sg @N<
"<iserluarsimassasusi>"
	"iser" Gram/IV LLUAR Der/vv Gram/IV SIMA Der/vv SSA Der/vv Gram/IV V Par 2Pl %AmbiguøsPar @CL-<CIT
"<,>"
	"," CLB
"<aamma>"
	"aamma" Conj @CONJ
"<qujanaq>"
	"quja" Gram/IV NAR Der/vv V Ind Gram/Exclm @PRED
"<ukiumut>"
	"ukioq" N Trm Sg @<ADVL
"<qaangiuttumut>"
	"qaangiup" Gram/IV TUQ Der/vn N Trm Sg @<ADVL
"<.>"
	"." CLB
</s>

<s id="TgXRQlSTc9VGHma2ibfWV6mrKQE">
"<Taamani>"
	"taamani" Adv @CL-ADVL>
"<aamma>"
	"aamma" Conj @CONJ
"<annilaangaqalunilu>"
	"annilaar" Gram/IV NGA Der/vv Gram/IV QE Der/vv Gram/IV V Cont 4Sg @ADVL>
"<naameerusukkaluarluni>"
	"naameer" Gram/IV GUSUP Der/vv Gram/IV GALUAR Der/vv Gram/IV V Cont 4Sg @ADVL>
"<akiuussinnaasimanani>"
	"akiuup" Gram/IV SINNAA Der/vv Gram/IV SIMA Der/vv V ContNeg 4Sg @CL-CIT>
"<,>"
	"," CLB
"<Naja>"
	"Naja" Sem/Fem Sem/Hum Prop Abs Sg @PROP>
"<Lyberth>"
	"Lyberth" Sem/Hum Prop Abs Sg @SUBJ>
"<oqarpoq>"
	"oqar" Gram/IV V Ind 3Sg @PRED
"<.>"
	"." CLB
</s>

<s id="YmLWzWAUpLaA7CEsCErDbxHOHoE">
"<7>"
	"7" Num Abs Sg @HNOUN
"<.>"
	"." CLB

"<Atertut>"
	"ateq" N Aeq Pl @ADVL>
"<akuerineqarsinnaanngillat>"
	"akuere" Gram/TV NIQAR Der/vv Gram/IV SINNAA Der/vv NNGIT Der/vv Gram/IV V Ind 3Pl @PRED
"<:>"
	":" CLB DIRTALESTART

"<Aqqit>"
	"ateq" N Abs Pl @HNOUN
"</>"
	"/" Gram/Conj-encl Conj @CONJ
"<uiguutit>"
	"uiguut" N Abs Pl @HNOUN
"<ittoorutaasinnaasut>"
	"ittoor" Gram/IV UTE Der/vn U Der/nv Gram/IV SINNAA Der/vv Gram/IV TUQ Der/vn N Abs Pl @N<
"<imaluunniit>"
	"imaluunniit" Conj @CONJ
"<kanngusutsitsisinnaasulluunniit>"
	"kanngusup" Gram/IV TIP Der/vv Gram/TV HTR Der/vv Gram/IV SINNAA Der/vv TUQ Der/vn N Abs Pl @N<
"<.>"
	"." CLB DIRTALEMIDDLE
</s>

<s id="d75qFld8nviMeRGfD7tCgQcrnr0">
"<Tamatuma>"
	"manna" Prefix/TA Gram/Dem Pron Rel Sg %PossOblique @POSS>
"<saniatigut>"
	"sani" N Via Sg 3SgPoss %PossOblique @ADVL>
"<pingaartittarpara>"
	"pi" NGAAR Der/vv Gram/IV TIP Der/vv Gram/TV TAR Der/vv Gram/TV V Ind 1Sg 3SgO @PRED
"<ullormut>"
	"ulloq" N Trm Sg @i-ADVL>
"<angusaqartutut>"
	"angu" Gram/TV TAQ Der/vn QAR Der/nv Gram/IV TUQ Der/vn N Aeq Sg @ADVL>
"<misigisimallunga>"
	"misige" Gram/TV SIMA Der/vv Gram/Refl V Cont 1Sg @CL-<CIT
"<aamma>"
	"aamma" Conj @CONJ
"<naammagisimaarlunga>"
	"naammage" Gram/TV SIMAAR Der/vv Gram/Refl V Cont 1Sg @ADVL>
"<innassallunga>"
	"innar" Gram/IV SSA Der/vv Gram/IV V Cont 1Sg @CL-<CIT
"<.>"
	"." CLB
</s>

<s id="hFVcG8WtVYNgtgAIZdF7sc5o5eM">
"<Kalaallit>"
	"kalaaleq" N Rel Pl @POSS>
"<oqaasii>"
	"oqaaseq" N Abs Pl 3PlPoss @SUBJ>
"<uannut>"
	"uanga" Gram/Pers Pron Trm 1Sg @ADVL>
"<pingaaruteqarput>"
	"pi" NGAAR Der/vv Gram/IV UTE Der/vn QAR Der/nv Gram/IV V Ind 3Pl @PRED
"<taakkumi>"
	"una" Prefix/TA Gram/Dem Pron Abs Pl MI %ContHypotagme @OBJ>
"<atorlugit>"
	"ator" Gram/TV V Cont 3PlO %ContHypotagme @i-ADVL>
"<angajoqqaakka>"
	"angajoqqaaq" N Abs Pl 1SgPoss @OBJ>
"<aamma>"
	"aamma" Conj @CONJ
"<ilaqutakka>"
	"ilaqutaq" N Abs Pl 1SgPoss @OBJ>
"<attaveqarfigisarakkit>"
	"attavik" QAR Der/nv Gram/IV VIK Der/vn GE Der/nv Gram/TV TAR Der/vv Gram/TV V Cau 1Sg 3PlO @<CAU
"<.>"
	"." CLB
</s>

<s id="ixXtrpREWvBsiGrho3dPAvMT0HU">
"<Maanna>"
	"maanna" Adv @CL-ADVL>
"<nutserusiornermi>"
	"nutser" Gram/TV UTE Der/vn LIUR Der/nv Gram/IV NIQ Der/vn N Lok Sg @i-ADVL>
"<unamminartut>"
	"unammi" Gram/TV NAR Der/vv Gram/IV TUQ Der/vn N Abs Pl @OBJ>
"<tamakku>"
	"manna" Prefix/TA Gram/Dem Pron Abs Pl @N<
"<ilisimallualerpagut>"
	"ilisima" Gram/TV LLUAR Der/vv Gram/TV LIR Der/vv Gram/TV V Ind 1Pl 3PlO @PRED
"<aamma>"
	"aamma" Conj @CONJ
"<ineriartorteqqinnissaanullu>"
	"iner" Gram/IV GIARTUR Der/vv Gram/IV TIP Der/vv Gram/TV QQIP Der/vv Gram/TV Gram/Pass NIQ Der/vn SSAQ Der/nn N Trm Sg 3SgPoss @ADVL>
"<misilittagaqarlualerluta>"
	"misilip" Gram/TV TAR Der/vv Gram/TV TAQ Der/vn QAR Der/nv Gram/IV LLUAR Der/vv Gram/IV LIR Der/vv Gram/IV V Cont 1Pl @<ADVL
"<aamma>"
	"aamma" Conj @CONJ
"<pitsanngorsarnissaanut>"
	"pitsak" NNGUR Der/nv Gram/IV SAR Der/vv Gram/TV Gram/Pass NIQ Der/vn SSAQ Der/nn N Trm Sg 3SgPoss @ADVL>
"<tunaartassaqarluarluta>"
	"tunaartaq" SSAQ Der/nn QAR Der/nv Gram/IV LLUAR Der/vv Gram/IV V Cont 1Pl @CL-<CIT
"<.>"
	"." CLB
</s>

<s id="jRecmMD1JUUeoQa01RVUl21ZNQ0">
"<Tassa>"
	"tassa" Adv @CL-ADVL>
"<qanoq>"
	"qanoq" Adv @ADVL>
"<imaqartissanerlugu>"
	"ima" QAR Der/nv Gram/IV TIP Der/vv Gram/TV SSA Der/vv NIR Der/vv Gram/TV V Cont 3SgO @CL-CIT>
"<aamma>"
	"aamma" Conj @CONJ
"<qanoq>"
	"qanoq" Adv @ADVL>
"<qalipaasersussanerlugu>"
	"qalipap" Gram/TV UTE Der/vn LIRSUR Der/nv Gram/TV SSA Der/vv Gram/TV NIR Der/vv Gram/TV V Cont 3SgO @CL-CIT>
"<nammineerluta>"
	"nammineer" Gram/IV V Cont 1Pl @ADVL>
"<aalajangigassaraarput>"
	"aalajanger" Gram/TV TAQ Der/vn SSAQ Der/nn GE Der/nv Gram/TV V Ind 1Pl 3SgO @PRED
"<.>"
	"." CLB
</s>

<s id="k77Q2MbPhCJxhwEdv6GaBOw4gkk">
"<Taamatuttaaq>"
	"taama" Aeq Adv TTAAQ @ADVL>
"<nioqqutissat>"
	"nioqqut" SSAQ Der/nn N Abs Pl @SUBJ>
"<nillataartitsivimmiittut>"
	"nillataartitsivik" N Lok Sg Hyb/1-2 @i-ADVL>
"<ittut>"
	"IP" Gram/IV TUQ Der/vn N Abs Pl Hyb/2-2 @N<
"<qerititsivimmiittullu>"
	"qerititsivik" N Lok Sg Hyb/1-2 @N<
"<aamma>"
	"aamma" Conj @CONJ
"<ittullu>"
	"IP" Gram/IV TUQ Der/vn N Abs Pl Hyb/2-2 @SUBJ>
"<taarserneqartarput>"
	"taarser" Gram/TV NIQAR Der/vv Gram/IV TAR Der/vv Gram/IV V Ind 3Pl @PRED
"<,>"
	"," CLB
"<sarfaarunneranut>"
	"sarfaarup" Gram/IV NIQ Der/vn N Trm Sg 3SgPoss @ADVL>
"<atatillugu>"
	"ata" Gram/IV TIP Der/vv Gram/TV V Cont 3SgO @ADVL>
"<atorsinnaajunnaarsimappata>"
	"ator" Gram/IV SINNAA Der/vv Gram/IV GUNNAIR Der/vv Gram/IV SIMA Der/vv V Con 3Pl @<CON
"<.>"
	"." CLB
</s>

<s id="nmmzBlogeZu9eInTTexIOOUmwxU">
"<->"
	"-" PUNCT DIRTALESTART
"<Meeqqat>"
	"meeraq" N Rel Pl @POSS>
"<atugai>"
	"ator" Gram/TV TAQ Der/vn N Abs Pl 3PlPoss Err/Sub %ContHypotagme @OBJ>
"<pillugit>"
	"pi" Gram/TV V Cont 3PlO %ContHypotagme @ADVL>
"<qasusuilluni>"
	"qasusuip" Gram/IV V Cont 4Sg @ADVL>
"<sulisimavoq>"
	"suli" Gram/IV SIMA Der/vv V Ind 3Sg @PRED
"<aamma>"
	"aamma" Conj @CONJ
"<periarfissaqaraangami>"
	"periar" Gram/IV VIK Der/vn SSAQ Der/nn QAR Der/nv Gram/IV V IteCau 4Sg @CL-<ADVL
"<meeqqat>"
	"meeraq" N Rel Pl @POSS>
"<pisinnaatitaaffii>"
	"pi" Gram/IV SINNAA Der/vv Gram/IV TIP Der/vv Gram/TV TAQ Der/vn U Der/nv Gram/IV VIK Der/vn N Abs Pl 3PlPoss %ContHypotagme @OBJ>
"<pillugit>"
	"pi" Gram/TV V Cont 3PlO %ContHypotagme @i-ADVL>
"<oqaluttuarnissamut>"
	"oqalup" Gram/IV TUAR Der/vv Gram/IV NIQ Der/vn SSAQ Der/nn N Trm Sg @i-ADVL>
"<tunuarsimaarneq>"
	"tunuar" Gram/IV SIMAAR Der/vv Gram/IV NIQ Der/vn N Abs Sg Gram/Comp @>V
"<ajorluni>"
	"ajor" Gram/IV V Cont 4Sg @<ADVL
"<.>"
	"." CLB DIRTALEMIDDLE DIRTALEMIDDLE
</s>

<s id="noxiL3VvvEoJ1MdFrMbhvaMkATY">
"<Niuernermik>"
	"niuer" Gram/IV NIQ Der/vn N Ins Sg @i-MIK-OBJ>
"<ingerlatseriaasissaq>"
	"ingerlap" HTR Der/vv Gram/IV RIAR Der/vv Gram/IV USIQ Der/vn SSAQ Der/nn N Abs Sg @OBJ>
"<aamma>"
	"aamma" Conj @CONJ
"<timmisartullu>"
	"timmi" Gram/IV TAR Der/vv Gram/IV TUQ Der/vn N Rel Pl @POSS>
"<qanoq>"
	"qanoq" Adv @i-ADVL>
"<ittuunissaat>"
	"ip" Gram/IV TUQ Der/vn U Der/nv Gram/IV NIQ Der/vn SSAQ Der/nn N Abs Sg 3PlPoss @OBJ>
"<Aluu Airlinesimik>"
	"Aluu Airlines" Sem/Hum Prop Ins Sg @i-MIK-OBJ>
"<pilersitsisut>"
	"pi" Gram/IV LIR Der/vv Gram/IV TIP Der/vv Gram/TV HTR Der/vv Gram/IV TUQ Der/vn N Rel Pl @SUBJ>
"<suli>"
	"suli" Adv @ADVL>
"<isertuulluinnarpaat>"
	"isertor" UTE Der/vv Gram/TV LLUINNAR Der/vv Gram/TV V Ind 3Pl 3SgO @PRED
"<.>"
	"." CLB
</s>

<s id="pCUlDVsOrUvxcA8C11LvCumaxto">
"<Naalakkersuisunut>"
	"Naalakkersuisut" Sem/inst Sem/Hum Prop Trm Pl @ADVL>
"<aamma>"
	"aamma" Conj @CONJ
"<IA-mut>"
	"IA" Sem/Hum Prop Trm Sg Err/Sub @i-ADVL>
"<siulittaasuusimasoq>"
	"siulittar" Gram/TV HTR Der/vv Gram/IV TUQ Der/vn U Der/nv Gram/IV SIMA Der/vv TUQ Der/vn N Abs Sg @SUBJ>
"<Kuupik>"
	"Kuupik" Dial/Vgr Sem/Mask Sem/Hum Prop Abs Sg @PROP>
"<V.>"
	"V" N Gram/Abbr @PROP>
"<Kleist>"
	"Kleist" Sem/Hum Prop Abs Sg @<APPOS
"<aamma>"
	"aamma" Adv @ADVL>
"<taama>"
	"taama" Adv @ADVL>
"<isumaqarpoq>"
	"isuma" QAR Der/nv Gram/IV V Ind 3Sg @PRED
"<.>"
	"." CLB
</s>

<s id="r26cTheBcgJDrP5PF9ZxDZxOtMk">
"<kisianni>"
	"kisianni" Conj @CONJ
"<Oqartussaniilli>"
	"oqar" Gram/IV TUQ Der/vn SSAQ Der/nn Gram/2sml N Abl Pl @i-ADVL>
"<siusinnerusumi>"
	"siusinnerusoq" N Lok Sg @i-ADVL>
"<killilersuinerit>"
	"killik" LIRSUR Der/nv Gram/TV HTR Der/vv Gram/IV NIQ Der/vn N Abs Pl @SUBJ>
"<nunatsinni>"
	"nuna" N Lok Sg 1PlPoss @i-ADVL>
"<suliffeqarfinnut>"
	"suli" Gram/IV VIK Der/vn QAR Der/nv Gram/IV VIK Der/vn N Trm Pl @MIK-OBJ>
"<eqquipput>"
	"eqqor" Gram/TV HTR Der/vv Gram/IV V Ind 3Pl @PRED
"<,>"
	"," CLB
"<taamaammat>"
	"taamaammat" Adv @ADVL>
"<Naalakkersuisut>"
	"Naalakkersuisut" Sem/inst Sem/Hum Prop Abs Pl @SUBJ>
"<,>"
	"," CLB
"<Sulisitsisut>"
	"Sulisitsisut" Sem/Hum Prop Abs Pl @SUBJ>
"<aamma>"
	"aamma" Conj @CONJ
"<sulisartuniit>"
	"suli" Gram/IV TAR Der/vv Gram/IV TUQ Der/vn N Abl Pl @i-ADVL>
"<sinniisut>"
	"sinner" Gram/TV HTR Der/vv Gram/IV TUQ Der/vn N Abs Pl @N<
"<nalunaaqutaq>"
	"nalunaaqutaq" N Abs Sg @>N
"<aqqanermut>"
	"aqqaneq" Num Trm Sg @ADVL>
"<ataatsimiipput>"
	"ataatsimiip" Gram/IV V Ind 3Pl @PRED
"<,>"
	"," CLB
"<aamma>"
	"aamma" Conj @CONJ
"<tassani>"
	"tass" Gram/Dem Adv Lok @ADVL>
"<illuatungeriit>"
	"illuatungeq" GIIT Der/nn N Rel Pl @SUBJ>
"<inuussutissarsiortunut>"
	"inuk" U Der/nv Gram/IV UTE Der/vn SSAQ Der/nn SIUR Der/nv Gram/IV TUQ Der/vn N Trm Pl @i-ADVL>
"<ilungersuasunut>"
	"ilungersua" Gram/IV TUQ Der/vn N Trm Pl @N<
"<ikiorsiissuteqarnissaq>"
	"ikiorser" Gram/TV HTR Der/vv Gram/IV UTE Der/vn QAR Der/nv Gram/IV NIQ Der/vn SSAQ Der/nn N Abs Sg @OBJ>
"<oqallisigissavaat>"
	"oqallisige" Gram/TV SSA Der/vv Gram/TV V Ind 3Pl 3SgO @PRED
"<.>"
	"." CLB
</s>

<s id="smUdFNrJ7RPpH7c2PH0do5pHG7A">
"<Inersimasunngornermimi>"
	"iner" Gram/IV SIMA Der/vv TUQ Der/vn NNGUR Der/nv Gram/IV NIQ Der/vn N Lok Sg MI @i-ADVL>
"<kalaallisut>"
	"kalaaleq" N Aeq Sg @i-ADVL>
"<oqallorissuunermut>"
	"oqallorip" Gram/IV TUQ Der/vn U Der/nv Gram/IV NIQ Der/vn N Trm Sg @MIK-OBJ>
"<aamma>"
	"aamma" Conj @CONJ
"<allannermi>"
	"allap" Gram/HV Gram/IV NIQ Der/vn N Lok Sg @i-ADVL>
"<kukkuneqannginnissamut>"
	"kukku" Gram/IV NIQ Der/vn QAR Der/nv Gram/IV NNGIT Der/vv Gram/IV NIQ Der/vn SSAQ Der/nn N Trm Sg @i-ADVL>
"<tunngavissiilluassammata>"
	"tunngavik" SSIP Der/nv Gram/TV HTR Der/vv Gram/IV LLUAR Der/vv SSA Der/vv Gram/IV V Cau 3Pl @PRED
"<.>"
	"." CLB
</s>

<s id="vFYIvOVZC2i4DLPC1bnXaQYCY74">
"<Angerlarsimatilluta>"
	"angerlar" Gram/IV SIMA Der/vv TIP Der/vv Gram/TV Gram/Refl V Cont 1Pl @ADVL>
"<meeqqatta>"
	"meeraq" N Rel Pl 1PlPoss @POSS>
"<soqutigisaat>"
	"soqut" GE Der/nv Gram/TV TAQ Der/vn N Abs Pl 3PlPoss %ContHypotagme @OBJ>
"<aamma>"
	"aamma" Conj @CONJ
"<sammerusutaallu>"
	"sammi" Gram/TV GUSUP Der/vv Gram/TV TAQ Der/vn N Abs Pl 3PlPoss %ContHypotagme @N<
"<peqatigalugit>"
	"peqat" GE Der/nv Gram/TV V Cont 3PlO %ContHypotagme @ADVL>
"<aalluttarpavut>"
	"aallup" Gram/TV TAR Der/vv Gram/TV V Ind 1Pl 3PlO @PRED
"<,>"
	"," CLB
"<soorlu>"
	"soorlu" Adv @FOC>N
"<:>"
	":" CLB DIRTALESTART

"<nintendomik>"
	"Nintendo" Err/Sub Sem/Hum Prop Ins Sg @i-ADVL>
"<unammersuarnerit>"
	"unammersuar" Gram/IV NIQ Der/vn N Abs Pl @HNOUN
	"unammi" Gram/IV SUAR Der/vv Gram/IV NIQ Der/vn N Abs Pl @HNOUN
"<,>"
	"," CLB
"<iffioqatigiinnerit>"
	"iffior" Gram/IV QATE Der/vn GIIP Der/nv Gram/Reci Gram/IV NIQ Der/vn N Abs Pl @HNOUN
"<aamma>"
	"aamma" Conj @CONJ
"<igaqatigiinnerillu>"
	"iga" Gram/HV QATE Der/vn GIIP Der/nv Gram/Reci Gram/IV NIQ Der/vn N Abs Pl @HNOUN
"<.>"
	"." CLB DIRTALEMIDDLE
</s>

<s id="zWZKYA09EIoXrvh4eXxWt3cw4Eo">
"<KNI-mi>"
	"KNI" Err/Sub Prop Lok Sg @i-ADVL>
"<quersuarmiittuutit>"
	"qui" SUAQ Der/nn N Lok Sg Hyb/1-2 @N<
"<ittuutit>"
	"IP" Gram/IV TUQ Der/vn UTE Der/nn N Rel Pl Hyb/2-2 @POSS>
"<naatsorsorneri>"
	"naatsorsor" Gram/TV Gram/Pass NIQ Der/vn N Abs Pl 3PlPoss @SUBJ>
	"naatsorsor" Gram/TV Gram/Refl NIQ Der/vn N Abs Pl 3PlPoss @SUBJ>
"<2008-mili>"
	"2008" Gram/Adv-encl N Lok Sg Orth/Alt ADV-LI @ADVL>
"<kukkuneqartut>"
	"kukku" Gram/IV NIQ Der/vn QAR Der/nv Gram/IV V Par 3Pl %AmbiguøsPar @PRED
</s>

