<s id="0vyAlDnuAT0LUQSd2DxvUX2jwq0">
"<Taamaattoqassappat>"
	"taama" IP Der/nv Gram/IV TUQ Der/vn QAR Der/nv Gram/IV SSA Der/vv Gram/IV V Con 3Sg
"<,>"
	"," CLB
"<aningaasanut>"
	"aningaasaq" N Trm Pl
"<inatsisitigut>"
	"inatsit" N Via Pl
"<immikkoortinneqartartut>"
	"immikkoor" Gram/IV TIP Der/vv Gram/TV NIQAR Der/vv Gram/IV TAR Der/vv Gram/IV TUQ Der/vn N Abs Pl %AmbiguøsN
"<umiarsualivinnut>"
	"umiarsualivik" N Trm Pl
"<minnernut>"
	"miki" Gram/IV NIQ Der/vn N Trm Pl
"<aningaasaleeqqinnernut>"
	"aningaasaq" LIR Der/nv Gram/TV HTR Der/vv Gram/IV QQIP Der/vv Gram/IV NIQ Der/vn N Trm Pl
"<iluarsartuussinernullu>"
	"iluarsartuup" Gram/TV HTR Der/vv Gram/IV NIQ Der/vn N Trm Pl CONJ-LU
"<atorneqarsinnaalissapput>"
	"ator" Gram/TV NIQAR Der/vv Gram/IV SINNAA Der/vv LIR Der/vv SSA Der/vv Gram/IV V Ind 3Pl
"<.>"
	"." CLB
</s>

<s id="1mISjMuYhtYpZQlrU9lxkCYquxQ">
"<Suliffik>"
	"suli" Gram/IV VIK Der/vn N Abs Sg
"<:>"
	":" CLB DIRTALESTART

"<Ukioq>"
	"ukioq" N Abs Sg
"<manna>"
	"manna" Gram/Dem Pron Abs Sg
"<juulip>"
	"juuli" N Rel Sg %PossOblique
"<aallaqqaataanit>"
	"aallar" Gram/IV QQAAR Der/vv Gram/IV UTE Der/vn N Abl Sg 3SgPoss %PossOblique
"<Oqaasileriffimmi>"
	"Oqaasileriffik" Sem/inst Sem/Hum Prop Lok Sg
"<pisortanngorpunga>"
	"pisortaq" NNGUR Der/nv Gram/IV V Ind 1Sg
"<ukiut>"
	"ukioq" N Abs Pl %AmbiguøsN
"<14-it>"
	"14" Num Abs Pl %AmbiguøsN
"<Oqaasileriffimmeereerlunga>"
	"Oqaasileriffik" Sem/inst Sem/Hum Prop Lok Sg Hyb/1-2
"<ereerlunga>"
	"IP" Gram/IV RIIR Der/vv Gram/IV V Cont 1Sg Hyb/2-2
"<,>"
	"," CLB
"<siullermik>"
	"siulleq" N Ins Sg
"<ilisimatusarnermi>"
	"ilisimatusar" Gram/IV NIQ Der/vn N Lok Sg
"<ikiortitut>"
	"ikior" Gram/TV TE Der/vn N Aeq Sg
"<(>"
	"(" PUNCT LEFT
"<2007-2009>"
	"2007-2009" Num Abs Sg %AmbiguøsN
"<)>"
	")" PUNCT RIGHT
"<,>"
	"," CLB
"<kingorna>"
	"kingorna" Adv
"<AC-fuldmægtigitut>"
	"AC-fuldmægtig" OLang/DAN N Aeq Sg
"<(>"
	"(" PUNCT LEFT
"<2009-2017>"
	"2009-2017" Num Abs Sg
"<)>"
	")" PUNCT RIGHT
"<,>"
	"," CLB
"<specialkonsulentitullu>"
	"specialkonsulent" OLang/DAN N Aeq Sg CONJ-LU
"<(>"
	"(" PUNCT LEFT
"<2017-2021>"
	"2017-2021" Num Abs Sg %AmbiguøsN
"<)>"
	")" PUNCT RIGHT
"<.>"
	"." CLB DIRTALEMIDDLE
</s>

<s id="27WlzYp24mf2NAMkKWmmAMGBkhU">
"<Uggornaraluaqisoq>"
	"uggornar" Gram/IV GALUAR Der/vv Gram/IV QE Der/vv Gram/IV TUQ Der/vn N Abs Sg
	"uggornar" Gram/IV GALUAR Der/vv Gram/IV QE Der/vv Gram/IV V Par 3Sg %AmbiguøsPar
"<poorski>"
	"poorski" N Abs Sg
"<tamaat>"
	"tamaq" N Gram/Cong Akk 3Sg
"<oqaluffiit>"
	"oqalup" Gram/IV VIK Der/vn N Rel Pl %AmbiguøsN
"<matoqqanissaat>"
	"matu" Gram/IV QQA Der/vv Gram/IV NIQ Der/vn SSAQ Der/nn N Abs Sg 3PlPoss
"<aalajangiussimajuartariaqarparput>"
	"aalajanger" Gram/TV UTE Der/vv Gram/Db Gram/TV SIMA Der/vv TUAR Der/vv TARIAQAR Der/vv Gram/TV V Ind 1Pl 3SgO
"<,>"
	"," CLB
"<taamaalillutalu>"
	"taamaali" Gram/IV V Cont 1Pl CONJ-LU
"<naalagiarnerit>"
	"naalagiarneq" N Abs Pl %AmbiguøsN
"<ilagiinnut>"
	"ila" GIIT Der/nn N Trm Pl
"<upperisarsioqatigiinnullu>"
	"uppere" Gram/TV TAQ Der/vn SIUR Der/nv Gram/IV QATE Der/vn GIIT Der/nn N Trm Pl CONJ-LU
"<allanut>"
	"alla" N Trm Pl
"<pingaaruteqaqisut>"
	"pi" NGAAR Der/vv Gram/IV UTE Der/vn QAR Der/nv Gram/IV QE Der/vv Gram/IV TUQ Der/vn N Abs Pl %ContHypotagme %AmbiguøsN
"<pinngitsoortariaqarlugit>"
	"pinngitsoor" Gram/TV TARIAQAR Der/vv Gram/TV V Cont 3PlO %ContHypotagme
"<,>"
	"," CLB
"<Ilageeqarnermut>"
	"ila" GIIT Der/nn QAR Der/nv Gram/IV NIQ Der/vn N Trm Sg
"<naalakkersuisoq>"
	"naalagaq" LIRSUR Der/nv Gram/TV HTR Der/vv Gram/IV TUQ Der/vn N Abs Sg
"<,>"
	"," CLB
"<Ane>"
	"Ane" Sem/Fem Sem/Hum Prop Abs Sg
"<Lone>"
	"Lone" Sem/Fem Sem/Hum Prop Abs Sg
"<Bagger>"
	"Bagger" Sem/Hum Prop Abs Sg
"<oqarpoq>"
	"oqar" Gram/IV V Ind 3Sg
"<.>"
	"." CLB
</s>

<s id="2XeIgUxSuxA5QxBFcp4NrLJRmJo">
"<Taamaattumik>"
	"taamaattumik" Adv
"<Naalakkersuisut>"
	"Naalakkersuisut" Sem/inst Sem/Hum Prop Abs Pl %AmbiguøsN
"<aalajangerput>"
	"aalajanger" Gram/IV V Ind 3Pl
"<imigassanik>"
	"imer" Gram/TV TAQ Der/vn SSAQ Der/nn N Ins Pl
"<aalakoornartortalinnik>"
	"aalakoor" Gram/IV NAR Der/vv Gram/IV TUQ Der/vn TAQ Der/nn LIK Der/nn N Ins Pl
"<tuniniaasarnerit>"
	"tuni" Gram/TV NIAR Der/vv Gram/TV HTR Der/vv Gram/IV TAR Der/vv Gram/IV NIQ Der/vn N Abs Pl %AmbiguøsN
"<sassaalliuteqartarnerillu>"
	"sassaalliut" QAR Der/nv Gram/IV TAR Der/vv Gram/IV NIQ Der/vn N Abs Pl CONJ-LU %AmbiguøsN
"<marsip>"
	"marsi" N Rel Sg
"<ulluisa>"
	"ulloq" N Rel Pl 3SgPoss %PossOblique
"<28-anni>"
	"28" Num Lok Sg 3PlPoss %PossOblique
"<nalunaaqutaq>"
	"nalunaaqutaq" N Abs Sg
"<unnukkut>"
	"unnuk" N Via Sg
"<arfineq pingasunit>"
	"arfineq pingasut" Num Abl Pl
"<apriilip>"
	"apriili" N Rel Sg
"<ulluisa>"
	"ulloq" N Rel Pl 3SgPoss
"<15-iata>"
	"15" Num Rel Sg 3PlPoss %PossOblique
"<tungaanut>"
	"tunge" N Trm Sg 3SgPoss %PossOblique
"<inerteqqutigineqarallassasut>"
	"inerteqqut" GE Der/nv Gram/TV NIQAR Der/vv Gram/IV GALLAR Der/vv SSA Der/vv Gram/IV V Par 3Pl %AmbiguøsPar
"<.>"
	"." CLB
</s>

<s id="4OOcufzOU44w6PlOSUhOptSXHBc">
"<Taassumalli>"
	"una" Prefix/TA Gram/Dem Pron Rel Sg Orth/Alt CONJ-LI
"<nunatsinnut>"
	"nuna" N Trm Sg 1PlPoss
"<nunasisuujartorlunilu>"
	"nuna" SI Der/nv Gram/IV TUQ Der/vn U Der/nv Gram/IV GIARTUR Der/vv Gram/IV V Cont 4Sg ADV-LU
"<ajoqersuiartortitaasup>"
	"ajoqersor" Gram/TV HTR Der/vv Gram/IV GIARTUR Der/vv TIP Der/vv Gram/TV TAQ Der/vn U Der/nv Gram/IV TUQ Der/vn N Rel Sg
"<ukiut>"
	"ukioq" N Abs Pl %AmbiguøsN
"<300-t>"
	"300" Num Abs Pl %AmbiguøsN
"<matuma>"
	"manna" Gram/Dem Pron Rel Sg
"<siorna>"
	"siuneq" N Abs Sg 3SgPoss
"<tikinnera>"
	"tikip" Gram/IV NIQ Der/vn N Abs Sg 3SgPoss
"<Kommuneqarfik Sermersuumi>"
	"Kommuneqarfik Sermersooq" Sem/Geo Prop Lok Sg
"<malunnartinneqassanngilaq>"
	"malunnar" Gram/IV TIP Der/vv Gram/TV NIQAR Der/vv Gram/IV SSA Der/vv NNGIT Der/vv Gram/IV V Ind 3Sg
"<.>"
	"." CLB
</s>

<s id="4sJFYAbvbsKjbJDDFLEyBjJxaF4">
"<Nuummiu>"
	"Nuuk" Sem/Geo iProp MIU Der/nn N Abs Sg
"<taanna>"
	"una" Prefix/TA Gram/Dem Pron Abs Sg
"<folketingimut>"
	"folketing" OLang/DAN N Trm Sg
"<inatsisartunullu>"
	"inap" Gram/TV HTR Der/vv Gram/IV TAR Der/vv Gram/IV TUQ Der/vn N Trm Pl CONJ-LU
"<ilaasortaasimasoq>"
	"ilaa" Gram/IV TUQ Der/vn TAQ Der/nn U Der/nv Gram/IV SIMA Der/vv TUQ Der/vn N Abs Sg
"<ullumikkut>"
	"ullumikkut" Adv
"<nammineq>"
	"nammineq" Gram/Coref Pron Abs 4Sg %AmbiguøsN
"<suliffiuteqarluni>"
	"suli" Gram/IV VIK Der/vn UTE Der/nn QAR Der/nv Gram/IV V Cont 4Sg
"<nutserisuullunilu>"
	"nutser" Gram/TV HTR Der/vv Gram/IV TUQ Der/vn U Der/nv Gram/IV V Cont 4Sg CONJ-LU
"<ataatsimeersuarnissanik>"
	"ataatsimeersuar" Gram/IV NIQ Der/vn SSAQ Der/nn N Ins Pl
"<aaqqissuussisarpoq>"
	"aaqqissuup" Gram/TV HTR Der/vv Gram/IV TAR Der/vv Gram/IV V Ind 3Sg
"<.>"
	"." CLB
</s>

<s id="4yEzxdsQldGSVXhPoKD5D4LA75g">
"<Sunngiffimmi>"
	"sunngiffik" N Lok Sg
"<soqutigisat>"
	"soqut" GE Der/nv Gram/TV TAQ Der/vn N Abs Pl %AmbiguøsN
"<:>"
	":" CLB DIRTALESTART

"<Sisorarneq>"
	"sisorar" Gram/IV NIQ Der/vn N Abs Sg
"<,>"
	"," CLB
"<qalipaaneq>"
	"qalipap" Gram/TV HTR Der/vv Gram/IV NIQ Der/vn N Abs Sg
"<atuarnerlu>"
	"atuar" Gram/HV Gram/IV NIQ Der/vn N Abs Sg CONJ-LU
"<.>"
	"." CLB DIRTALEMIDDLE
</s>

<s id="5FruHyLx8VSkZxvgaB6bwDAAlQw">
"<Alapernaarsuutissat>"
	"alapernaarsuut" SSAQ Der/nn N Abs Pl %AmbiguøsN
"<annanniutissallu>"
	"annap" Gram/IV NIUTE Der/vn SSAQ Der/nn N Abs Pl CONJ-LU %AmbiguøsN
"<49>"
	"49" Num Abs Pl %AmbiguøsN
"<fodsiusut>"
	"fod" OLang/DAN Sem/Unit Orth/Alt iN iAbs iPl U Der/nv Gram/IV TUQ Der/vn N Abs Pl %AmbiguøsN
"<sisamat>"
	"sisamat" Num Abs Pl %AmbiguøsN
"<angallataatigineqalerput>"
	"angala" Gram/IV UTE Der/vn UTE Der/nn GE Der/nv Gram/TV NIQAR Der/vv Gram/IV LIR Der/vv Gram/IV V Ind 3Pl
"<.>"
	"." CLB
</s>

<s id="68W2UOele92OaxDiPA3MxT8xa9c">
"<IA>"
	"IA" Sem/Hum Prop Abs Sg
"<marlunngorpat>"
	"marluk" NNGUR Der/nv Gram/IV V Con 3Sg
	"marluk" Orth/Alt NNGUR Der/nv Gram/IV V Con 3Sg
"<qinersisussat>"
	"qiner" Sem/CognitiveMaking Gram/TV HTR Der/vv Gram/IV TUQ Der/vn SSAQ Der/nn N Rel Pl %AmbiguøsN
"<36>"
	"36" Num Abs Sg %AmbiguøsN
"<procentiisa>"
	"procent" OLang/DAN N Rel Pl 3PlPoss
"<taaguutissagaat>"
	"taagor" Gram/TV UTE Der/vv Gram/TV SSA Der/vv V Par 3Pl 3PlO
	"taagor" Gram/TV UTE Der/vv Gram/TV SSA Der/vv V Par 3Pl 3SgO
"<,>"
	"," CLB
"<apersuinerup>"
	"apersor" Gram/TV HTR Der/vv Gram/IV NIQ Der/vn N Rel Sg
"<takutippaa>"
	"taku" Gram/HV TIP Der/vv Gram/TV V Ind 3Sg 3SgO
"<,>"
	"," CLB
"<taamaalippallu>"
	"taamaali" Gram/IV V Con 3Sg CONJ-LU
"<IA>"
	"IA" Sem/Hum Prop Abs Sg
"<Inatsisartuni>"
	"Inatsisartut" Sem/Hum Prop Lok Pl
"<sisamanik>"
	"sisamat" Num Ins Pl
"<amerlanerusunik>"
	"amerla" Gram/IV NIRU Der/vv Gram/IV TUQ Der/vn N Ins Pl
"<ilaasortaqalissaaq>"
	"ilaa" Gram/IV TUQ Der/vn TAQ Der/nn QAR Der/nv Gram/IV LIR Der/vv Gram/IV SSA Der/vv Gram/IV V Ind 3Sg
"<,>"
	"," CLB
"<aqqaneq marlunnik>"
	"aqqaneq marluk" Num Ins Pl
"<ilaasortaqalerluni>"
	"ilaa" Gram/IV TUQ Der/vn TAQ Der/nn QAR Der/nv Gram/IV LIR Der/vv Gram/IV V Cont 4Sg
"<nunatsinnilu>"
	"nuna" N Lok Sg 1PlPoss CONJ-LU
"<partiini>"
	"parti" OLang/DAN N Lok Pl
"<annerpaalissalluni>"
	"annerpaa" Gram/IV LIR Der/vv Gram/IV SSA Der/vv Gram/IV V Cont 4Sg
"<.>"
	"." CLB
</s>

<s id="ABYSSPHRiPxrMc7ZrcV6VMdTkmQ">
"<Ukiumut>"
	"ukioq" N Trm Sg
"<qaangiutilersumut>"
	"qaangiup" Gram/IV LIR Der/vv Gram/IV TUQ Der/vn N Trm Sg
"<qujangaarpugut>"
	"quja" Gram/IV NGAAR Der/vv Gram/IV V Ind 1Pl
"<,>"
	"," CLB
"<ukiorlu>"
	"ukioq" N Abs Sg CONJ-LU
"<nutaaq>"
	"nutaaq" N Abs Sg
"<tamassinnut>"
	"tamaq" N Gram/Cong Trm 2PlPoss
"<atoruminartuussasoq>"
	"ator" Gram/TV GUMINAR Der/vv Gram/IV TUUR Der/vv SSA Der/vv Gram/IV V Par 3Sg %AmbiguøsPar
"<kissaatingaarpassi>"
	"kissaap" Gram/TV NGAAR Der/vv Gram/TV V Ind 1Sg 2PlO
"<.>"
	"." CLB
</s>

<s id="C99ZOsFC8Qnv1YPBVhCsjhkcWu4">
"<Suliffeqanngitsutut>"
	"suli" Gram/IV VIK Der/vn QAR Der/nv Gram/IV NNGIT Der/vv Gram/IV TUQ Der/vn N Aeq Pl
"<nalunaarutiginnittut>"
	"nalunaar" Gram/IV UTE Der/vn GE Der/nv Gram/TV HTR Der/vv Gram/IV TUQ Der/vn N Abs Pl %AmbiguøsN
	"nalunaar" Gram/IV UTE Der/vn GE Der/nv Gram/TV HTR Der/vv Gram/IV TUQ Der/vn N Rel Pl %AmbiguøsN
"<sapaatip-akunnerisa>"
	"sapaatip-akunneq" N Rel Pl 3PlPoss %Othertime
"<kingulliit>"
	"kingulleq" N Rel Pl %AmbiguøsN %Othertime
"<marluk>"
	"marluk" Num Rel Pl %AmbiguøsN %PossOblique
"<ingerlaneranni>"
	"ingerla" Gram/IV NIQ Der/vn N Lok Sg 3PlPoss %Othertime %PossOblique
"<10>"
	"10" Num Abs Pl %AmbiguøsN
"<millioniupput>"
	"million" U Der/nv Gram/IV V Ind 3Pl
"<,>"
	"," CLB
"<6,6>"
	"6,6" Num Abs Sg
"<millioninillu>"
	"million" Num Ins Pl CONJ-LU
"<taakku>"
	"una" Prefix/TA Gram/Dem Pron Abs Pl %AmbiguøsN
"<maanna>"
	"maanna" Adv
"<amerlillutik>"
	"amerli" Gram/IV V Cont 4Pl
"<.>"
	"." CLB
</s>

<s id="FJK5tyzZ6zgNm4lMAzyrbTpf4xw">
"<->"
	"-" PUNCT DIRTALESTART
"<Qaammat>"
	"qaammat" N Abs Sg
"<ataaseq>"
	"ataaseq" Num Abs Sg
"<affarlu>"
	"affaq" N Abs Sg CONJ-LU
"<nassaanngiivissimagutta>"
	"nassaar" Gram/HV NNGIT Der/vv VIP Der/vv SIMA Der/vv V Con 1Pl
"<aatsaat>"
	"aatsaat" Adv
"<ammaqqissinnaavugut>"
	"ammar" Gram/IV QQIP Der/vv Gram/IV SINNAA Der/vv Gram/IV V Ind 1Pl
"<.>"
	"." CLB DIRTALEMIDDLE DIRTALEMIDDLE
</s>

<s id="FzOLif7BJHJbBgFCHgGTXP8uCq4">
"<6>"
	"6" Num Abs Sg
"<.>"
	"." CLB

"<Aqqit>"
	"ateq" N Abs Pl %AmbiguøsN
"<Oqaasileriffiup>"
	"Oqaasileriffik" Sem/inst Sem/Hum Prop Rel Sg %PossOblique
"<nalunaarsugaaniinngitsut>"
	"nalunaarsor" Gram/TV TAQ Der/vn N Lok Sg 3SgPoss Hyb/1-2 %PossOblique
"<inngitsut>"
	"IP" Gram/IV NNGIT Der/vv Gram/IV TUQ Der/vn N Abs Pl Hyb/2-2 %AmbiguøsN
"<,>"
	"," CLB
"<taamalu>"
	"taama" Adv CONJ-LU
"<akuerisaanngitsut>"
	"akuere" Gram/TV TAQ Der/vn U Der/nv Gram/IV NNGIT Der/vv Gram/IV TUQ Der/vn N Abs Pl %AmbiguøsN
"<,>"
	"," CLB
"<akuersissummik>"
	"akuere" Gram/TV HTR Der/vv Gram/IV UTE Der/vn N Ins Sg
"<peqqaarluni>"
	"pi" Gram/TV QQAAR Der/vv Gram/TV V Cont 4SgO
"<atsiunneqarsinnaapput>"
	"atser" Sem/CognitiveMaking Gram/TV UTE Der/vv Gram/Db Gram/TV NIQAR Der/vv Gram/IV SINNAA Der/vv V Ind 3Pl
"<.>"
	"." CLB
</s>

<s id="H2QNOqNJckGoxLzTY00xhXL7uV0">
"<Peqqinngikkuit>"
	"peqqip" Gram/IV NNGIT Der/vv Gram/IV V Con 2Sg
"<,>"
	"," CLB
"<napparsimaguit>"
	"napparsima" Gram/IV V Con 2Sg
"<imaluunniit>"
	"imaluunniit" Conj
"<nuakkuit>"
	"nuap" Gram/IV V Con 2Sg
"<kaffisoriarnak>"
	"kaffi" TUR Der/nv Gram/IV RIAR Der/vv Gram/IV V ContNeg 2Sg
	"kaffi" TUR Der/nv Gram/IV RIAR Der/vv Gram/IV V Imp 2Sg Gram/ImpNeg
"<ilaqutariillu>"
	"ilaqutaq" GIIT Der/nn N Rel Pl CONJ-LU %AmbiguøsN %PossOblique
"<katerinneranniinnak>"
	"katerip" Gram/IV NIQ Der/vn N Lok Sg 3PlPoss Hyb/1-2 %PossOblique
"<innak>"
	"IP" Gram/IV V ContNeg 2Sg Hyb/2-2
"<angerlarsimaannarit>"
	"angerlar" Gram/IV SIMA Der/vv INNAR Der/vv Gram/IV V Imp 2Sg Gram/ImpPos
"<.>"
	"." CLB
</s>

<s id="K0xXn0eddfx90zGmPo4keYdlPag">
"<Niuertorpassuit>"
	"niuer" Gram/IV TUQ Der/vn PAK Der/nn SUAQ Der/nn N Abs Pl %AmbiguøsN
"<nunanit>"
	"nuna" N Abl Pl
"<takornartaneersut>"
	"takornartaq" N Abl Pl Hyb/1-2
"<IR>"
	"IR" Gram/IV TUQ Der/vn N Abs Pl Hyb/2-2 %AmbiguøsN
"<niuffatileruttorsimapput>"
	"niuffap" Gram/IV LIR Der/vv Gram/IV RUTTUR Der/vv Gram/IV SIMA Der/vv V Ind 3Pl
"<illoqannginnersarlu>"
	"illu" QAR Der/nv Gram/IV NNGIT Der/vv Gram/IV NIRSAQ Der/vn N Abs Sg CONJ-LU
"<niuerfiusartoq>"
	"niuer" Gram/IV VIK Der/vn U Der/nv Gram/IV TAR Der/vv Gram/IV TUQ Der/vn N Abs Sg
"<nioqqutissanik>"
	"nioqqut" SSAQ Der/nn N Ins Pl
"<tamalaarpassuarnik>"
	"tamalaaq" PAK Der/nn SUAQ Der/nn N Ins Pl
"<ulikkaavissimavoq>"
	"ulikkaar" Gram/IV VIP Der/vv Gram/IV SIMA Der/vv V Ind 3Sg
"<.>"
	"." CLB
</s>

<s id="KW2tLv0neCtOT4YVbaJPzzJRhew">
"<Ammasumik>"
	"amma" Gram/IV TUQ Der/vn N Ins Sg
"<allagaq>"
	"allap" Gram/TV TAQ Der/vn N Abs Sg
"<Inuit Ataqatigiit>"
	"Inuit Ataqatigiit" Prop Rel Pl %AmbiguøsN %PossOblique
"<siulittaasuannit>"
	"siulittar" Gram/TV HTR Der/vv Gram/IV TUQ Der/vn N Abl Sg 3PlPoss %PossOblique
"<Múte>"
	"Múte" Sem/Mask Sem/Hum Prop Abs Sg
"<Borup>"
	"Borup" Sem/Hum Prop Abs Sg
"<Egedemit>"
	"Egede" Sem/Hum Prop Abl Sg
"<,>"
	"," CLB
"<Partii Naleqqap>"
	"Partii Naleraq" Sem/Hum Prop Rel Sg %PossOblique
"<siulittaasuanit>"
	"siulittar" Gram/TV HTR Der/vv Gram/IV TUQ Der/vn N Abl Sg 3SgPoss %PossOblique
"<Hans>"
	"Hans" Sem/Mask Sem/Hum Prop Abs Sg
"<Enoksenimit>"
	"Enoksen" Sem/Hum Prop Abl Sg
"<,>"
	"," CLB
"<Atassutip>"
	"Atassut" Sem/Hum Prop Rel Sg %PossOblique
"<siulittaasuanit>"
	"siulittar" Gram/TV HTR Der/vv Gram/IV TUQ Der/vn N Abl Sg 3SgPoss %PossOblique
"<Aqqalu>"
	"Aqqa" Dial/Vgr Sem/Mask Sem/Hum Prop Abs Sg CONJ-LU
	"Aqqalu" Dial/Vgr Sem/Mask Sem/Hum Prop Abs Sg
"<Jerimiassenimit>"
	"Jerimiassen" Sem/Hum Prop Abl Sg
"<,>"
	"," CLB
"<Suleqatigiissitsisullu>"
	"Suleqatigiissitsisut" Sem/Hum Prop Rel Pl CONJ-LU %AmbiguøsN %PossOblique
"<siulittaasuannit>"
	"siulittar" Gram/TV HTR Der/vv Gram/IV TUQ Der/vn N Abl Sg 3PlPoss %PossOblique
"<Tillie>"
	"Tillie" Sem/Fem Sem/Hum Prop Abs Sg
"<Martinussenimit>"
	"Martinussen" Sem/Hum Prop Abl Sg
"<atsiorneqarpoq>"
	"atsior" Gram/TV NIQAR Der/vv Gram/IV V Ind 3Sg
"<.>"
	"." CLB
</s>

<s id="Oa9YZjGPDBL0p2pjUJJcS5gzp70">
"<Suleriaasissatut>"
	"suli" Gram/IV RIAR Der/vv Gram/IV USIQ Der/vn SSAQ Der/nn N Aeq Sg
"<pilersaarummi>"
	"pilersaar" Gram/HV UTE Der/vn N Lok Sg
"<atuarneqarsinnaavoq>"
	"atuar" Gram/TV NIQAR Der/vv Gram/IV SINNAA Der/vv V Ind 3Sg
"<siunnersuutaasoq>"
	"siunnersor" Gram/TV UTE Der/vn U Der/nv Gram/IV V Par 3Sg %AmbiguøsPar
"<ingerlatseqatigiiffik>"
	"ingerlap" HTR Der/vv Gram/IV QATE Der/vn GIIP Der/nv Gram/Reci Gram/IV VIK Der/vn N Abs Sg
"<Nuuk Atlantic Airport A/S>"
	"Nuuk Atlantic Airport A/S" Sem/Hum Prop Abs Sg
"<Namminersornerullutik Oqartussanit>"
	"Namminersornerullutik Oqartussat" Sem/Hum Prop Abl Pl
"<,>"
	"," CLB
"<Nuup Kommunianit>"
	"Nuup Kommunia" Sem/Hum Prop Abl Sg 3SgPoss
"<inunnillu>"
	"inuk" N Abl Pl CONJ-LU
"<ataasiakkaanit>"
	"ataasiakkaaq" N Abl Pl
"<piginneqataaffigineqarsinnaassasoq>"
	"piginneqataa" Gram/IV VIK Der/vn GE Der/nv Gram/TV NIQAR Der/vv Gram/IV SINNAA Der/vv SSA Der/vv Gram/IV V Par 3Sg %AmbiguøsPar
"<,>"
	"," CLB
"<Agnethe>"
	"Agnethe" Sem/Fem Sem/Hum Prop Abs Sg
"<Davidsen>"
	"Davidsen" Sem/Hum Prop Abs Sg
"<oqarpoq>"
	"oqar" Gram/IV V Ind 3Sg
"<.>"
	"." CLB
</s>

<s id="OsWMNcHAgr3XrWc9U15A8Vwa9bE">
"<Neriuppunga>"
	"neriup" Gram/IV V Ind 1Sg
"<ukiumut>"
	"ukioq" N Trm Sg
"<nutaamut>"
	"nutaaq" N Trm Sg
"<iserluarsimassasusi>"
	"iser" Gram/IV LLUAR Der/vv Gram/IV SIMA Der/vv SSA Der/vv Gram/IV V Par 2Pl %AmbiguøsPar
"<,>"
	"," CLB
"<qujanarlu>"
	"quja" Gram/IV NAR Der/vv V Ind Gram/Exclm CONJ-LU
"<ukiumut>"
	"ukioq" N Trm Sg
"<qaangiuttumut>"
	"qaangiup" Gram/IV TUQ Der/vn N Trm Sg
"<.>"
	"." CLB
</s>

<s id="TgXRQlSTc9VGHma2ibfWV6mrKQE">
"<Taamani>"
	"taamani" Adv
"<annilaangaqalunilu>"
	"annilaar" Gram/IV NGA Der/vv Gram/IV QE Der/vv Gram/IV V Cont 4Sg CONJ-LU
"<naameerusukkaluarluni>"
	"naameer" Gram/IV GUSUP Der/vv Gram/IV GALUAR Der/vv Gram/IV V Cont 4Sg
"<akiuussinnaasimanani>"
	"akiuup" Gram/IV SINNAA Der/vv Gram/IV SIMA Der/vv V ContNeg 4Sg
"<,>"
	"," CLB
"<Naja>"
	"Naja" Sem/Fem Sem/Hum Prop Abs Sg
"<Lyberth>"
	"Lyberth" Sem/Hum Prop Abs Sg
"<oqarpoq>"
	"oqar" Gram/IV V Ind 3Sg
"<.>"
	"." CLB
</s>

<s id="YmLWzWAUpLaA7CEsCErDbxHOHoE">
"<7>"
	"7" Num Abs Sg
"<.>"
	"." CLB

"<Atertut>"
	"ateq" N Aeq Pl
"<akuerineqarsinnaanngillat>"
	"akuere" Gram/TV NIQAR Der/vv Gram/IV SINNAA Der/vv NNGIT Der/vv Gram/IV V Ind 3Pl
"<:>"
	":" CLB DIRTALESTART

"<Aqqit>"
	"ateq" N Abs Pl %AmbiguøsN
"</>"
	"/" Gram/Conj-encl Conj
"<uiguutit>"
	"uiguut" N Abs Pl %AmbiguøsN
"<ittoorutaasinnaasut>"
	"ittoor" Gram/IV UTE Der/vn U Der/nv Gram/IV SINNAA Der/vv Gram/IV TUQ Der/vn N Abs Pl %AmbiguøsN
"<kanngusutsitsisinnaasulluunniit>"
	"kanngusup" Gram/IV TIP Der/vv Gram/TV HTR Der/vv Gram/IV SINNAA Der/vv TUQ Der/vn N Abs Pl CONJ-LUUNNIIT %AmbiguøsN
"<.>"
	"." CLB DIRTALEMIDDLE
</s>

<s id="d75qFld8nviMeRGfD7tCgQcrnr0">
"<Tamatuma>"
	"manna" Prefix/TA Gram/Dem Pron Rel Sg %PossOblique
"<saniatigut>"
	"sani" N Via Sg 3SgPoss %PossOblique
"<pingaartittarpara>"
	"pi" NGAAR Der/vv Gram/IV TIP Der/vv Gram/TV TAR Der/vv Gram/TV V Ind 1Sg 3SgO
"<ullormut>"
	"ulloq" N Trm Sg
"<angusaqartutut>"
	"angu" Gram/TV TAQ Der/vn QAR Der/nv Gram/IV TUQ Der/vn N Aeq Sg
"<misigisimallunga>"
	"misige" Gram/TV SIMA Der/vv Gram/Refl V Cont 1Sg
"<naammagisimaarlungalu>"
	"naammage" Gram/TV SIMAAR Der/vv Gram/Refl V Cont 1Sg CONJ-LU
"<innassallunga>"
	"innar" Gram/IV SSA Der/vv Gram/IV V Cont 1Sg
"<.>"
	"." CLB
</s>

<s id="hFVcG8WtVYNgtgAIZdF7sc5o5eM">
"<Kalaallit>"
	"kalaaleq" N Rel Pl %AmbiguøsN
"<oqaasii>"
	"oqaaseq" N Abs Pl 3PlPoss
"<uannut>"
	"uanga" Gram/Pers Pron Trm 1Sg
"<pingaaruteqarput>"
	"pi" NGAAR Der/vv Gram/IV UTE Der/vn QAR Der/nv Gram/IV V Ind 3Pl
"<taakkumi>"
	"una" Prefix/TA Gram/Dem Pron Abs Pl MI %ContHypotagme %AmbiguøsN
"<atorlugit>"
	"ator" Gram/TV V Cont 3PlO %ContHypotagme
"<angajoqqaakka>"
	"angajoqqaaq" N Abs Pl 1SgPoss
"<ilaquttakkalu>"
	"ilaqutaq" N Abs Pl 1SgPoss CONJ-LU
"<attaveqarfigisarakkit>"
	"attavik" QAR Der/nv Gram/IV VIK Der/vn GE Der/nv Gram/TV TAR Der/vv Gram/TV V Cau 1Sg 3PlO
"<.>"
	"." CLB
</s>

<s id="ixXtrpREWvBsiGrho3dPAvMT0HU">
"<Maanna>"
	"maanna" Adv
"<nutserusiornermi>"
	"nutser" Gram/TV UTE Der/vn LIUR Der/nv Gram/IV NIQ Der/vn N Lok Sg
"<unamminartut>"
	"unammi" Gram/TV NAR Der/vv Gram/IV TUQ Der/vn N Abs Pl %AmbiguøsN
"<tamakku>"
	"manna" Prefix/TA Gram/Dem Pron Abs Pl %AmbiguøsN
"<ilisimallualerpagut>"
	"ilisima" Gram/TV LLUAR Der/vv Gram/TV LIR Der/vv Gram/TV V Ind 1Pl 3PlO
"<ineriartorteqqinnissaanullu>"
	"iner" Gram/IV GIARTUR Der/vv Gram/IV TIP Der/vv Gram/TV QQIP Der/vv Gram/TV Gram/Pass NIQ Der/vn SSAQ Der/nn N Trm Sg 3SgPoss CONJ-LU
"<misilittagaqarlualerluta>"
	"misilip" Gram/TV TAR Der/vv Gram/TV TAQ Der/vn QAR Der/nv Gram/IV LLUAR Der/vv Gram/IV LIR Der/vv Gram/IV V Cont 1Pl
"<pitsanngorsarnissaanullu>"
	"pitsak" NNGUR Der/nv Gram/IV SAR Der/vv Gram/TV Gram/Pass NIQ Der/vn SSAQ Der/nn N Trm Sg 3SgPoss CONJ-LU
"<tunaartassaqarluarluta>"
	"tunaartaq" SSAQ Der/nn QAR Der/nv Gram/IV LLUAR Der/vv Gram/IV V Cont 1Pl
"<.>"
	"." CLB
</s>

<s id="jRecmMD1JUUeoQa01RVUl21ZNQ0">
"<Tassa>"
	"tassa" Adv
"<qanoq>"
	"qanoq" Adv
"<imaqartissanerlugu>"
	"ima" QAR Der/nv Gram/IV TIP Der/vv Gram/TV SSA Der/vv NIR Der/vv Gram/TV V Cont 3SgO
"<qanorlu>"
	"qanoq" Adv CONJ-LU
"<qalipaasersussanerlugu>"
	"qalipap" Gram/TV UTE Der/vn LIRSUR Der/nv Gram/TV SSA Der/vv Gram/TV NIR Der/vv Gram/TV V Cont 3SgO
"<nammineerluta>"
	"nammineer" Gram/IV V Cont 1Pl
"<aalajangigassaraarput>"
	"aalajanger" Gram/TV TAQ Der/vn SSAQ Der/nn GE Der/nv Gram/TV V Ind 1Pl 3SgO
"<.>"
	"." CLB
</s>

<s id="k77Q2MbPhCJxhwEdv6GaBOw4gkk">
"<Taamatuttaaq>"
	"taama" Aeq Adv TTAAQ
"<nioqqutissat>"
	"nioqqut" SSAQ Der/nn N Abs Pl %AmbiguøsN
"<nillataartitsivimmiittut>"
	"nillataartitsivik" N Lok Sg Hyb/1-2
"<ittut>"
	"IP" Gram/IV TUQ Der/vn N Abs Pl Hyb/2-2 %AmbiguøsN
"<qerititsivimmiittullu>"
	"qerititsivik" N Lok Sg Hyb/1-2
"<ittullu>"
	"IP" Gram/IV TUQ Der/vn N Abs Pl CONJ-LU Hyb/2-2 %AmbiguøsN
"<taarserneqartarput>"
	"taarser" Gram/TV NIQAR Der/vv Gram/IV TAR Der/vv Gram/IV V Ind 3Pl
"<,>"
	"," CLB
"<sarfaarunneranut>"
	"sarfaarup" Gram/IV NIQ Der/vn N Trm Sg 3SgPoss
"<atatillugu>"
	"ata" Gram/IV TIP Der/vv Gram/TV V Cont 3SgO
"<atorsinnaajunnaarsimappata>"
	"ator" Gram/IV SINNAA Der/vv Gram/IV GUNNAIR Der/vv Gram/IV SIMA Der/vv V Con 3Pl
"<.>"
	"." CLB
</s>

<s id="nmmzBlogeZu9eInTTexIOOUmwxU">
"<->"
	"-" PUNCT DIRTALESTART
"<Meeqqat>"
	"meeraq" N Rel Pl %AmbiguøsN
"<atugai>"
	"ator" Gram/TV TAQ Der/vn N Abs Pl 3PlPoss Err/Sub %ContHypotagme
"<pillugit>"
	"pi" Gram/TV V Cont 3PlO %ContHypotagme
"<qasusuilluni>"
	"qasusuip" Gram/IV V Cont 4Sg
"<sulisimavoq>"
	"suli" Gram/IV SIMA Der/vv V Ind 3Sg
"<periarfissaqaraangamilu>"
	"periar" Gram/IV VIK Der/vn SSAQ Der/nn QAR Der/nv Gram/IV V IteCau 4Sg CONJ-LU
"<meeqqat>"
	"meeraq" N Rel Pl %AmbiguøsN
"<pisinnaatitaaffii>"
	"pi" Gram/IV SINNAA Der/vv Gram/IV TIP Der/vv Gram/TV TAQ Der/vn U Der/nv Gram/IV VIK Der/vn N Abs Pl 3PlPoss %ContHypotagme
"<pillugit>"
	"pi" Gram/TV V Cont 3PlO %ContHypotagme
"<oqaluttuarnissamut>"
	"oqalup" Gram/IV TUAR Der/vv Gram/IV NIQ Der/vn SSAQ Der/nn N Trm Sg
"<tunuarsimaarneq>"
	"tunuar" Gram/IV SIMAAR Der/vv Gram/IV NIQ Der/vn N Abs Sg Gram/Comp
"<ajorluni>"
	"ajor" Gram/IV V Cont 4Sg
"<.>"
	"." CLB DIRTALEMIDDLE DIRTALEMIDDLE
</s>

<s id="noxiL3VvvEoJ1MdFrMbhvaMkATY">
"<Niuernermik>"
	"niuer" Gram/IV NIQ Der/vn N Ins Sg
"<ingerlatseriaasissaq>"
	"ingerlap" HTR Der/vv Gram/IV RIAR Der/vv Gram/IV USIQ Der/vn SSAQ Der/nn N Abs Sg
"<timmisartullu>"
	"timmi" Gram/IV TAR Der/vv Gram/IV TUQ Der/vn N Rel Pl CONJ-LU %AmbiguøsN
"<qanoq>"
	"qanoq" Adv
"<ittuunissaat>"
	"ip" Gram/IV TUQ Der/vn U Der/nv Gram/IV NIQ Der/vn SSAQ Der/nn N Abs Sg 3PlPoss
"<Aluu Airlinesimik>"
	"Aluu Airlines" Sem/Hum Prop Ins Sg
"<pilersitsisut>"
	"pi" Gram/IV LIR Der/vv Gram/IV TIP Der/vv Gram/TV HTR Der/vv Gram/IV TUQ Der/vn N Rel Pl %AmbiguøsN
"<suli>"
	"suli" Adv
"<isertuulluinnarpaat>"
	"isertor" UTE Der/vv Gram/TV LLUINNAR Der/vv Gram/TV V Ind 3Pl 3SgO
"<.>"
	"." CLB
</s>

<s id="pCUlDVsOrUvxcA8C11LvCumaxto">
"<Naalakkersuisunut>"
	"Naalakkersuisut" Sem/inst Sem/Hum Prop Trm Pl
"<IA-mullu>"
	"IA" Sem/Hum Prop Trm Sg Err/Sub CONJ-LU
"<siulittaasuusimasoq>"
	"siulittar" Gram/TV HTR Der/vv Gram/IV TUQ Der/vn U Der/nv Gram/IV SIMA Der/vv TUQ Der/vn N Abs Sg
"<Kuupik>"
	"Kuupik" Dial/Vgr Sem/Mask Sem/Hum Prop Abs Sg
"<V.>"
	"V" N Gram/Abbr
"<Kleist>"
	"Kleist" Sem/Hum Prop Abs Sg
"<aamma>"
	"aamma" Adv
"<taama>"
	"taama" Adv
"<isumaqarpoq>"
	"isuma" QAR Der/nv Gram/IV V Ind 3Sg
"<.>"
	"." CLB
</s>

<s id="r26cTheBcgJDrP5PF9ZxDZxOtMk">
"<Oqartussaniilli>"
	"oqar" Gram/IV TUQ Der/vn SSAQ Der/nn Gram/2sml N Abl Pl CONJ-LI
"<siusinnerusumi>"
	"siusinnerusoq" N Lok Sg
"<killilersuinerit>"
	"killik" LIRSUR Der/nv Gram/TV HTR Der/vv Gram/IV NIQ Der/vn N Abs Pl %AmbiguøsN
"<nunatsinni>"
	"nuna" N Lok Sg 1PlPoss
"<suliffeqarfinnut>"
	"suli" Gram/IV VIK Der/vn QAR Der/nv Gram/IV VIK Der/vn N Trm Pl
"<eqquipput>"
	"eqqor" Gram/TV HTR Der/vv Gram/IV V Ind 3Pl
"<,>"
	"," CLB
"<taamaammat>"
	"taamaammat" Adv
"<Naalakkersuisut>"
	"Naalakkersuisut" Sem/inst Sem/Hum Prop Abs Pl %AmbiguøsN
"<,>"
	"," CLB
"<Sulisitsisut>"
	"Sulisitsisut" Sem/Hum Prop Abs Pl %AmbiguøsN
"<sulisartuniillu>"
	"suli" Gram/IV TAR Der/vv Gram/IV TUQ Der/vn N Abl Pl CONJ-LU
"<sinniisut>"
	"sinner" Gram/TV HTR Der/vv Gram/IV TUQ Der/vn N Abs Pl %AmbiguøsN
"<nalunaaqutaq>"
	"nalunaaqutaq" N Abs Sg
"<aqqanermut>"
	"aqqaneq" Num Trm Sg
"<ataatsimiipput>"
	"ataatsimiip" Gram/IV V Ind 3Pl
"<,>"
	"," CLB
"<tassanilu>"
	"tass" Gram/Dem Adv Lok CONJ-LU
"<illuatungeriit>"
	"illuatungeq" GIIT Der/nn N Rel Pl %AmbiguøsN
"<inuussutissarsiortunut>"
	"inuk" U Der/nv Gram/IV UTE Der/vn SSAQ Der/nn SIUR Der/nv Gram/IV TUQ Der/vn N Trm Pl
"<ilungersuasunut>"
	"ilungersua" Gram/IV TUQ Der/vn N Trm Pl
"<ikiorsiissuteqarnissaq>"
	"ikiorser" Gram/TV HTR Der/vv Gram/IV UTE Der/vn QAR Der/nv Gram/IV NIQ Der/vn SSAQ Der/nn N Abs Sg
"<oqallisigissavaat>"
	"oqallisige" Gram/TV SSA Der/vv Gram/TV V Ind 3Pl 3SgO
"<.>"
	"." CLB
</s>

<s id="smUdFNrJ7RPpH7c2PH0do5pHG7A">
"<Inersimasunngornermimi>"
	"iner" Gram/IV SIMA Der/vv TUQ Der/vn NNGUR Der/nv Gram/IV NIQ Der/vn N Lok Sg MI
"<kalaallisut>"
	"kalaaleq" N Aeq Sg
"<oqallorissuunermut>"
	"oqallorip" Gram/IV TUQ Der/vn U Der/nv Gram/IV NIQ Der/vn N Trm Sg
"<allannermilu>"
	"allap" Gram/HV Gram/IV NIQ Der/vn N Lok Sg CONJ-LU
"<kukkuneqannginnissamut>"
	"kukku" Gram/IV NIQ Der/vn QAR Der/nv Gram/IV NNGIT Der/vv Gram/IV NIQ Der/vn SSAQ Der/nn N Trm Sg
"<tunngavissiilluassammata>"
	"tunngavik" SSIP Der/nv Gram/TV HTR Der/vv Gram/IV LLUAR Der/vv SSA Der/vv Gram/IV V Cau 3Pl
"<.>"
	"." CLB
</s>

<s id="vFYIvOVZC2i4DLPC1bnXaQYCY74">
"<Angerlarsimatilluta>"
	"angerlar" Gram/IV SIMA Der/vv TIP Der/vv Gram/TV Gram/Refl V Cont 1Pl
"<meeqqatta>"
	"meeraq" N Rel Pl 1PlPoss
"<soqutigisaat>"
	"soqut" GE Der/nv Gram/TV TAQ Der/vn N Abs Pl 3PlPoss %ContHypotagme
"<sammerusutaallu>"
	"sammi" Gram/TV GUSUP Der/vv Gram/TV TAQ Der/vn N Abs Pl 3PlPoss CONJ-LU %ContHypotagme
"<peqatigalugit>"
	"peqat" GE Der/nv Gram/TV V Cont 3PlO %ContHypotagme
"<aalluttarpavut>"
	"aallup" Gram/TV TAR Der/vv Gram/TV V Ind 1Pl 3PlO
"<,>"
	"," CLB
"<soorlu>"
	"soorlu" Adv
"<:>"
	":" CLB DIRTALESTART

"<nintendomik>"
	"Nintendo" Err/Sub Sem/Hum Prop Ins Sg
"<unammersuarnerit>"
	"unammersuar" Gram/IV NIQ Der/vn N Abs Pl %AmbiguøsN
	"unammi" Gram/IV SUAR Der/vv Gram/IV NIQ Der/vn N Abs Pl %AmbiguøsN
"<,>"
	"," CLB
"<iffioqatigiinnerit>"
	"iffior" Gram/IV QATE Der/vn GIIP Der/nv Gram/Reci Gram/IV NIQ Der/vn N Abs Pl %AmbiguøsN
"<igaqatigiinnerillu>"
	"iga" Gram/HV QATE Der/vn GIIP Der/nv Gram/Reci Gram/IV NIQ Der/vn N Abs Pl CONJ-LU %AmbiguøsN
"<.>"
	"." CLB DIRTALEMIDDLE
</s>

<s id="zWZKYA09EIoXrvh4eXxWt3cw4Eo">
"<KNI-mi>"
	"KNI" Err/Sub Prop Lok Sg
"<quersuarmiittuutit>"
	"qui" SUAQ Der/nn N Lok Sg Hyb/1-2
"<ittuutit>"
	"IP" Gram/IV TUQ Der/vn UTE Der/nn N Rel Pl Hyb/2-2 %AmbiguøsN
"<naatsorsorneri>"
	"naatsorsor" Gram/TV Gram/Pass NIQ Der/vn N Abs Pl 3PlPoss
	"naatsorsor" Gram/TV Gram/Refl NIQ Der/vn N Abs Pl 3PlPoss
"<2008-mili>"
	"2008" N Lok Sg Orth/Alt ADV-LI
"<kukkuneqartut>"
	"kukku" Gram/IV NIQ Der/vn QAR Der/nv Gram/IV V Par 3Pl %AmbiguøsPar
</s>

