<s id="1a8lDsdttq78qpg9nS26r8shUvI">
"<kisianni>"
	"kisianni" Conj @CONJ #1->2
"<nunaminersaqartiterportaaq>"
	"nuna" MINIQ TAQ QAR TITIR V Ind 3Sg TTAAQ @PRED #2->0
"<aamma>"
	"aamma" Conj @CONJ #3->3
"<isugutallutik>"
	"isuguta" V Cont 4Pl @i-ADVL> #4->4
"<issorasaartunik>"
	"issoq" GASAAR TUQ N Ins Pl @<ADVL #5->4
"<.>"
	"." CLB #6->6
</s>

<s id="2C3rgaLCtB5YNeOI6p920Xmm2Cs">
"<Taakku>"
	"una" Pron Abs Pl @SUBJ> #1->3
"<pisariaqartitsilernermi>"
	"pi" TARIAQAR TIP HTR LIR NIQ N Lok Sg @ADVL> #2->3
"<pilersinneqarumaarput>"
	"pi" LIR TIP NIQAR GUMAAR V Ind 3Pl @PRED #3->0
"<,>"
	"," CLB #4->4
"<aamma>"
	"aamma" Conj @CONJ #5->5
"<attavillu>"
	"attavik" N Abs Sg @SUBJ> #6->7
"<aqqusinniorneqareerpat>"
	"aqqusinnior" NIQAR RIIR V Con 3Sg @<CON #7->3
"<ujaraaraasumik>"
	"ujarak" ARAQ U TUQ N Ins Sg @i-N< #8->7
"<.>"
	"." CLB #9->9
</s>

<s id="4o1bezkyI39EifuqzYOn6L7BNsA">
"<kisianni>"
	"kisianni" Conj @CONJ #1->6
"<piffinni>"
	"piffik" N Lok Pl @ADVL> #2->6
"<arlalinni>"
	"arlaq" LIK N Lok Pl @N< #3->2
"<aqqusinissaq>"
	"aqqusineq" SSAQ N Abs Sg @SUBJ> #4->6
"<tatsinut>"
	"taseq" N Trm Pl @ADVL> #5->6
"<qanikannissaaq>"
	"qanip" KANNIR SSA V Ind 3Sg @PRED #6->0
"<.>"
	"." CLB #7->7
</s>

<s id="5g2yfW02wSCJa4RGkPSX0YLEliI">
"<Tamakkiisuunngitsumik>"
	"tamakker" HTR TUQ U NNGIT TUQ N Ins Sg @i->N #1->2
"<paasissutissaqarpoq>"
	"paasi" UTE SSAQ QAR V Ind 3Sg @PRED #2->0
"<aamma>"
	"aamma" Conj @CONJ #3->5
"<tunngavissalimmik>"
	"tunngavik" SSAQ LIK N Ins Sg @i->N #4->5
"<ilisimasaqartoqarani>"
	"ilisima" TAQ QAR TUQ QAR V ContNeg 4Sg @PRED #5->0
"<.>"
	"." CLB #6->6
</s>

<s id="7kQgwhy4lApptxwm5kfNAWmynhY">
"<Nunap>"
	"nuna" N Rel Sg @POSS> #1->2
"<ilaata>"
	"ila" N Rel Sg 3SgPoss @POSS> #2->4
"<tamatuma>"
	"manna" Pron Rel Sg @N< #3->2
"<atuuffii>"
	"atuup" VIK N Abs Pl 3SgPoss @SUBJ> #4->7
"<aamma>"
	"aamma" Conj @CONJ #5->6
"<sannai>"
	"sannaq" N Abs Pl 3SgPoss @SUBJ> #6->7
"<attatiinnarneqassapput>"
	"attap" INNAR NIQAR SSA V Ind 3Pl @PRED #7->0
"<.>"
	"." CLB #8->8
</s>

<s id="85yR8AcL0MOY3J9N9XkoPnFxbRg">
"<Aqqutissaq>"
	"aqqut" SSAQ N Abs Sg @SUBJ> #1->3
"<aappaluttumik>"
	"aak" PALUP TUQ N Ins Sg @i-ADVL> #2->3
"<nalunaaqutsigaavoq>"
	"nalunaaqutser" TAQ U V Ind 3Sg @PRED #3->0
"<aamma>"
	"aamma" Conj @CONJ #4->7
"<toornermiit>"
	"toor" NIQ N Abl Sg @ADVL> #5->7
"<aappaluttumit>"
	"aak" PALUP TUQ N Abl Sg @N< #6->5
"<aallartiffeqarluni>"
	"aallartip" VIK QAR V Cont 4Sg @PRED #7->0
"<.>"
	"." CLB #8->8
</s>

<s id="9xKiX9iWLUpulmOOkF5vFaPCh5Y">
"<Illunit>"
	"illu" N Abl Pl @ADVL> #1->5
"<sullivinnit>"
	"sullivik" N Abl Pl @ADVL> #2->5
"<aamma>"
	"aamma" Conj @CONJ #3->4
"<perusuersartarfinniit>"
	"perusuersartarfik" N Abl Pl @ADVL> #4->5
"<eqqagassaqartassaaq>"
	"eqqar" TAQ SSAQ QAR TAR SSA V Ind 3Sg @PRED #5->0
"<.>"
	"." CLB #6->6
</s>

<s id="Do4PKlVTRBtAOyIhyzfZatBneEY">
"<Timmissat>"
	"timmiaq" N Abs Pl @SUBJ> #1->10
"<tuullik>"
	"tuullik" N Abs Sg @SUBJ> #2->2
"<aamma>"
	"aamma" Conj @CONJ #3->4
"<kiinaaleeraq>"
	"kiinaaleeraq" N Abs Sg @SUBJ> #4->10
"<Kalaallit Nunaanniinnerat>"
	"Kalaallit Nunaat" Prop Lok Sg 3PlPoss @i-ADVL> #5->6
"<innerat>"
	"IP" NIQ N Abs Sg 3PlPoss @OBJ> #6->7
"<eqqarsaatigalugu>"
	"eqqarsar" UTE GE V Cont 3SgO @ADVL> #7->10
"<piffimmi>"
	"piffik" N Lok Sg @ADVL> #8->10
"<siamasinngitsumi>"
	"siamasi" NNGIT TUQ N Lok Sg @N< #9->8
	"siamasip" NNGIT TUQ N Lok Sg @N< #9->8
"<amerlapput>"
	"amerla" V Ind 3Pl @PRED #10->0
"<..>"
	".." CLB #11->11
</s>

<s id="FroM5ok7aqcozrkrT8WHnIJgRYg">
"<Annertunaviannginnamilli>"
	"angi" NIQ TU NAVIAR NNGIT V Cau 4Pl ADV-LI @CAU> #1->2
"<malunnassallutik>"
	"malunnar" SSA V Cont 4Pl @PRED #2->0
"<.>"
	"." CLB #3->3
</s>

<s id="FwkTEVY16cqWG6gNykrkxGgA7Ig">
"<Nunat>"
	"nuna" N Abs Pl @SUBJ> #1->7
"<qaarsortarasaat>"
	"qaarsoq" TAQ GASAAQ N Abs Pl @N< #2->1
"<aamma>"
	"aamma" Conj @CONJ #3->7
"<ujaraaraqarlutillu>"
	"ujarak" ARAQ QAR V Cont 4Pl @ADVL> #4->7
"<ujaraalullit>"
	"ujarak" ALUK LIK N Abs Pl @SUBJ> #5->7
"<aamma>"
	"aamma" Adv @ADVL> #6->7
"<piffiussapput>"
	"piffik" U SSA V Ind 3Pl @PRED #7->0
"<atortussat>"
	"ator" TUQ SSAQ N Rel Pl @POSS> #8->9
"<amerlanerpaartaannik>"
	"amerla" NIRPAAQ TAQ N Ins Pl 3PlPoss @i-MIK-OBJ> #9->10
"<piiaaffissat>"
	"piiar" HTR VIK SSAQ N Abs Pl @i-SUBJ_COMP< #10->7
"<.>"
	"." CLB #11->11
</s>

<s id="MiKQMsvi5A0eGwDM0QThywFqxg0">
"<Misissukkat>"
	"misissor" TAQ N Abs Pl @SUBJ> #1->2
"<siamasipput>"
	"siamasi" V Ind 3Pl @PRED #2->0
	"siamasip" V Ind 3Pl @PRED #2->0
"<aamma>"
	"aamma" Conj @CONJ #3->5
"<ilisimasanik>"
	"ilisima" TAQ N Ins Pl @MIK-OBJ> #4->5
"<uppernarsaanertaqalaarluni>"
	"upper" NAR SAR HTR NIQ TAQ QAR LAAR V Cont 4Sg @PRED #5->0
"<.>"
	"." CLB #6->6
</s>

<s id="MyJk0zs9pyMxR8CiwsIRwBihPpo">
"<Kangerlussuup>"
	"Kangerlussuaq" Prop Rel Sg @POSS> #1->2
"<nalaata>"
	"nale" N Rel Sg 3SgPoss @POSS> #2->3
"<nalaani>"
	"nale" N Lok Sg 3SgPoss @ADVL> #3->5
"<nunaminertami>"
	"nuna" MINIQ TAQ N Lok Sg @N< #4->3
"<taseqarpoq>"
	"taseq" QAR V Ind 3Sg @PRED #5->0
"<aamma>"
	"aamma" Conj @CONJ #6->15
"<tarajoqangaatsiarlutillu>"
	"tarajoq" QAR NGAAR TSIAR V Cont 4Pl @ADVL> #7->9
"<ion-imik>"
	"ion" N Ins Sg @i->N #8->9
"<akoqangaaramik>"
	"aku" QAR NGAAR V Cau 4Pl @CAU> #9->15
"<tatsinik>"
	"taseq" N Ins Pl @ADVL> #10->15
"<tarajuusunik>"
	"tarajoq" U TUQ N Ins Pl @N< #11->10
"<imaluunniit>"
	"imaluunniit" Conj @CONJ #12->13
"<tatsinik>"
	"taseq" N Ins Pl @ADVL> #13->15
"<tarajortuunik>"
	"tarajoq" TUUQ N Ins Pl @N< #14->13
"<taaneqarsinnaallutik>"
	"taa" NIQAR SINNAA V Cont 4Pl @PRED #15->0
"<.>"
	"." CLB #16->16
</s>

<s id="TP8ajTh7BK2Hg1VoHaGYARqr7vk">
"<Ullumilu>"
	"ullumi" Adv ADV-LU @CL-ADVL> #1->8
"<inuit>"
	"inuk" N Rel Pl @SUBJ> #2->8
"<1.200-t>"
	"1.200" Num Rel Pl @POSS> #3->3
"<missaasa>"
	"misse" N Rel Pl 3PlPoss @N< #4->3
"<aqqut>"
	"aqqut" N Abs Sg @OBJ> #5->8
"<taanna>"
	"una" Pron Abs Sg @N< #6->5
"<ukiumut>"
	"ukioq" N Trm Sg @ADVL> #7->8
"<aqqutigisarpaat>"
	"aqqut" GE TAR V Ind 3Pl 3SgO @PRED #8->0
"<.>"
	"." CLB #9->9
</s>

<s id="TdskJlmsbv8iOyZCsBVS7QixVro">
"<Pilersaarusiaq>"
	"pilersaar" UTE LIAQ N Abs Sg @SUBJ> #1->5
"<aamma>"
	"aamma" Conj @CONJ #2->3
"<nuna>"
	"nuna" N Abs Sg @SUBJ> #3->5
"<sammisaq>"
	"sammi" TAQ N Abs Sg @N< #4->3
"<naluneqanngillat>"
	"nalu" NIQAR NNGIT V Ind 3Pl @PRED #5->0
"<,>"
	"," CLB #6->6
"<aamma>"
	"aamma" Conj @CONJ #7->7
"<sumiiffimmi>"
	"sumiiffik" N Lok Sg @i-ADVL> #8->10
"<kulturikkut>"
	"kultur" N Via Sg @i-ADVL> #9->10
"<oqaluttuarisaanermik>"
	"oqaluttuarisaaneq" N Ins Sg @i-ADVL> #10->11
"<nassaat>"
	"nassaaq" N Abs Pl @OBJ> #11->12
"<pillugit>"
	"pi" V Cont 3PlO @i-ADVL> #12->13
"<nalunaarusiaqarluni>"
	"nalunaarusiaq" QAR V Cont 4Sg @<ADVL #13->5
"<.>"
	"." CLB #14->14
</s>

<s id="WMw8zh2PQjHaXCGFVwPexGd2LRA">
"<Umimmaat>"
	"umimmak" N Abs Pl @SUBJ> #1->3
"<1989-imiilli>"
	"1989" N Abl Sg ADV-LI @AGENS #2->3
"<piniagaapput>"
	"piniar" TAQ U V Ind 3Pl @PRED #3->0
"<.>"
	"." CLB #4->4
</s>

<s id="WmABkppiBiEFTPHRDrxde7XMhN4">
"<Nuna>"
	"nuna" N Abs Sg @SUBJ> #1->4
"<aamma>"
	"aamma" Conj @CONJ #2->4
"<tuttoqaqaluni>"
	"tuttu" QAR QE V Cont 4Sg @ADVL> #3->4
"<umimmaqaqaaq>"
	"umimmak" QAR QE V Ind 3Sg @PRED #4->0
"<.>"
	"." CLB #5->5
</s>

<s id="Xu97yVtQWRPLdCO3ryT2emk3gSU">
"<Narsaamanerit>"
	"narsaamaneq" N Abs Pl @HNOUN #1->0
"<tarajuusut>"
	"tarajoq" U TUQ N Abs Pl @N< #2->1
"<Brayasømi>"
	"Brayasø" Prop Lok Sg @i-<ADVL #3->1
"<(>"
	"(" PUNCT LEFT #4->4
"<saamerl.>"
	"saamerleq" N @N< #5->3
"<)>"
	")" PUNCT RIGHT #6->6
"<aamma>"
	"aamma" Conj @CONJ #7->7
"<Hundesømi>"
	"Hundesø" Prop Lok Sg @i-<ADVL #8->1
"<(>"
	"(" PUNCT LEFT #9->9
"<talerperl.>"
	"talerperleq" N @N< #10->8
"<)>"
	")" PUNCT RIGHT #11->11
"<.>"
	"." CLB #12->12
</s>

<s id="e1ua0g8HsD4NNyra9x9texCCEnY">
"<Sumiissinnaappulluunniit>"
	"suna" Pron Lok Sg @ADVL> #1->2
"<issinnaappulluunniit>"
	"IP" SINNAA V Ind 3Pl ADV-LUUNNIIT @PRED #2->0
"<,>"
	"," CLB #3->3
"<innaarsunni>"
	"innaarsuk" N Lok Pl @ADVL> #4->5
"<piaqqisarput>"
	"piaqqi" TAR V Ind 3Pl @PRED #5->0
"<.>"
	"." CLB #6->6
</s>

<s id="kDfjsjhJ3HAj1MxoAwBzl3HdUG4">
"<Sullissivittut>"
	"sullip" HTR VIK N Aeq Pl @ADVL> #1->8
"<aamma>"
	"aamma" Conj @CONJ #2->3
"<anartarfittut>"
	"anar" TAR VIK N Aeq Pl @i-ADVL> #3->5
"<illuaqqat>"
	"illu" ARAQ N Rel Pl @POSS> #4->5
"<inissiffissaat>"
	"ini" SSIP VIK SSAQ N Abs Pl 3PlPoss @SUBJ> #5->8
"<aamma>"
	"aamma" Conj @CONJ #6->7
"<ilusissaat>"
	"iluseq" SSAQ N Abs Pl 3PlPoss @SUBJ> #7->8
"<ilisimaneqanngillat>"
	"ilisima" NIQAR NNGIT V Ind 3Pl @PRED #8->0
"<.>"
	"." CLB #9->9
</s>

<s id="l2qaMVCXHds36S3wBbc4EbRadsk">
"<Mingutsitsineq>"
	"mingup" TIP HTR NIQ N Abs Sg @SUBJ> #1->2
"<malugiuminartussaavoq>"
	"maluge" GUMINAR TUQ SSAQ U V Ind 3Sg @PRED #2->0
"<aamma>"
	"aamma" Conj @CONJ #3->5
"<kingorna>"
	"kingorna" Adv @CL-ADVL> #4->5
"<piiarneqarsinnaassalluni>"
	"piiar" NIQAR SINNAA SSA V Cont 4Sg @PRED #5->0
"<.>"
	"." CLB #6->6
</s>

<s id="oc6x0OmJjCN6X3XINCknB3Z42V0">
"<Sannat>"
	"sannaq" N Abs Pl @SUBJ> #1->4
"<imaluunniit>"
	"imaluunniit" Conj @CONJ #2->3
"<atuuffiilluunniit>"
	"atuup" VIK N Abs Pl @SUBJ> #3->4
"<annaaneqarsinnaapput>"
	"annaa" NIQAR SINNAA V Ind 3Pl @PRED #4->0
"<.>"
	"." CLB #5->5
</s>

<s id="tbzY2yt6PRnUzpTz0YWW1RzaGKk">
"<Nassuiaatit>"
	"nassuiar" UTE N Abs Pl @HNOUN #1->0
"<ATV-nut>"
	"ATV" N Trm Pl @ADVL>N #2->3
"<aqqut>"
	"aqqut" N Abs Sg #3->3
"</>"
	"/" Conj @CONJ #4->4
"<nunaannarmi>"
	"nuna" INNAQ N Lok Sg @i-ADVL> #5->9
"<aqqut>"
	"aqqut" N Abs Sg @OBJ> #6->6
"<aamma>"
	"aamma" Conj @CONJ #7->8
"<aqqullu>"
	"aqqut" N Abs Sg @OBJ> #8->10
"<ujaraaraasoq>"
	"ujarak" ARAQ U TUQ N Abs Sg @N< #9->8
"<pillugit>"
	"pi" V Cont 3PlO @i-<ADVL #10->10
"<.>"
	"." CLB #11->11
</s>

<s id="vZ1iGiTT9Vr1XiMWVH1ver5EVx4">
"<Suliniut>"
	"suli" NIUTE N Abs Sg @SUBJ> #1->5
"<aamma>"
	"aamma" Conj @CONJ #2->5
"<piffimmi>"
	"piffik" N Lok Sg @i-ADVL> #3->4
"<atugassarititaasut>"
	"ator" TAQ SSAQ GE TIP TAQ U TUQ N Abs Pl @SUBJ> #4->5
"<nalunngilluarneqarput>"
	"nalu" NNGIT LLUAR NIQAR V Ind 3Pl @PRED #5->0
"<.>"
	"." CLB #6->6
</s>

