<s id="1a8lDsdttq78qpg9nS26r8shUvI">
"<kisianni>"
	"kisianni" Conj @CONJ #1->2
"<nunaminersaqartiterportaaq>"
	"nuna" MINIQ Der/nn TAQ Der/nn QAR Der/nv Gram/IV TITIR Der/vv Gram/IV V Ind 3Sg TTAAQ @PRED #2->0
"<aamma>"
	"aamma" Conj @CONJ #3->3
"<isugutallutik>"
	"isuguta" Gram/IV V Cont 4Pl @i-ADVL> #4->4
"<issorasaartunik>"
	"issoq" GASAAR Der/nv Gram/IV TUQ Der/vn N Ins Pl @<ADVL #5->4
"<.>"
	"." CLB #6->6
</s>

<s id="2C3rgaLCtB5YNeOI6p920Xmm2Cs">
"<Taakku>"
	"una" Prefix/TA Gram/Dem Pron Abs Pl @SUBJ> #1->3
"<pisariaqartitsilernermi>"
	"pi" Gram/IV TARIAQAR Der/vv Gram/IV TIP Der/vv Gram/TV HTR Der/vv Gram/IV LIR Der/vv Gram/IV NIQ Der/vn N Lok Sg @ADVL> #2->3
"<pilersinneqarumaarput>"
	"pi" Gram/IV LIR Der/vv Gram/IV TIP Der/vv Gram/TV NIQAR Der/vv Gram/IV GUMAAR Der/vv Gram/IV V Ind 3Pl @PRED #3->0
"<,>"
	"," CLB #4->4
"<aamma>"
	"aamma" Conj @CONJ #5->5
"<attavillu>"
	"attavik" N Abs Sg @SUBJ> #6->7
"<aqqusinniorneqareerpat>"
	"aqqusinnior" Gram/TV NIQAR Der/vv Gram/IV RIIR Der/vv Gram/IV V Con 3Sg @<CON #7->3
"<ujaraaraasumik>"
	"ujarak" ARAQ Der/nn U Der/nv Gram/IV TUQ Der/vn N Ins Sg @i-N< #8->7
"<.>"
	"." CLB #9->9
</s>

<s id="4o1bezkyI39EifuqzYOn6L7BNsA">
"<kisianni>"
	"kisianni" Conj @CONJ #1->6
"<piffinni>"
	"piffik" N Lok Pl @ADVL> #2->6
"<arlalinni>"
	"arlaq" LIK Der/nn N Lok Pl @N< #3->2
"<aqqusinissaq>"
	"aqqusineq" SSAQ Der/nn N Abs Sg @SUBJ> #4->6
"<tatsinut>"
	"taseq" N Trm Pl @ADVL> #5->6
"<qanikannissaaq>"
	"qanip" Gram/IV KANNIR Der/vv Gram/IV SSA Der/vv Gram/IV V Ind 3Sg @PRED #6->0
"<.>"
	"." CLB #7->7
</s>

<s id="5g2yfW02wSCJa4RGkPSX0YLEliI">
"<Tamakkiisuunngitsumik>"
	"tamakker" Gram/TV HTR Der/vv Gram/IV TUQ Der/vn U Der/nv Gram/IV NNGIT Der/vv Gram/IV TUQ Der/vn N Ins Sg @i->N #1->2
"<paasissutissaqarpoq>"
	"paasi" Gram/IV UTE Der/vn SSAQ Der/nn QAR Der/nv Gram/IV V Ind 3Sg @PRED #2->0
"<aamma>"
	"aamma" Conj @CONJ #3->5
"<tunngavissalimmik>"
	"tunngavik" SSAQ Der/nn LIK Der/nn N Ins Sg @i->N #4->5
"<ilisimasaqartoqarani>"
	"ilisima" Gram/TV TAQ Der/vn QAR Der/nv Gram/IV TUQ Der/vn QAR Der/nv Gram/IV V ContNeg 4Sg @PRED #5->0
"<.>"
	"." CLB #6->6
</s>

<s id="7kQgwhy4lApptxwm5kfNAWmynhY">
"<Nunap>"
	"nuna" N Rel Sg @POSS> #1->2
"<ilaata>"
	"ila" Sem/Geo N Rel Sg 3SgPoss @POSS> #2->4
"<tamatuma>"
	"manna" Prefix/TA Gram/Dem Pron Rel Sg @N< #3->2
"<atuuffii>"
	"atuup" Gram/IV VIK Der/vn N Abs Pl 3SgPoss @SUBJ> #4->7
"<aamma>"
	"aamma" Conj @CONJ #5->6
"<sannai>"
	"sannaq" N Abs Pl 3SgPoss @SUBJ> #6->7
"<attatiinnarneqassapput>"
	"attap" Gram/TV INNAR Der/vv Gram/TV NIQAR Der/vv Gram/IV SSA Der/vv Gram/IV V Ind 3Pl @PRED #7->0
"<.>"
	"." CLB #8->8
</s>

<s id="85yR8AcL0MOY3J9N9XkoPnFxbRg">
"<Aqqutissaq>"
	"aqqut" SSAQ Der/nn N Abs Sg @SUBJ> #1->3
"<aappaluttumik>"
	"aak" PALUP Der/nv Gram/IV TUQ Der/vn N Ins Sg @i-ADVL> #2->3
"<nalunaaqutsigaavoq>"
	"nalunaaqutser" Gram/TV TAQ Der/vn U Der/nv Gram/IV V Ind 3Sg @PRED #3->0
"<aamma>"
	"aamma" Conj @CONJ #4->7
"<toornermiit>"
	"toor" Gram/IV NIQ Der/vn N Abl Sg @ADVL> #5->7
"<aappaluttumit>"
	"aak" PALUP Der/nv Gram/IV TUQ Der/vn N Abl Sg @N< #6->5
"<aallartiffeqarluni>"
	"aallartip" Gram/IV VIK Der/vn QAR Der/nv Gram/IV V Cont 4Sg @PRED #7->0
"<.>"
	"." CLB #8->8
</s>

<s id="9xKiX9iWLUpulmOOkF5vFaPCh5Y">
"<Illunit>"
	"illu" N Abl Pl @ADVL> #1->5
"<sullivinnit>"
	"sullivik" N Abl Pl @ADVL> #2->5
"<aamma>"
	"aamma" Conj @CONJ #3->4
"<perusuersartarfinniit>"
	"perusuersartarfik" N Abl Pl @ADVL> #4->5
"<eqqagassaqartassaaq>"
	"eqqar" Gram/TV TAQ Der/vn SSAQ Der/nn QAR Der/nv Gram/IV TAR Der/vv Gram/IV SSA Der/vv Gram/IV V Ind 3Sg @PRED #5->0
"<.>"
	"." CLB #6->6
</s>

<s id="Do4PKlVTRBtAOyIhyzfZatBneEY">
"<Timmissat>"
	"timmiaq" N Abs Pl @SUBJ> #1->10
"<tuullik>"
	"tuullik" N Abs Sg @SUBJ> #2->2
"<aamma>"
	"aamma" Conj @CONJ #3->4
"<kiinaaleeraq>"
	"kiinaaleeraq" N Abs Sg @SUBJ> #4->10
"<Kalaallit Nunaanniinnerat>"
	"Kalaallit Nunaat" Sem/Geo Prop Lok Sg 3PlPoss Hyb/1-2 @i-ADVL> #5->6
"<innerat>"
	"IP" Gram/IV NIQ Der/vn N Abs Sg 3PlPoss Hyb/2-2 @OBJ> #6->7
"<eqqarsaatigalugu>"
	"eqqarsar" Gram/IV UTE Der/vn GE Der/nv Gram/TV V Cont 3SgO @ADVL> #7->10
"<piffimmi>"
	"piffik" N Lok Sg @ADVL> #8->10
"<siamasinngitsumi>"
	"siamasi" Gram/IV NNGIT Der/vv Gram/IV TUQ Der/vn N Lok Sg @N< #9->8
	"siamasip" Gram/IV NNGIT Der/vv Gram/IV TUQ Der/vn N Lok Sg @N< #9->8
"<amerlapput>"
	"amerla" Gram/IV V Ind 3Pl @PRED #10->0
"<..>"
	".." CLB #11->11
</s>

<s id="FroM5ok7aqcozrkrT8WHnIJgRYg">
"<Annertunaviannginnamilli>"
	"angi" Gram/IV NIQ Der/vn TU Der/nv Gram/IV NAVIAR Der/vv Gram/IV NNGIT Der/vv Gram/IV Gram/Adv-encl V Cau 4Pl ADV-LI @CAU> #1->2
"<malunnassallutik>"
	"malunnar" Gram/IV SSA Der/vv Gram/IV V Cont 4Pl @PRED #2->0
"<.>"
	"." CLB #3->3
</s>

<s id="FwkTEVY16cqWG6gNykrkxGgA7Ig">
"<Nunat>"
	"nuna" N Abs Pl @SUBJ> #1->7
"<qaarsortarasaat>"
	"qaarsoq" TAQ Der/nn GASAAQ Der/nn N Abs Pl @N< #2->1
"<aamma>"
	"aamma" Conj @CONJ #3->7
"<ujaraaraqarlutillu>"
	"ujarak" ARAQ Der/nn QAR Der/nv Gram/IV V Cont 4Pl @ADVL> #4->7
"<ujaraalullit>"
	"ujarak" ALUK Der/nn LIK Der/nn N Abs Pl @SUBJ> #5->7
"<aamma>"
	"aamma" Adv @ADVL> #6->7
"<piffiussapput>"
	"piffik" U Der/nv Gram/IV SSA Der/vv Gram/IV V Ind 3Pl @PRED #7->0
"<atortussat>"
	"ator" Gram/IV TUQ Der/vn SSAQ Der/nn N Rel Pl @POSS> #8->9
"<amerlanerpaartaannik>"
	"amerla" Gram/IV NIRPAAQ Der/vn TAQ Der/nn N Ins Pl 3PlPoss @i-MIK-OBJ> #9->10
"<piiaaffissat>"
	"piiar" Gram/TV HTR Der/vv Gram/IV VIK Der/vn SSAQ Der/nn N Abs Pl @i-SUBJ_COMP< #10->7
"<.>"
	"." CLB #11->11
</s>

<s id="MiKQMsvi5A0eGwDM0QThywFqxg0">
"<Misissukkat>"
	"misissor" Gram/TV TAQ Der/vn N Abs Pl @SUBJ> #1->2
"<siamasipput>"
	"siamasi" Gram/IV V Ind 3Pl @PRED #2->0
	"siamasip" Gram/IV V Ind 3Pl @PRED #2->0
"<aamma>"
	"aamma" Conj @CONJ #3->5
"<ilisimasanik>"
	"ilisima" Gram/TV TAQ Der/vn N Ins Pl @MIK-OBJ> #4->5
"<uppernarsaanertaqalaarluni>"
	"upper" Gram/IV NAR Der/vv SAR Der/vv Gram/TV HTR Der/vv Gram/IV NIQ Der/vn TAQ Der/nn QAR Der/nv Gram/IV LAAR Der/vv Gram/IV V Cont 4Sg @PRED #5->0
"<.>"
	"." CLB #6->6
</s>

<s id="MyJk0zs9pyMxR8CiwsIRwBihPpo">
"<Kangerlussuup>"
	"Kangerlussuaq" Sem/Geo Prop Rel Sg @POSS> #1->2
"<nalaata>"
	"nale" N Rel Sg 3SgPoss @POSS> #2->3
"<nalaani>"
	"nale" N Lok Sg 3SgPoss @ADVL> #3->5
"<nunaminertami>"
	"nuna" MINIQ Der/nn TAQ Der/nn N Lok Sg @N< #4->3
"<taseqarpoq>"
	"taseq" QAR Der/nv Gram/IV V Ind 3Sg @PRED #5->0
"<aamma>"
	"aamma" Conj @CONJ #6->15
"<tarajoqangaatsiarlutillu>"
	"tarajoq" QAR Der/nv Gram/IV NGAAR Der/vv Gram/IV TSIAR Der/vv Gram/IV V Cont 4Pl @ADVL> #7->9
"<ion-imik>"
	"ion" OLang/DAN Err/Sub N Ins Sg @i->N #8->9
"<akoqangaaramik>"
	"aku" QAR Der/nv Gram/IV NGAAR Der/vv Gram/IV V Cau 4Pl @CAU> #9->15
"<tatsinik>"
	"taseq" N Ins Pl @ADVL> #10->15
"<tarajuusunik>"
	"tarajoq" U Der/nv Gram/IV TUQ Der/vn N Ins Pl @N< #11->10
"<imaluunniit>"
	"imaluunniit" Conj @CONJ #12->13
"<tatsinik>"
	"taseq" N Ins Pl @ADVL> #13->15
"<tarajortuunik>"
	"tarajoq" TUUQ Der/nn N Ins Pl @N< #14->13
"<taaneqarsinnaallutik>"
	"taa" Gram/TV NIQAR Der/vv Gram/IV SINNAA Der/vv V Cont 4Pl @PRED #15->0
"<.>"
	"." CLB #16->16
</s>

<s id="TP8ajTh7BK2Hg1VoHaGYARqr7vk">
"<Ullumilu>"
	"ullumi" Gram/Adv-encl Adv ADV-LU @CL-ADVL> #1->8
"<inuit>"
	"inuk" N Rel Pl @SUBJ> #2->8
"<1.200-t>"
	"1.200" Num Rel Pl @POSS> #3->3
"<missaasa>"
	"misse" N Rel Pl 3PlPoss @N< #4->3
"<aqqut>"
	"aqqut" N Abs Sg @OBJ> #5->8
"<taanna>"
	"una" Prefix/TA Gram/Dem Pron Abs Sg @N< #6->5
"<ukiumut>"
	"ukioq" N Trm Sg @ADVL> #7->8
"<aqqutigisarpaat>"
	"aqqut" GE Der/nv Gram/TV TAR Der/vv Gram/TV V Ind 3Pl 3SgO @PRED #8->0
"<.>"
	"." CLB #9->9
</s>

<s id="TdskJlmsbv8iOyZCsBVS7QixVro">
"<Pilersaarusiaq>"
	"pilersaar" Gram/HV UTE Der/vn LIAQ Der/nn N Abs Sg @SUBJ> #1->5
"<aamma>"
	"aamma" Conj @CONJ #2->3
"<nuna>"
	"nuna" N Abs Sg @SUBJ> #3->5
"<sammisaq>"
	"sammi" Gram/TV TAQ Der/vn N Abs Sg @N< #4->3
"<naluneqanngillat>"
	"nalu" Gram/TV NIQAR Der/vv Gram/IV NNGIT Der/vv Gram/IV V Ind 3Pl @PRED #5->0
"<,>"
	"," CLB #6->6
"<aamma>"
	"aamma" Conj @CONJ #7->7
"<sumiiffimmi>"
	"sumiiffik" N Lok Sg @i-ADVL> #8->10
"<kulturikkut>"
	"kultur" OLang/DAN N Via Sg @i-ADVL> #9->10
"<oqaluttuarisaanermik>"
	"oqaluttuarisaaneq" N Ins Sg @i-ADVL> #10->11
"<nassaat>"
	"nassaaq" N Abs Pl @OBJ> #11->12
"<pillugit>"
	"pi" Gram/TV V Cont 3PlO @i-ADVL> #12->13
"<nalunaarusiaqarluni>"
	"nalunaarusiaq" QAR Der/nv Gram/IV V Cont 4Sg @<ADVL #13->5
"<.>"
	"." CLB #14->14
</s>

<s id="WMw8zh2PQjHaXCGFVwPexGd2LRA">
"<Umimmaat>"
	"umimmak" N Abs Pl @SUBJ> #1->3
"<1989-imiilli>"
	"1989" Gram/Adv-encl N Abl Sg ADV-LI @AGENS #2->3
"<piniagaapput>"
	"piniar" Gram/TV TAQ Der/vn U Der/nv Gram/IV V Ind 3Pl @PRED #3->0
"<.>"
	"." CLB #4->4
</s>

<s id="WmABkppiBiEFTPHRDrxde7XMhN4">
"<Nuna>"
	"nuna" N Abs Sg @SUBJ> #1->4
"<aamma>"
	"aamma" Conj @CONJ #2->4
"<tuttoqaqaluni>"
	"tuttu" QAR Der/nv Gram/IV QE Der/vv Gram/IV V Cont 4Sg @ADVL> #3->4
"<umimmaqaqaaq>"
	"umimmak" QAR Der/nv Gram/IV QE Der/vv Gram/IV V Ind 3Sg @PRED #4->0
"<.>"
	"." CLB #5->5
</s>

<s id="Xu97yVtQWRPLdCO3ryT2emk3gSU">
"<Narsaamanerit>"
	"narsaamaneq" N Abs Pl @HNOUN #1->0
"<tarajuusut>"
	"tarajoq" U Der/nv Gram/IV TUQ Der/vn N Abs Pl @N< #2->1
"<Brayasømi>"
	"Brayasø" Sem/Geo Prop Lok Sg @i-<ADVL #3->1
"<(>"
	"(" PUNCT LEFT #4->4
"<saamerl.>"
	"saamerleq" N Gram/Abbr @N< #5->3
"<)>"
	")" PUNCT RIGHT #6->6
"<aamma>"
	"aamma" Conj @CONJ #7->7
"<Hundesømi>"
	"Hundesø" Sem/Geo Prop Lok Sg @i-<ADVL #8->1
"<(>"
	"(" PUNCT LEFT #9->9
"<talerperl.>"
	"talerperleq" N Gram/Abbr @N< #10->8
"<)>"
	")" PUNCT RIGHT #11->11
"<.>"
	"." CLB #12->12
</s>

<s id="e1ua0g8HsD4NNyra9x9texCCEnY">
"<Sumiissinnaappulluunniit>"
	"suna" Gram/Int Pron Lok Sg Hyb/1-2 @ADVL> #1->2
"<issinnaappulluunniit>"
	"IP" Gram/IV SINNAA Der/vv Gram/Adv-encl V Ind 3Pl ADV-LUUNNIIT Hyb/2-2 @PRED #2->0
"<,>"
	"," CLB #3->3
"<innaarsunni>"
	"innaarsuk" N Lok Pl @ADVL> #4->5
"<piaqqisarput>"
	"piaqqi" Gram/IV TAR Der/vv Gram/IV V Ind 3Pl @PRED #5->0
"<.>"
	"." CLB #6->6
</s>

<s id="kDfjsjhJ3HAj1MxoAwBzl3HdUG4">
"<Sullissivittut>"
	"sullip" Gram/TV HTR Der/vv VIK Der/vn N Aeq Pl @ADVL> #1->8
"<aamma>"
	"aamma" Conj @CONJ #2->3
"<anartarfittut>"
	"anar" Gram/IV TAR Der/vv Gram/IV VIK Der/vn N Aeq Pl @i-ADVL> #3->5
"<illuaqqat>"
	"illu" ARAQ Der/nn N Rel Pl @POSS> #4->5
"<inissiffissaat>"
	"ini" SSIP Der/nv Gram/IV VIK Der/vn SSAQ Der/nn N Abs Pl 3PlPoss @SUBJ> #5->8
"<aamma>"
	"aamma" Conj @CONJ #6->7
"<ilusissaat>"
	"iluseq" SSAQ Der/nn N Abs Pl 3PlPoss @SUBJ> #7->8
"<ilisimaneqanngillat>"
	"ilisima" Gram/TV NIQAR Der/vv Gram/IV NNGIT Der/vv Gram/IV V Ind 3Pl @PRED #8->0
"<.>"
	"." CLB #9->9
</s>

<s id="l2qaMVCXHds36S3wBbc4EbRadsk">
"<Mingutsitsineq>"
	"mingup" Gram/IV TIP Der/vv Gram/TV HTR Der/vv Gram/IV NIQ Der/vn N Abs Sg @SUBJ> #1->2
"<malugiuminartussaavoq>"
	"maluge" Gram/TV GUMINAR Der/vv Gram/IV TUQ Der/vn SSAQ Der/nn U Der/nv Gram/IV V Ind 3Sg @PRED #2->0
"<aamma>"
	"aamma" Conj @CONJ #3->5
"<kingorna>"
	"kingorna" Adv @CL-ADVL> #4->5
"<piiarneqarsinnaassalluni>"
	"piiar" Gram/TV NIQAR Der/vv Gram/IV SINNAA Der/vv SSA Der/vv Gram/IV V Cont 4Sg @PRED #5->0
"<.>"
	"." CLB #6->6
</s>

<s id="oc6x0OmJjCN6X3XINCknB3Z42V0">
"<Sannat>"
	"sannaq" N Abs Pl @SUBJ> #1->4
"<imaluunniit>"
	"imaluunniit" Conj @CONJ #2->3
"<atuuffiilluunniit>"
	"atuup" Gram/IV VIK Der/vn N Abs Pl @SUBJ> #3->4
"<annaaneqarsinnaapput>"
	"annaa" Gram/TV NIQAR Der/vv Gram/IV SINNAA Der/vv V Ind 3Pl @PRED #4->0
"<.>"
	"." CLB #5->5
</s>

<s id="tbzY2yt6PRnUzpTz0YWW1RzaGKk">
"<Nassuiaatit>"
	"nassuiar" Gram/TV UTE Der/vn N Abs Pl @HNOUN #1->0
"<ATV-nut>"
	"ATV" N Gram/ACR Trm Pl @ADVL>N #2->3
"<aqqut>"
	"aqqut" N Abs Sg #3->3
"</>"
	"/" Gram/Conj-encl Conj @CONJ #4->4
"<nunaannarmi>"
	"nuna" INNAQ Der/nn N Lok Sg @i-ADVL> #5->9
"<aqqut>"
	"aqqut" N Abs Sg @OBJ> #6->6
"<aamma>"
	"aamma" Conj @CONJ #7->8
"<aqqullu>"
	"aqqut" N Abs Sg @OBJ> #8->10
"<ujaraaraasoq>"
	"ujarak" ARAQ Der/nn U Der/nv Gram/IV TUQ Der/vn N Abs Sg @N< #9->8
"<pillugit>"
	"pi" Gram/TV V Cont 3PlO @i-<ADVL #10->10
"<.>"
	"." CLB #11->11
</s>

<s id="vZ1iGiTT9Vr1XiMWVH1ver5EVx4">
"<Suliniut>"
	"suli" Gram/IV NIUTE Der/vn N Abs Sg @SUBJ> #1->5
"<aamma>"
	"aamma" Conj @CONJ #2->5
"<piffimmi>"
	"piffik" N Lok Sg @i-ADVL> #3->4
"<atugassarititaasut>"
	"ator" Gram/TV TAQ Der/vn SSAQ Der/nn GE Der/nv Gram/TV TIP Der/vv Gram/Db TAQ Der/vn U Der/nv Gram/IV TUQ Der/vn N Abs Pl @SUBJ> #4->5
"<nalunngilluarneqarput>"
	"nalu" Gram/TV NNGIT Der/vv Gram/TV LLUAR Der/vv Gram/TV NIQAR Der/vv Gram/IV V Ind 3Pl @PRED #5->0
"<.>"
	"." CLB #6->6
</s>

