<s id="1a8lDsdttq78qpg9nS26r8shUvI">
"<kisianni>"
	"kisianni" Conj
"<nunaminersaqartiterportaaq>"
	"nuna" MINIQ Der/nn TAQ Der/nn QAR Der/nv Gram/IV TITIR Der/vv Gram/IV V Ind 3Sg TTAAQ
"<aamma>"
	"aamma" Conj
"<isugutallutik>"
	"isuguta" Gram/IV V Cont 4Pl
"<issorasaartunik>"
	"issoq" GASAAR Der/nv Gram/IV TUQ Der/vn N Ins Pl
"<.>"
	"." CLB
</s>

<s id="2C3rgaLCtB5YNeOI6p920Xmm2Cs">
"<Taakku>"
	"una" Prefix/TA Gram/Dem Pron Abs Pl %AmbiguøsN
"<pisariaqartitsilernermi>"
	"pi" Gram/IV TARIAQAR Der/vv Gram/IV TIP Der/vv Gram/TV HTR Der/vv Gram/IV LIR Der/vv Gram/IV NIQ Der/vn N Lok Sg
"<pilersinneqarumaarput>"
	"pi" Gram/IV LIR Der/vv Gram/IV TIP Der/vv Gram/TV NIQAR Der/vv Gram/IV GUMAAR Der/vv Gram/IV V Ind 3Pl
"<,>"
	"," CLB
"<aamma>"
	"aamma" Conj
"<attavillu>"
	"attavik" N Abs Sg %AmbiguøsN
"<aqqusinniorneqareerpat>"
	"aqqusinnior" Gram/TV NIQAR Der/vv Gram/IV RIIR Der/vv Gram/IV V Con 3Sg
"<ujaraaraasumik>"
	"ujarak" ARAQ Der/nn U Der/nv Gram/IV TUQ Der/vn N Ins Sg
"<.>"
	"." CLB
</s>

<s id="4o1bezkyI39EifuqzYOn6L7BNsA">
"<kisianni>"
	"kisianni" Conj
"<piffinni>"
	"piffik" N Lok Pl
"<arlalinni>"
	"arlaq" LIK Der/nn N Lok Pl
"<aqqusinissaq>"
	"aqqusineq" SSAQ Der/nn N Abs Sg
"<tatsinut>"
	"taseq" N Trm Pl
"<qanikannissaaq>"
	"qanip" Gram/IV KANNIR Der/vv Gram/IV SSA Der/vv Gram/IV V Ind 3Sg
"<.>"
	"." CLB
</s>

<s id="5g2yfW02wSCJa4RGkPSX0YLEliI">
"<Tamakkiisuunngitsumik>"
	"tamakker" Gram/TV HTR Der/vv Gram/IV TUQ Der/vn U Der/nv Gram/IV NNGIT Der/vv Gram/IV TUQ Der/vn N Ins Sg
"<paasissutissaqarpoq>"
	"paasi" Gram/IV UTE Der/vn SSAQ Der/nn QAR Der/nv Gram/IV V Ind 3Sg
"<aamma>"
	"aamma" Conj
"<tunngavissalimmik>"
	"tunngavik" SSAQ Der/nn LIK Der/nn N Ins Sg
"<ilisimasaqartoqarani>"
	"ilisima" Gram/TV TAQ Der/vn QAR Der/nv Gram/IV TUQ Der/vn QAR Der/nv Gram/IV V ContNeg 4Sg
"<.>"
	"." CLB
</s>

<s id="7kQgwhy4lApptxwm5kfNAWmynhY">
"<Nunap>"
	"nuna" N Rel Sg
"<ilaata>"
	"ila" Sem/Geo N Rel Sg 3SgPoss
"<tamatuma>"
	"manna" Prefix/TA Gram/Dem Pron Rel Sg
"<atuuffii>"
	"atuup" Gram/IV VIK Der/vn N Abs Pl 3SgPoss
"<aamma>"
	"aamma" Conj
"<sannai>"
	"sannaq" N Abs Pl 3SgPoss
"<attatiinnarneqassapput>"
	"attap" Gram/TV INNAR Der/vv Gram/TV NIQAR Der/vv Gram/IV SSA Der/vv Gram/IV V Ind 3Pl
"<.>"
	"." CLB
</s>

<s id="85yR8AcL0MOY3J9N9XkoPnFxbRg">
"<Aqqutissaq>"
	"aqqut" SSAQ Der/nn N Abs Sg
"<aappaluttumik>"
	"aak" PALUP Der/nv Gram/IV TUQ Der/vn N Ins Sg
"<nalunaaqutsigaavoq>"
	"nalunaaqutser" Gram/TV TAQ Der/vn U Der/nv Gram/IV V Ind 3Sg
"<aamma>"
	"aamma" Conj
"<toornermiit>"
	"toor" Gram/IV NIQ Der/vn N Abl Sg
	"toor" Gram/IV NIQ Der/vn N Ins Sg
"<aappaluttumit>"
	"aak" PALUP Der/nv Gram/IV TUQ Der/vn N Abl Sg
"<aallartiffeqarluni>"
	"aallartip" Gram/IV VIK Der/vn QAR Der/nv Gram/IV V Cont 4Sg
"<.>"
	"." CLB
</s>

<s id="9xKiX9iWLUpulmOOkF5vFaPCh5Y">
"<Illunit>"
	"illu" N Abl Pl
"<sullivinnit>"
	"sullivik" N Abl Pl
"<aamma>"
	"aamma" Conj
"<perusuersartarfinniit>"
	"perusuersartarfik" N Abl Pl
"<eqqagassaqartassaaq>"
	"eqqar" Gram/TV TAQ Der/vn SSAQ Der/nn QAR Der/nv Gram/IV TAR Der/vv Gram/IV SSA Der/vv Gram/IV V Ind 3Sg
"<.>"
	"." CLB
</s>

<s id="Do4PKlVTRBtAOyIhyzfZatBneEY">
"<Timmissat>"
	"timmiaq" N Abs Pl %AmbiguøsN
"<tuullik>"
	"tuullik" N Abs Sg
"<aamma>"
	"aamma" Conj
"<kiinaaleeraq>"
	"kiinaaleeraq" N Abs Sg
"<Kalaallit Nunaanniinnerat>"
	"Kalaallit Nunaat" Sem/Geo Prop Lok Sg 3PlPoss Hyb/1-2
"<innerat>"
	"IP" Gram/IV NIQ Der/vn N Abs Sg 3PlPoss Hyb/2-2 %ContHypotagme
"<eqqarsaatigalugu>"
	"eqqarsar" Gram/IV UTE Der/vn GE Der/nv Gram/TV V Cont 3SgO %ContHypotagme
"<piffimmi>"
	"piffik" N Lok Sg
"<siamasinngitsumi>"
	"siamasi" Gram/IV NNGIT Der/vv Gram/IV TUQ Der/vn N Lok Sg
	"siamasip" Gram/IV NNGIT Der/vv Gram/IV TUQ Der/vn N Lok Sg
"<amerlapput>"
	"amerla" Gram/IV V Ind 3Pl
"<..>"
	".." CLB
</s>

<s id="FroM5ok7aqcozrkrT8WHnIJgRYg">
"<Annertunaviannginnamilli>"
	"angi" Gram/IV NIQ Der/vn TU Der/nv Gram/IV NAVIAR Der/vv Gram/IV NNGIT Der/vv Gram/IV V Cau 4Pl ADV-LI
"<malunnassallutik>"
	"malunnar" Gram/IV SSA Der/vv Gram/IV V Cont 4Pl
"<.>"
	"." CLB
</s>

<s id="FwkTEVY16cqWG6gNykrkxGgA7Ig">
"<Nunat>"
	"nuna" N Abs Pl %AmbiguøsN
"<qaarsortarasaat>"
	"qaarsoq" TAQ Der/nn GASAAQ Der/nn N Abs Pl %AmbiguøsN
"<aamma>"
	"aamma" Conj
"<ujaraaraqarlutillu>"
	"ujarak" ARAQ Der/nn QAR Der/nv Gram/IV V Cont 4Pl %ParataktiskNP
"<ujaraalullit>"
	"ujarak" ALUK Der/nn LIK Der/nn N Abs Pl %AmbiguøsN
"<aamma>"
	"aamma" Adv
"<piffiussapput>"
	"piffik" U Der/nv Gram/IV SSA Der/vv Gram/IV V Ind 3Pl
"<atortussat>"
	"ator" Gram/IV TUQ Der/vn SSAQ Der/nn N Rel Pl %AmbiguøsN %PossOblique
"<amerlanerpaartaannik>"
	"amerla" Gram/IV NIRPAAQ Der/vn TAQ Der/nn N Ins Pl 3PlPoss %PossOblique
"<piiaaffissat>"
	"piiar" Gram/TV HTR Der/vv Gram/IV VIK Der/vn SSAQ Der/nn N Abs Pl %AmbiguøsN
"<.>"
	"." CLB
</s>

<s id="MiKQMsvi5A0eGwDM0QThywFqxg0">
"<Misissukkat>"
	"misissor" Gram/TV TAQ Der/vn N Abs Pl %AmbiguøsN
"<siamasipput>"
	"siamasi" Gram/IV V Ind 3Pl
	"siamasip" Gram/IV V Ind 3Pl
"<aamma>"
	"aamma" Conj
"<ilisimasanik>"
	"ilisima" Gram/TV TAQ Der/vn N Ins Pl
"<uppernarsaanertaqalaarluni>"
	"upper" Gram/IV NAR Der/vv SAR Der/vv Gram/TV HTR Der/vv Gram/IV NIQ Der/vn TAQ Der/nn QAR Der/nv Gram/IV LAAR Der/vv Gram/IV V Cont 4Sg
"<.>"
	"." CLB
</s>

<s id="MyJk0zs9pyMxR8CiwsIRwBihPpo">
"<Kangerlussuup>"
	"Kangerlussuaq" Sem/Geo Prop Rel Sg
"<nalaata>"
	"nale" N Rel Sg 3SgPoss %TidHypotagme %PossOblique
"<nalaani>"
	"nale" N Lok Sg 3SgPoss %TidHypotagme %PossOblique
"<nunaminertami>"
	"nuna" MINIQ Der/nn TAQ Der/nn N Lok Sg
"<taseqarpoq>"
	"taseq" QAR Der/nv Gram/IV V Ind 3Sg
"<aamma>"
	"aamma" Conj
"<tarajoqangaatsiarlutillu>"
	"tarajoq" QAR Der/nv Gram/IV NGAAR Der/vv Gram/IV TSIAR Der/vv Gram/IV V Cont 4Pl
"<ion-imik>"
	"ion" OLang/DAN Err/Sub N Ins Sg
"<akoqangaaramik>"
	"aku" QAR Der/nv Gram/IV NGAAR Der/vv Gram/IV V Cau 4Pl
"<tatsinik>"
	"taseq" N Ins Pl
"<tarajuusunik>"
	"tarajoq" U Der/nv Gram/IV TUQ Der/vn N Ins Pl
"<imaluunniit>"
	"imaluunniit" Conj
"<tatsinik>"
	"taseq" N Ins Pl
"<tarajortuunik>"
	"tarajoq" TUUQ Der/nn N Ins Pl
"<taaneqarsinnaallutik>"
	"taa" Gram/TV NIQAR Der/vv Gram/IV SINNAA Der/vv V Cont 4Pl
"<.>"
	"." CLB
</s>

<s id="TP8ajTh7BK2Hg1VoHaGYARqr7vk">
"<Ullumilu>"
	"ullumi" Adv ADV-LU
"<inuit>"
	"inuk" N Rel Pl %AmbiguøsN
"<1.200-t>"
	"1.200" Num Rel Pl %NumPossessum %AmbiguøsN
"<missaasa>"
	"misse" N Rel Pl 3PlPoss %NumPossessum
"<aqqut>"
	"aqqut" N Abs Sg
"<taanna>"
	"una" Prefix/TA Gram/Dem Pron Abs Sg
"<ukiumut>"
	"ukioq" N Trm Sg
"<aqqutigisarpaat>"
	"aqqut" GE Der/nv Gram/TV TAR Der/vv Gram/TV V Ind 3Pl 3SgO
"<.>"
	"." CLB
</s>

<s id="TdskJlmsbv8iOyZCsBVS7QixVro">
"<Pilersaarusiaq>"
	"pilersaar" Gram/HV UTE Der/vn LIAQ Der/nn N Abs Sg
"<aamma>"
	"aamma" Conj
"<nuna>"
	"nuna" N Abs Sg
"<sammisaq>"
	"sammi" Gram/TV TAQ Der/vn N Abs Sg
"<naluneqanngillat>"
	"nalu" Gram/TV NIQAR Der/vv Gram/IV NNGIT Der/vv Gram/IV V Ind 3Pl
"<,>"
	"," CLB
"<aamma>"
	"aamma" Conj
"<sumiiffimmi>"
	"sumiiffik" N Lok Sg
"<kulturikkut>"
	"kultur" OLang/DAN N Via Sg
"<oqaluttuarisaanermik>"
	"oqaluttuarisaaneq" N Ins Sg
"<nassaat>"
	"nassaaq" N Abs Pl %ContHypotagme %AmbiguøsN
"<pillugit>"
	"pi" Gram/TV V Cont 3PlO %ContHypotagme
"<nalunaarusiaqarluni>"
	"nalunaarusiaq" QAR Der/nv Gram/IV V Cont 4Sg
"<.>"
	"." CLB
</s>

<s id="WMw8zh2PQjHaXCGFVwPexGd2LRA">
"<Umimmaat>"
	"umimmak" N Abs Pl %AmbiguøsN
"<1989-imiilli>"
	"1989" N Abl Sg ADV-LI
"<piniagaapput>"
	"piniar" Gram/TV TAQ Der/vn U Der/nv Gram/IV V Ind 3Pl
"<.>"
	"." CLB
</s>

<s id="WmABkppiBiEFTPHRDrxde7XMhN4">
"<Nuna>"
	"nuna" N Abs Sg
"<aamma>"
	"aamma" Conj
"<tuttoqaqaluni>"
	"tuttu" QAR Der/nv Gram/IV QE Der/vv Gram/IV V Cont 4Sg
"<umimmaqaqaaq>"
	"umimmak" QAR Der/nv Gram/IV QE Der/vv Gram/IV V Ind 3Sg
"<.>"
	"." CLB
</s>

<s id="Xu97yVtQWRPLdCO3ryT2emk3gSU">
"<Narsaamanerit>"
	"narsaamaneq" N Abs Pl %AmbiguøsN
"<tarajuusut>"
	"tarajoq" U Der/nv Gram/IV TUQ Der/vn N Abs Pl %AmbiguøsN
"<Brayasømi>"
	"Brayasø" Sem/Geo Prop Lok Sg
"<(>"
	"(" PUNCT LEFT
"<saamerl.>"
	"saamerleq" N Gram/Abbr
"<)>"
	")" PUNCT RIGHT
"<aamma>"
	"aamma" Conj
"<Hundesømi>"
	"Hundesø" Sem/Geo Prop Lok Sg
"<(>"
	"(" PUNCT LEFT
"<talerperl.>"
	"talerperleq" N Gram/Abbr
"<)>"
	")" PUNCT RIGHT
"<.>"
	"." CLB
</s>

<s id="e1ua0g8HsD4NNyra9x9texCCEnY">
"<Sumiissinnaappulluunniit>"
	"suna" Gram/Int Pron Lok Sg Hyb/1-2
"<issinnaappulluunniit>"
	"IP" Gram/IV SINNAA Der/vv V Ind 3Pl ADV-LUUNNIIT Hyb/2-2
"<,>"
	"," CLB
"<innaarsunni>"
	"innaarsuk" N Lok Pl
"<piaqqisarput>"
	"piaqqi" Gram/IV TAR Der/vv Gram/IV V Ind 3Pl
"<.>"
	"." CLB
</s>

<s id="kDfjsjhJ3HAj1MxoAwBzl3HdUG4">
"<Sullissivittut>"
	"sullip" Gram/TV HTR Der/vv VIK Der/vn N Aeq Pl
"<aamma>"
	"aamma" Conj
"<anartarfittut>"
	"anar" Gram/IV TAR Der/vv Gram/IV VIK Der/vn N Aeq Pl
"<illuaqqat>"
	"illu" ARAQ Der/nn N Rel Pl %AmbiguøsN
"<inissiffissaat>"
	"ini" SSIP Der/nv Gram/IV VIK Der/vn SSAQ Der/nn N Abs Pl 3PlPoss
	"ini" SSIP Der/nv Gram/IV VIK Der/vn SSAQ Der/nn N Abs Sg 3PlPoss
"<aamma>"
	"aamma" Conj
"<ilusissaat>"
	"iluseq" SSAQ Der/nn N Abs Pl 3PlPoss
"<ilisimaneqanngillat>"
	"ilisima" Gram/TV NIQAR Der/vv Gram/IV NNGIT Der/vv Gram/IV V Ind 3Pl
"<.>"
	"." CLB
</s>

<s id="l2qaMVCXHds36S3wBbc4EbRadsk">
"<Mingutsitsineq>"
	"mingup" Gram/IV TIP Der/vv Gram/TV HTR Der/vv Gram/IV NIQ Der/vn N Abs Sg
"<malugiuminartussaavoq>"
	"maluge" Gram/TV GUMINAR Der/vv Gram/IV TUQ Der/vn SSAQ Der/nn U Der/nv Gram/IV V Ind 3Sg
"<aamma>"
	"aamma" Conj
"<kingorna>"
	"kingorna" Adv
"<piiarneqarsinnaassalluni>"
	"piiar" Gram/TV NIQAR Der/vv Gram/IV SINNAA Der/vv SSA Der/vv Gram/IV V Cont 4Sg
"<.>"
	"." CLB
</s>

<s id="oc6x0OmJjCN6X3XINCknB3Z42V0">
"<Sannat>"
	"sannaq" N Abs Pl %AmbiguøsN
"<imaluunniit>"
	"imaluunniit" Conj
"<atuuffiilluunniit>"
	"atuup" Gram/IV VIK Der/vn N Abs Pl %AmbiguøsN
"<annaaneqarsinnaapput>"
	"annaa" Gram/TV NIQAR Der/vv Gram/IV SINNAA Der/vv V Ind 3Pl
"<.>"
	"." CLB
</s>

<s id="tbzY2yt6PRnUzpTz0YWW1RzaGKk">
"<Nassuiaatit>"
	"nassuiar" Gram/TV UTE Der/vn N Abs Pl %AmbiguøsN
"<ATV-nut>"
	"ATV" N Gram/ACR Trm Pl
"<aqqut>"
	"aqqut" N Abs Sg
"</>"
	"/" Gram/Conj-encl Conj
"<nunaannarmi>"
	"nuna" INNAQ Der/nn N Lok Sg
"<aqqut>"
	"aqqut" N Abs Sg
"<aamma>"
	"aamma" Conj
"<aqqullu>"
	"aqqut" N Abs Sg %AmbiguøsN
"<ujaraaraasoq>"
	"ujarak" ARAQ Der/nn U Der/nv Gram/IV TUQ Der/vn N Abs Sg
"<pillugit>"
	"pi" Gram/TV V Cont 3PlO
"<.>"
	"." CLB
</s>

<s id="vZ1iGiTT9Vr1XiMWVH1ver5EVx4">
"<Suliniut>"
	"suli" Gram/IV NIUTE Der/vn N Abs Sg
"<aamma>"
	"aamma" Conj
"<piffimmi>"
	"piffik" N Lok Sg
"<atugassarititaasut>"
	"ator" Gram/TV TAQ Der/vn SSAQ Der/nn GE Der/nv Gram/TV TIP Der/vv Gram/Db TAQ Der/vn U Der/nv Gram/IV TUQ Der/vn N Abs Pl %AmbiguøsN
"<nalunngilluarneqarput>"
	"nalu" Gram/TV NNGIT Der/vv Gram/TV LLUAR Der/vv Gram/TV NIQAR Der/vv Gram/IV V Ind 3Pl
"<.>"
	"." CLB
</s>

