<s id="1a8lDsdttq78qpg9nS26r8shUvI">
"<kisianni>"
	"kisianni" Conj @CONJ
"<nunaminersaqartiterportaaq>"
	"nuna" MINIQ Der/nn TAQ Der/nn QAR Der/nv Gram/IV TITIR Der/vv Gram/IV V Ind 3Sg TTAAQ @PRED
"<aamma>"
	"aamma" Conj @CONJ
"<isugutallutik>"
	"isuguta" Gram/IV V Cont 4Pl @i-ADVL>
"<issorasaartunik>"
	"issoq" GASAAR Der/nv Gram/IV TUQ Der/vn N Ins Pl @<ADVL
"<.>"
	"." CLB
</s>

<s id="2C3rgaLCtB5YNeOI6p920Xmm2Cs">
"<Taakku>"
	"una" Prefix/TA Gram/Dem Pron Abs Pl @SUBJ>
"<pisariaqartitsilernermi>"
	"pi" Gram/IV TARIAQAR Der/vv Gram/IV TIP Der/vv Gram/TV HTR Der/vv Gram/IV LIR Der/vv Gram/IV NIQ Der/vn N Lok Sg @ADVL>
"<pilersinneqarumaarput>"
	"pi" Gram/IV LIR Der/vv Gram/IV TIP Der/vv Gram/TV NIQAR Der/vv Gram/IV GUMAAR Der/vv Gram/IV V Ind 3Pl @PRED
"<,>"
	"," CLB
"<aamma>"
	"aamma" Conj @CONJ
"<attavillu>"
	"attavik" N Abs Sg @SUBJ>
"<aqqusinniorneqareerpat>"
	"aqqusinnior" Gram/TV NIQAR Der/vv Gram/IV RIIR Der/vv Gram/IV V Con 3Sg @<CON
"<ujaraaraasumik>"
	"ujarak" ARAQ Der/nn U Der/nv Gram/IV TUQ Der/vn N Ins Sg @i-N<
"<.>"
	"." CLB
</s>

<s id="4o1bezkyI39EifuqzYOn6L7BNsA">
"<kisianni>"
	"kisianni" Conj @CONJ
"<piffinni>"
	"piffik" N Lok Pl @ADVL>
"<arlalinni>"
	"arlaq" LIK Der/nn N Lok Pl @N<
"<aqqusinissaq>"
	"aqqusineq" SSAQ Der/nn N Abs Sg @SUBJ>
"<tatsinut>"
	"taseq" N Trm Pl @ADVL>
"<qanikannissaaq>"
	"qanip" Gram/IV KANNIR Der/vv Gram/IV SSA Der/vv Gram/IV V Ind 3Sg @PRED
"<.>"
	"." CLB
</s>

<s id="5g2yfW02wSCJa4RGkPSX0YLEliI">
"<Tamakkiisuunngitsumik>"
	"tamakker" Gram/TV HTR Der/vv Gram/IV TUQ Der/vn U Der/nv Gram/IV NNGIT Der/vv Gram/IV TUQ Der/vn N Ins Sg @i->N
"<paasissutissaqarpoq>"
	"paasi" Gram/IV UTE Der/vn SSAQ Der/nn QAR Der/nv Gram/IV V Ind 3Sg @PRED
"<aamma>"
	"aamma" Conj @CONJ
"<tunngavissalimmik>"
	"tunngavik" SSAQ Der/nn LIK Der/nn N Ins Sg @i->N
"<ilisimasaqartoqarani>"
	"ilisima" Gram/TV TAQ Der/vn QAR Der/nv Gram/IV TUQ Der/vn QAR Der/nv Gram/IV V ContNeg 4Sg @PRED
"<.>"
	"." CLB
</s>

<s id="7kQgwhy4lApptxwm5kfNAWmynhY">
"<Nunap>"
	"nuna" N Rel Sg @POSS>
"<ilaata>"
	"ila" Sem/Geo N Rel Sg 3SgPoss @POSS>
"<tamatuma>"
	"manna" Prefix/TA Gram/Dem Pron Rel Sg @N<
"<atuuffii>"
	"atuup" Gram/IV VIK Der/vn N Abs Pl 3SgPoss @SUBJ>
"<aamma>"
	"aamma" Conj @CONJ
"<sannai>"
	"sannaq" N Abs Pl 3SgPoss @SUBJ>
"<attatiinnarneqassapput>"
	"attap" Gram/TV INNAR Der/vv Gram/TV NIQAR Der/vv Gram/IV SSA Der/vv Gram/IV V Ind 3Pl @PRED
"<.>"
	"." CLB
</s>

<s id="85yR8AcL0MOY3J9N9XkoPnFxbRg">
"<Aqqutissaq>"
	"aqqut" SSAQ Der/nn N Abs Sg @SUBJ>
"<aappaluttumik>"
	"aak" PALUP Der/nv Gram/IV TUQ Der/vn N Ins Sg @i-ADVL>
"<nalunaaqutsigaavoq>"
	"nalunaaqutser" Gram/TV TAQ Der/vn U Der/nv Gram/IV V Ind 3Sg @PRED
"<aamma>"
	"aamma" Conj @CONJ
"<toornermiit>"
	"toor" Gram/IV NIQ Der/vn N Abl Sg @ADVL>
"<aappaluttumit>"
	"aak" PALUP Der/nv Gram/IV TUQ Der/vn N Abl Sg @N<
"<aallartiffeqarluni>"
	"aallartip" Gram/IV VIK Der/vn QAR Der/nv Gram/IV V Cont 4Sg @PRED
"<.>"
	"." CLB
</s>

<s id="9xKiX9iWLUpulmOOkF5vFaPCh5Y">
"<Illunit>"
	"illu" N Abl Pl @ADVL>
"<sullivinnit>"
	"sullivik" N Abl Pl @ADVL>
"<aamma>"
	"aamma" Conj @CONJ
"<perusuersartarfinniit>"
	"perusuersartarfik" N Abl Pl @ADVL>
"<eqqagassaqartassaaq>"
	"eqqar" Gram/TV TAQ Der/vn SSAQ Der/nn QAR Der/nv Gram/IV TAR Der/vv Gram/IV SSA Der/vv Gram/IV V Ind 3Sg @PRED
"<.>"
	"." CLB
</s>

<s id="Do4PKlVTRBtAOyIhyzfZatBneEY">
"<Timmissat>"
	"timmiaq" N Abs Pl @SUBJ>
"<tuullik>"
	"tuullik" N Abs Sg @SUBJ>
"<aamma>"
	"aamma" Conj @CONJ
"<kiinaaleeraq>"
	"kiinaaleeraq" N Abs Sg @SUBJ>
"<Kalaallit Nunaanniinnerat>"
	"Kalaallit Nunaat" Sem/Geo Prop Lok Sg 3PlPoss Hyb/1-2 @i-ADVL>
"<innerat>"
	"IP" Gram/IV NIQ Der/vn N Abs Sg 3PlPoss Hyb/2-2 %ContHypotagme @OBJ>
"<eqqarsaatigalugu>"
	"eqqarsar" Gram/IV UTE Der/vn GE Der/nv Gram/TV V Cont 3SgO %ContHypotagme @ADVL>
"<piffimmi>"
	"piffik" N Lok Sg @ADVL>
"<siamasinngitsumi>"
	"siamasi" Gram/IV NNGIT Der/vv Gram/IV TUQ Der/vn N Lok Sg @N<
	"siamasip" Gram/IV NNGIT Der/vv Gram/IV TUQ Der/vn N Lok Sg @N<
"<amerlapput>"
	"amerla" Gram/IV V Ind 3Pl @PRED
"<..>"
	".." CLB
</s>

<s id="FroM5ok7aqcozrkrT8WHnIJgRYg">
"<Annertunaviannginnamilli>"
	"angi" Gram/IV NIQ Der/vn TU Der/nv Gram/IV NAVIAR Der/vv Gram/IV NNGIT Der/vv Gram/IV Gram/Adv-encl V Cau 4Pl ADV-LI @CAU>
"<malunnassallutik>"
	"malunnar" Gram/IV SSA Der/vv Gram/IV V Cont 4Pl @PRED
"<.>"
	"." CLB
</s>

<s id="FwkTEVY16cqWG6gNykrkxGgA7Ig">
"<Nunat>"
	"nuna" N Abs Pl @SUBJ>
"<qaarsortarasaat>"
	"qaarsoq" TAQ Der/nn GASAAQ Der/nn N Abs Pl @N<
"<aamma>"
	"aamma" Conj @CONJ
"<ujaraaraqarlutillu>"
	"ujarak" ARAQ Der/nn QAR Der/nv Gram/IV V Cont 4Pl @ADVL>
"<ujaraalullit>"
	"ujarak" ALUK Der/nn LIK Der/nn N Abs Pl @SUBJ>
"<aamma>"
	"aamma" Adv @ADVL>
"<piffiussapput>"
	"piffik" U Der/nv Gram/IV SSA Der/vv Gram/IV V Ind 3Pl @PRED
"<atortussat>"
	"ator" Gram/IV TUQ Der/vn SSAQ Der/nn N Rel Pl %PossOblique @POSS>
"<amerlanerpaartaannik>"
	"amerla" Gram/IV NIRPAAQ Der/vn TAQ Der/nn N Ins Pl 3PlPoss %PossOblique @i-MIK-OBJ>
"<piiaaffissat>"
	"piiar" Gram/TV HTR Der/vv Gram/IV VIK Der/vn SSAQ Der/nn N Abs Pl @i-SUBJ_COMP<
"<.>"
	"." CLB
</s>

<s id="MiKQMsvi5A0eGwDM0QThywFqxg0">
"<Misissukkat>"
	"misissor" Gram/TV TAQ Der/vn N Abs Pl @SUBJ>
"<siamasipput>"
	"siamasi" Gram/IV V Ind 3Pl @PRED
	"siamasip" Gram/IV V Ind 3Pl @PRED
"<aamma>"
	"aamma" Conj @CONJ
"<ilisimasanik>"
	"ilisima" Gram/TV TAQ Der/vn N Ins Pl @MIK-OBJ>
"<uppernarsaanertaqalaarluni>"
	"upper" Gram/IV NAR Der/vv SAR Der/vv Gram/TV HTR Der/vv Gram/IV NIQ Der/vn TAQ Der/nn QAR Der/nv Gram/IV LAAR Der/vv Gram/IV V Cont 4Sg @PRED
"<.>"
	"." CLB
</s>

<s id="MyJk0zs9pyMxR8CiwsIRwBihPpo">
"<Kangerlussuup>"
	"Kangerlussuaq" Sem/Geo Prop Rel Sg @POSS>
"<nalaata>"
	"nale" N Rel Sg 3SgPoss %PossOblique @POSS>
"<nalaani>"
	"nale" N Lok Sg 3SgPoss %PossOblique @ADVL>
"<nunaminertami>"
	"nuna" MINIQ Der/nn TAQ Der/nn N Lok Sg @N<
"<taseqarpoq>"
	"taseq" QAR Der/nv Gram/IV V Ind 3Sg @PRED
"<aamma>"
	"aamma" Conj @CONJ
"<tarajoqangaatsiarlutillu>"
	"tarajoq" QAR Der/nv Gram/IV NGAAR Der/vv Gram/IV TSIAR Der/vv Gram/IV V Cont 4Pl @ADVL>
"<ion-imik>"
	"ion" OLang/DAN Err/Sub N Ins Sg @i->N
"<akoqangaaramik>"
	"aku" QAR Der/nv Gram/IV NGAAR Der/vv Gram/IV V Cau 4Pl @CAU>
"<tatsinik>"
	"taseq" N Ins Pl @ADVL>
"<tarajuusunik>"
	"tarajoq" U Der/nv Gram/IV TUQ Der/vn N Ins Pl @N<
"<imaluunniit>"
	"imaluunniit" Conj @CONJ
"<tatsinik>"
	"taseq" N Ins Pl @ADVL>
"<tarajortuunik>"
	"tarajoq" TUUQ Der/nn N Ins Pl @N<
"<taaneqarsinnaallutik>"
	"taa" Gram/TV NIQAR Der/vv Gram/IV SINNAA Der/vv V Cont 4Pl @PRED
"<.>"
	"." CLB
</s>

<s id="TP8ajTh7BK2Hg1VoHaGYARqr7vk">
"<Ullumilu>"
	"ullumi" Gram/Adv-encl Adv ADV-LU @CL-ADVL>
"<inuit>"
	"inuk" N Rel Pl @SUBJ>
"<1.200-t>"
	"1.200" Num Rel Pl @POSS>
"<missaasa>"
	"misse" N Rel Pl 3PlPoss @N<
"<aqqut>"
	"aqqut" N Abs Sg @OBJ>
"<taanna>"
	"una" Prefix/TA Gram/Dem Pron Abs Sg @N<
"<ukiumut>"
	"ukioq" N Trm Sg @ADVL>
"<aqqutigisarpaat>"
	"aqqut" GE Der/nv Gram/TV TAR Der/vv Gram/TV V Ind 3Pl 3SgO @PRED
"<.>"
	"." CLB
</s>

<s id="TdskJlmsbv8iOyZCsBVS7QixVro">
"<Pilersaarusiaq>"
	"pilersaar" Gram/HV UTE Der/vn LIAQ Der/nn N Abs Sg @SUBJ>
"<aamma>"
	"aamma" Conj @CONJ
"<nuna>"
	"nuna" N Abs Sg @SUBJ>
"<sammisaq>"
	"sammi" Gram/TV TAQ Der/vn N Abs Sg @N<
"<naluneqanngillat>"
	"nalu" Gram/TV NIQAR Der/vv Gram/IV NNGIT Der/vv Gram/IV V Ind 3Pl @PRED
"<,>"
	"," CLB
"<aamma>"
	"aamma" Conj @CONJ
"<sumiiffimmi>"
	"sumiiffik" N Lok Sg @i-ADVL>
"<kulturikkut>"
	"kultur" OLang/DAN N Via Sg @i-ADVL>
"<oqaluttuarisaanermik>"
	"oqaluttuarisaaneq" N Ins Sg @i-ADVL>
"<nassaat>"
	"nassaaq" N Abs Pl %ContHypotagme @OBJ>
"<pillugit>"
	"pi" Gram/TV V Cont 3PlO %ContHypotagme @i-ADVL>
"<nalunaarusiaqarluni>"
	"nalunaarusiaq" QAR Der/nv Gram/IV V Cont 4Sg @<ADVL
"<.>"
	"." CLB
</s>

<s id="WMw8zh2PQjHaXCGFVwPexGd2LRA">
"<Umimmaat>"
	"umimmak" N Abs Pl @SUBJ>
"<1989-imiilli>"
	"1989" Gram/Adv-encl N Abl Sg ADV-LI @AGENS
"<piniagaapput>"
	"piniar" Gram/TV TAQ Der/vn U Der/nv Gram/IV V Ind 3Pl @PRED
"<.>"
	"." CLB
</s>

<s id="WmABkppiBiEFTPHRDrxde7XMhN4">
"<Nuna>"
	"nuna" N Abs Sg @SUBJ>
"<aamma>"
	"aamma" Conj @CONJ
"<tuttoqaqaluni>"
	"tuttu" QAR Der/nv Gram/IV QE Der/vv Gram/IV V Cont 4Sg @ADVL>
"<umimmaqaqaaq>"
	"umimmak" QAR Der/nv Gram/IV QE Der/vv Gram/IV V Ind 3Sg @PRED
"<.>"
	"." CLB
</s>

<s id="Xu97yVtQWRPLdCO3ryT2emk3gSU">
"<Narsaamanerit>"
	"narsaamaneq" N Abs Pl @HNOUN
"<tarajuusut>"
	"tarajoq" U Der/nv Gram/IV TUQ Der/vn N Abs Pl @N<
"<Brayasømi>"
	"Brayasø" Sem/Geo Prop Lok Sg @i-<ADVL
"<(>"
	"(" PUNCT LEFT
"<saamerl.>"
	"saamerleq" N Gram/Abbr @N<
"<)>"
	")" PUNCT RIGHT
"<aamma>"
	"aamma" Conj @CONJ
"<Hundesømi>"
	"Hundesø" Sem/Geo Prop Lok Sg @i-<ADVL
"<(>"
	"(" PUNCT LEFT
"<talerperl.>"
	"talerperleq" N Gram/Abbr @N<
"<)>"
	")" PUNCT RIGHT
"<.>"
	"." CLB
</s>

<s id="e1ua0g8HsD4NNyra9x9texCCEnY">
"<Sumiissinnaappulluunniit>"
	"suna" Gram/Int Pron Lok Sg Hyb/1-2 @ADVL>
"<issinnaappulluunniit>"
	"IP" Gram/IV SINNAA Der/vv Gram/Adv-encl V Ind 3Pl ADV-LUUNNIIT Hyb/2-2 @PRED
"<,>"
	"," CLB
"<innaarsunni>"
	"innaarsuk" N Lok Pl @ADVL>
"<piaqqisarput>"
	"piaqqi" Gram/IV TAR Der/vv Gram/IV V Ind 3Pl @PRED
"<.>"
	"." CLB
</s>

<s id="kDfjsjhJ3HAj1MxoAwBzl3HdUG4">
"<Sullissivittut>"
	"sullip" Gram/TV HTR Der/vv VIK Der/vn N Aeq Pl @ADVL>
"<aamma>"
	"aamma" Conj @CONJ
"<anartarfittut>"
	"anar" Gram/IV TAR Der/vv Gram/IV VIK Der/vn N Aeq Pl @i-ADVL>
"<illuaqqat>"
	"illu" ARAQ Der/nn N Rel Pl @POSS>
"<inissiffissaat>"
	"ini" SSIP Der/nv Gram/IV VIK Der/vn SSAQ Der/nn N Abs Pl 3PlPoss @SUBJ>
"<aamma>"
	"aamma" Conj @CONJ
"<ilusissaat>"
	"iluseq" SSAQ Der/nn N Abs Pl 3PlPoss @SUBJ>
"<ilisimaneqanngillat>"
	"ilisima" Gram/TV NIQAR Der/vv Gram/IV NNGIT Der/vv Gram/IV V Ind 3Pl @PRED
"<.>"
	"." CLB
</s>

<s id="l2qaMVCXHds36S3wBbc4EbRadsk">
"<Mingutsitsineq>"
	"mingup" Gram/IV TIP Der/vv Gram/TV HTR Der/vv Gram/IV NIQ Der/vn N Abs Sg @SUBJ>
"<malugiuminartussaavoq>"
	"maluge" Gram/TV GUMINAR Der/vv Gram/IV TUQ Der/vn SSAQ Der/nn U Der/nv Gram/IV V Ind 3Sg @PRED
"<aamma>"
	"aamma" Conj @CONJ
"<kingorna>"
	"kingorna" Adv @CL-ADVL>
"<piiarneqarsinnaassalluni>"
	"piiar" Gram/TV NIQAR Der/vv Gram/IV SINNAA Der/vv SSA Der/vv Gram/IV V Cont 4Sg @PRED
"<.>"
	"." CLB
</s>

<s id="oc6x0OmJjCN6X3XINCknB3Z42V0">
"<Sannat>"
	"sannaq" N Abs Pl @SUBJ>
"<imaluunniit>"
	"imaluunniit" Conj @CONJ
"<atuuffiilluunniit>"
	"atuup" Gram/IV VIK Der/vn N Abs Pl @SUBJ>
"<annaaneqarsinnaapput>"
	"annaa" Gram/TV NIQAR Der/vv Gram/IV SINNAA Der/vv V Ind 3Pl @PRED
"<.>"
	"." CLB
</s>

<s id="tbzY2yt6PRnUzpTz0YWW1RzaGKk">
"<Nassuiaatit>"
	"nassuiar" Gram/TV UTE Der/vn N Abs Pl @HNOUN
"<ATV-nut>"
	"ATV" N Gram/ACR Trm Pl @ADVL>N
"<aqqut>"
	"aqqut" N Abs Sg
"</>"
	"/" Gram/Conj-encl Conj @CONJ
"<nunaannarmi>"
	"nuna" INNAQ Der/nn N Lok Sg @i-ADVL>
"<aqqut>"
	"aqqut" N Abs Sg @OBJ>
"<aamma>"
	"aamma" Conj @CONJ
"<aqqullu>"
	"aqqut" N Abs Sg @OBJ>
"<ujaraaraasoq>"
	"ujarak" ARAQ Der/nn U Der/nv Gram/IV TUQ Der/vn N Abs Sg @N<
"<pillugit>"
	"pi" Gram/TV V Cont 3PlO @i-<ADVL
"<.>"
	"." CLB
</s>

<s id="vZ1iGiTT9Vr1XiMWVH1ver5EVx4">
"<Suliniut>"
	"suli" Gram/IV NIUTE Der/vn N Abs Sg @SUBJ>
"<aamma>"
	"aamma" Conj @CONJ
"<piffimmi>"
	"piffik" N Lok Sg @i-ADVL>
"<atugassarititaasut>"
	"ator" Gram/TV TAQ Der/vn SSAQ Der/nn GE Der/nv Gram/TV TIP Der/vv Gram/Db TAQ Der/vn U Der/nv Gram/IV TUQ Der/vn N Abs Pl @SUBJ>
"<nalunngilluarneqarput>"
	"nalu" Gram/TV NNGIT Der/vv Gram/TV LLUAR Der/vv Gram/TV NIQAR Der/vv Gram/IV V Ind 3Pl @PRED
"<.>"
	"." CLB
</s>

