<s id="3cgFNFSfaa4xqPpPRUI06BDOqLY">
"<itigartittuaannarsinnaannginnamiuk>"
	"itigar" Gram/IV TIP Der/vv Gram/TV TUAR Der/vv INNAR Der/vv SINNAA Der/vv NNGIT Der/vv Gram/TV V Cau 4Sg 3SgO
</s>

<s id="4czcu1gfSwfUUhw9N1ygdvTGuHo">
"<puigorluarnerusinnaavaa>"
	"puigorluarnerusinnaavaa" ?
</s>

<s id="KxJwx8k0wBpVZ6u68Vl9nYvp4wY">
"<nangikkiartoqattaartarsimavaa>"
	"nangip" Gram/TV GIARTUR Der/vv Gram/TV QATTAAR Der/vv Gram/TV TAR Der/vv Gram/TV SIMA Der/vv V Ind 3Sg 3SgO
</s>

<s id="UQNwxjDTcaWfIxxKnkzwyyhURyo">
"<anisariaqalernerarluni>"
	"ani" Gram/IV TARIAQAR Der/vv LIR Der/vv NIRAR Der/vv Gram/TV Gram/Refl V Cont 4Sg
	"ani" Gram/IV TARIAQAR Der/vv LIR Der/vv NIRAR Der/vv Gram/TV V Cont 4SgO
</s>

<s id="gdYSknLjgXH37VL9sq06x7Ruf3o">
"<puigorluarnerusinnaagaluarpaa>"
	"puigor" Gram/TV LLUAR Der/vv Gram/TV NIRU Der/vv Gram/TV SINNAA Der/vv Gram/TV GALUAR Der/vv Gram/TV V Ind 3Sg 3SgO
</s>

<s id="jxtHSCZh6vmoyxPw6dlDjxBM9GA">
"<isumaliortarunanngivikkaluarami>"
	"isuma" LIUR Der/nv Gram/IV TAR Der/vv Gram/IV GUNAR Der/vv Gram/IV NNGIT Der/vv Gram/IV VIP Der/vv Gram/IV GALUAR Der/vv Gram/IV V Cau 4Sg
</s>

<s id="p2g1AU29oWJkx6PWxwJaNqAYSNU">
"<puigorluarnerusinnaassagaluarpaa>"
	"puigorluarnerusinnaassagaluarpaa" ?
</s>

<s id="t9Y5qYKSmxYT9WUG3mTo6kLLwXo">
"<alliallalaanngitsuunngilaq>"
	"alli" Gram/IV ALLAP Der/vv Gram/IV LAAR Der/vv Gram/IV NNGIT Der/vv Gram/IV TUQ Der/vn U Der/nv Gram/IV NNGIT Der/vv Gram/IV V Ind 3Sg
</s>

<s id="xK6gbZx7Aa7FS1gizgAOcxd9j9c">
"<puigorluarnerusinnaassavaa>"
	"puigor" Gram/IV LLUAR Der/vv Gram/IV NIRU Der/vv Gram/IV SINNAA Der/vv Gram/IV SSA Der/vv Gram/IV V Ind 3Sg 3SgO
</s>

