<s id="2FPVDpzB4SLTU4Ic4zkrUvHxEdU">
"<Ivittuuliarpoq>"
	"Ivittuut" Sem/Geo iProp LIAR Der/nv Gram/IV V Ind 3Sg
	"ivik" TUUQ Der/nn LIAR Der/nv Gram/IV V Ind 3Sg
"<.>"
	"." CLB
</s>

<s id="2buxbH1lWQcCUcvRSJHTxULmx6Q">
"<quiartortuusaarlunga>"
	"qui" Gram/IV GIARTUR Der/vv Gram/IV TUQ Der/vn U Der/nv Gram/IV SAAR Der/vv Gram/IV V Cont 1Sg
	"qui" Gram/IV GIARTUR Der/vv Gram/IV TUQ Der/vn U Der/nv Gram/IV SAAR Der/vv Gram/TV Gram/Refl V Cont 1Sg
	"qui" Gram/IV GIARTUR Der/vv Gram/IV TUQ Der/vn U Der/nv Gram/IV SAAR Der/vv Gram/TV V Cont 1SgO
	"qui" Gram/IV GIARTUR Der/vv Gram/IV TUQ Der/vn USAAR Der/nv Gram/IV V Cont 1Sg
	"qui" Gram/TV GIARTUR Der/vv Gram/Refl TUQ Der/vn U Der/nv Gram/IV SAAR Der/vv Gram/IV V Cont 1Sg
	"qui" Gram/TV GIARTUR Der/vv Gram/Refl TUQ Der/vn U Der/nv Gram/IV SAAR Der/vv Gram/TV Gram/Refl V Cont 1Sg
	"qui" Gram/TV GIARTUR Der/vv Gram/Refl TUQ Der/vn U Der/nv Gram/IV SAAR Der/vv Gram/TV V Cont 1SgO
	"qui" Gram/TV GIARTUR Der/vv Gram/Refl TUQ Der/vn USAAR Der/nv Gram/IV V Cont 1Sg
	"qui" Gram/TV GIARTUR Der/vv Gram/TV Gram/Pass TUQ Der/vn U Der/nv Gram/IV SAAR Der/vv Gram/IV V Cont 1Sg
	"qui" Gram/TV GIARTUR Der/vv Gram/TV Gram/Pass TUQ Der/vn U Der/nv Gram/IV SAAR Der/vv Gram/TV Gram/Refl V Cont 1Sg
	"qui" Gram/TV GIARTUR Der/vv Gram/TV Gram/Pass TUQ Der/vn U Der/nv Gram/IV SAAR Der/vv Gram/TV V Cont 1SgO
	"qui" Gram/TV GIARTUR Der/vv Gram/TV Gram/Pass TUQ Der/vn USAAR Der/nv Gram/IV V Cont 1Sg
	"quiaq" TUR Der/nv Gram/IV TUQ Der/vn U Der/nv Gram/IV SAAR Der/vv Gram/IV V Cont 1Sg
	"quiaq" TUR Der/nv Gram/IV TUQ Der/vn U Der/nv Gram/IV SAAR Der/vv Gram/TV Gram/Refl V Cont 1Sg
	"quiaq" TUR Der/nv Gram/IV TUQ Der/vn U Der/nv Gram/IV SAAR Der/vv Gram/TV V Cont 1SgO
	"quiaq" TUR Der/nv Gram/IV TUQ Der/vn USAAR Der/nv Gram/IV V Cont 1Sg
"<.>"
	"." CLB
</s>

<s id="3N04o8scztjA0K6UT4XQ8xyBmGE">
"<Sinittuusaalerpunga>"
	"sinip" Gram/IV TUQ Der/vn U Der/nv Gram/IV SAAR Der/vv Gram/TV LIR Der/vv Gram/Refl Gram/IV V Ind 1Sg
	"sinip" Gram/IV TUQ Der/vn U Der/nv Gram/IV SAAR Der/vv LIR Der/vv Gram/IV V Ind 1Sg
	"sinip" Gram/IV TUQ Der/vn USAAQ Der/nn LIR Der/nv Gram/truncative Gram/TV Gram/Refl Gram/IV V Ind 1Sg
	"sinip" Gram/IV TUQ Der/vn USAAR Der/nv Gram/IV LIR Der/vv Gram/IV V Ind 1Sg
	"sinip" Gram/IV TUQ Der/vn USAQ Der/nn U Der/nv Gram/IV LIR Der/vv Gram/IV V Ind 1Sg
"<.>"
	"." CLB
</s>

<s id="3bCTY9BGAOnoeGapYAb3jO1j7T4">
"<isiginngitsuusaartutullu>"
	"isi" GE Der/nv Gram/TV NNGIT Der/vv Gram/Refl Gram/IV TUQ Der/vn U Der/nv Gram/IV SAAR Der/vv Gram/IV TUQ Der/vn N Aeq Pl LU
	"isi" GE Der/nv Gram/TV NNGIT Der/vv Gram/Refl Gram/IV TUQ Der/vn U Der/nv Gram/IV SAAR Der/vv Gram/IV TUQ Der/vn N Aeq Sg LU
	"isi" GE Der/nv Gram/TV NNGIT Der/vv Gram/Refl Gram/IV TUQ Der/vn U Der/nv Gram/IV SAAR Der/vv Gram/TV Gram/Pass TUQ Der/vn N Aeq Pl LU
	"isi" GE Der/nv Gram/TV NNGIT Der/vv Gram/Refl Gram/IV TUQ Der/vn U Der/nv Gram/IV SAAR Der/vv Gram/TV Gram/Pass TUQ Der/vn N Aeq Sg LU
	"isi" GE Der/nv Gram/TV NNGIT Der/vv Gram/Refl Gram/IV TUQ Der/vn U Der/nv Gram/IV SAAR Der/vv Gram/TV Gram/Refl TUQ Der/vn N Aeq Pl LU
	"isi" GE Der/nv Gram/TV NNGIT Der/vv Gram/Refl Gram/IV TUQ Der/vn U Der/nv Gram/IV SAAR Der/vv Gram/TV Gram/Refl TUQ Der/vn N Aeq Sg LU
	"isi" GE Der/nv Gram/TV NNGIT Der/vv Gram/Refl Gram/IV TUQ Der/vn U Der/nv Gram/IV SAAR Der/vv Gram/TV TUQ Der/vn N Aeq Sg LU
	"isi" GE Der/nv Gram/TV NNGIT Der/vv Gram/Refl Gram/IV TUQ Der/vn USAAR Der/nv Gram/IV TUQ Der/vn N Aeq Pl LU
	"isi" GE Der/nv Gram/TV NNGIT Der/vv Gram/Refl Gram/IV TUQ Der/vn USAAR Der/nv Gram/IV TUQ Der/vn N Aeq Sg LU
	"isi" GE Der/nv Gram/TV NNGIT Der/vv Gram/TV TUUSAAR Der/vv Gram/Refl TUQ Der/vn N Aeq Pl LU
	"isi" GE Der/nv Gram/TV NNGIT Der/vv Gram/TV TUUSAAR Der/vv Gram/Refl TUQ Der/vn N Aeq Sg LU
	"isi" GE Der/nv Gram/TV NNGIT Der/vv Gram/TV TUUSAAR Der/vv Gram/TV Gram/Pass TUQ Der/vn N Aeq Pl LU
	"isi" GE Der/nv Gram/TV NNGIT Der/vv Gram/TV TUUSAAR Der/vv Gram/TV Gram/Pass TUQ Der/vn N Aeq Sg LU
	"isi" GE Der/nv Gram/TV NNGIT Der/vv Gram/TV TUUSAAR Der/vv Gram/TV TUQ Der/vn N Aeq Sg LU
	"isi" GIP Der/nv Gram/IV NNGIT Der/vv Gram/IV TUQ Der/vn U Der/nv Gram/IV SAAR Der/vv Gram/IV TUQ Der/vn N Aeq Pl LU
	"isi" GIP Der/nv Gram/IV NNGIT Der/vv Gram/IV TUQ Der/vn U Der/nv Gram/IV SAAR Der/vv Gram/IV TUQ Der/vn N Aeq Sg LU
	"isi" GIP Der/nv Gram/IV NNGIT Der/vv Gram/IV TUQ Der/vn U Der/nv Gram/IV SAAR Der/vv Gram/TV Gram/Pass TUQ Der/vn N Aeq Pl LU
	"isi" GIP Der/nv Gram/IV NNGIT Der/vv Gram/IV TUQ Der/vn U Der/nv Gram/IV SAAR Der/vv Gram/TV Gram/Pass TUQ Der/vn N Aeq Sg LU
	"isi" GIP Der/nv Gram/IV NNGIT Der/vv Gram/IV TUQ Der/vn U Der/nv Gram/IV SAAR Der/vv Gram/TV Gram/Refl TUQ Der/vn N Aeq Pl LU
	"isi" GIP Der/nv Gram/IV NNGIT Der/vv Gram/IV TUQ Der/vn U Der/nv Gram/IV SAAR Der/vv Gram/TV Gram/Refl TUQ Der/vn N Aeq Sg LU
	"isi" GIP Der/nv Gram/IV NNGIT Der/vv Gram/IV TUQ Der/vn U Der/nv Gram/IV SAAR Der/vv Gram/TV TUQ Der/vn N Aeq Sg LU
	"isi" GIP Der/nv Gram/IV NNGIT Der/vv Gram/IV TUQ Der/vn USAAR Der/nv Gram/IV TUQ Der/vn N Aeq Pl LU
	"isi" GIP Der/nv Gram/IV NNGIT Der/vv Gram/IV TUQ Der/vn USAAR Der/nv Gram/IV TUQ Der/vn N Aeq Sg LU
	"isige" Gram/IV NNGIT Der/vv Gram/IV TUQ Der/vn U Der/nv Gram/IV SAAR Der/vv Gram/IV TUQ Der/vn N Aeq Pl LU
	"isige" Gram/IV NNGIT Der/vv Gram/IV TUQ Der/vn U Der/nv Gram/IV SAAR Der/vv Gram/IV TUQ Der/vn N Aeq Sg LU
	"isige" Gram/IV NNGIT Der/vv Gram/IV TUQ Der/vn U Der/nv Gram/IV SAAR Der/vv Gram/TV Gram/Pass TUQ Der/vn N Aeq Pl LU
	"isige" Gram/IV NNGIT Der/vv Gram/IV TUQ Der/vn U Der/nv Gram/IV SAAR Der/vv Gram/TV Gram/Pass TUQ Der/vn N Aeq Sg LU
	"isige" Gram/IV NNGIT Der/vv Gram/IV TUQ Der/vn U Der/nv Gram/IV SAAR Der/vv Gram/TV Gram/Refl TUQ Der/vn N Aeq Pl LU
	"isige" Gram/IV NNGIT Der/vv Gram/IV TUQ Der/vn U Der/nv Gram/IV SAAR Der/vv Gram/TV Gram/Refl TUQ Der/vn N Aeq Sg LU
	"isige" Gram/IV NNGIT Der/vv Gram/IV TUQ Der/vn U Der/nv Gram/IV SAAR Der/vv Gram/TV TUQ Der/vn N Aeq Sg LU
	"isige" Gram/IV NNGIT Der/vv Gram/IV TUQ Der/vn USAAR Der/nv Gram/IV TUQ Der/vn N Aeq Pl LU
	"isige" Gram/IV NNGIT Der/vv Gram/IV TUQ Der/vn USAAR Der/nv Gram/IV TUQ Der/vn N Aeq Sg LU
	"isige" Gram/TV NNGIT Der/vv Gram/Refl Gram/IV TUQ Der/vn U Der/nv Gram/IV SAAR Der/vv Gram/IV TUQ Der/vn N Aeq Pl LU
	"isige" Gram/TV NNGIT Der/vv Gram/Refl Gram/IV TUQ Der/vn U Der/nv Gram/IV SAAR Der/vv Gram/IV TUQ Der/vn N Aeq Sg LU
	"isige" Gram/TV NNGIT Der/vv Gram/Refl Gram/IV TUQ Der/vn U Der/nv Gram/IV SAAR Der/vv Gram/TV Gram/Pass TUQ Der/vn N Aeq Pl LU
	"isige" Gram/TV NNGIT Der/vv Gram/Refl Gram/IV TUQ Der/vn U Der/nv Gram/IV SAAR Der/vv Gram/TV Gram/Pass TUQ Der/vn N Aeq Sg LU
	"isige" Gram/TV NNGIT Der/vv Gram/Refl Gram/IV TUQ Der/vn U Der/nv Gram/IV SAAR Der/vv Gram/TV Gram/Refl TUQ Der/vn N Aeq Pl LU
	"isige" Gram/TV NNGIT Der/vv Gram/Refl Gram/IV TUQ Der/vn U Der/nv Gram/IV SAAR Der/vv Gram/TV Gram/Refl TUQ Der/vn N Aeq Sg LU
	"isige" Gram/TV NNGIT Der/vv Gram/Refl Gram/IV TUQ Der/vn U Der/nv Gram/IV SAAR Der/vv Gram/TV TUQ Der/vn N Aeq Sg LU
	"isige" Gram/TV NNGIT Der/vv Gram/Refl Gram/IV TUQ Der/vn USAAR Der/nv Gram/IV TUQ Der/vn N Aeq Pl LU
	"isige" Gram/TV NNGIT Der/vv Gram/Refl Gram/IV TUQ Der/vn USAAR Der/nv Gram/IV TUQ Der/vn N Aeq Sg LU
	"isige" Gram/TV NNGIT Der/vv Gram/TV TUUSAAR Der/vv Gram/Refl TUQ Der/vn N Aeq Pl LU
	"isige" Gram/TV NNGIT Der/vv Gram/TV TUUSAAR Der/vv Gram/Refl TUQ Der/vn N Aeq Sg LU
	"isige" Gram/TV NNGIT Der/vv Gram/TV TUUSAAR Der/vv Gram/TV Gram/Pass TUQ Der/vn N Aeq Pl LU
	"isige" Gram/TV NNGIT Der/vv Gram/TV TUUSAAR Der/vv Gram/TV Gram/Pass TUQ Der/vn N Aeq Sg LU
	"isige" Gram/TV NNGIT Der/vv Gram/TV TUUSAAR Der/vv Gram/TV TUQ Der/vn N Aeq Sg LU
"<.>"
	"." CLB
</s>

<s id="44EvBhRxkkE9AKABjnYCDA86Yc4">
"<aasarsunninnerat>"
	"aa" Gram/TV TAQ Der/vn SUNNIP Der/nv Gram/IV NIQ Der/vn N Abs Sg 3PlPoss
	"aa" Gram/TV TAQ Der/vn SUNNIP Der/nv NIQ Der/vn N Abs Sg 3PlPoss
	"aasaq" SUNNIP Der/nv Gram/IV NIQ Der/vn N Abs Sg 3PlPoss
	"aasaq" SUNNIP Der/nv NIQ Der/vn N Abs Sg 3PlPoss
"<.>"
	"." CLB
</s>

<s id="7CSjqKxIzCuhUTUoAJF3x2pkffs">
"<takitigisukkaarlugit>"
	"taki" Gram/IV TIGE Der/vv Gram/IV TUQ Der/vn KKAAQ Der/nn LUP Der/nv Gram/IV V Imp 2Sg Gram/ImpPos
	"taki" Gram/IV TIGE Der/vv Gram/IV TUQ Der/vn KKAAR Der/nv Gram/TV V Cont 3PlO
"<.>"
	"." CLB
</s>

<s id="8ALdCmeOyBJnOjEVwciGyp6mRN8">
"<angutaasaarpoq>"
	"angut" U Der/nv Gram/IV SAAR Der/vv Gram/IV V Ind 3Sg
	"angut" U Der/nv Gram/IV SAAR Der/vv Gram/TV Gram/Refl V Ind 3Sg
	"angut" USAAR Der/nv Gram/IV V Ind 3Sg
"<.>"
	"." CLB
</s>

<s id="8jpNsJ0ZJ7WeVxyWsfNeN1hgeG0">
"<piniartuusaarpoq>"
	"pi" NIAR Der/vv Gram/IV TUQ Der/vn U Der/nv Gram/IV SAAR Der/vv Gram/IV V Ind 3Sg
	"pi" NIAR Der/vv Gram/IV TUQ Der/vn U Der/nv Gram/IV SAAR Der/vv Gram/TV Gram/Refl V Ind 3Sg
	"pi" NIAR Der/vv Gram/IV TUQ Der/vn USAAR Der/nv Gram/IV V Ind 3Sg
	"pi" NIAR Der/vv Gram/TV Gram/Pass TUQ Der/vn U Der/nv Gram/IV SAAR Der/vv Gram/IV V Ind 3Sg
	"pi" NIAR Der/vv Gram/TV Gram/Pass TUQ Der/vn U Der/nv Gram/IV SAAR Der/vv Gram/TV Gram/Refl V Ind 3Sg
	"pi" NIAR Der/vv Gram/TV Gram/Pass TUQ Der/vn USAAR Der/nv Gram/IV V Ind 3Sg
	"pi" NIAR Der/vv Gram/TV Gram/Refl TUQ Der/vn U Der/nv Gram/IV SAAR Der/vv Gram/IV V Ind 3Sg
	"pi" NIAR Der/vv Gram/TV Gram/Refl TUQ Der/vn U Der/nv Gram/IV SAAR Der/vv Gram/TV Gram/Refl V Ind 3Sg
	"pi" NIAR Der/vv Gram/TV Gram/Refl TUQ Der/vn USAAR Der/nv Gram/IV V Ind 3Sg
	"pi" NIAR Der/vv Gram/TV TUUSAAR Der/vv Gram/Refl V Ind 3Sg
"<.>"
	"." CLB
</s>

<s id="9UKxKuG6pHuxgbdwNzFZZhDwaLs">
"<illugiit>"
	"illu" GE Der/nv Gram/TV Gram/Refl Gram/IV V Imp 2Sg
	"illu" GIIP Der/nv Gram/IV V Ind Pl Gram/Exclm
	"illu" GIIT Der/nn N Abs Pl
	"illu" GIIT Der/nn N Rel Pl
	"illuge" Gram/TV Gram/Refl Gram/IV V Imp 2Sg
	"illuk" GIIT Der/nn N Abs Pl
	"illuk" GIIT Der/nn N Rel Pl
"<.>"
	"." CLB
</s>

<s id="BQHsrs3xmvbskxxj7YOniqqZgks">
"<nuannaartuusaarpoq>"
	"nuannaar" Gram/IV TUQ Der/vn U Der/nv Gram/IV SAAR Der/vv Gram/IV V Ind 3Sg
	"nuannaar" Gram/IV TUQ Der/vn U Der/nv Gram/IV SAAR Der/vv Gram/TV Gram/Refl V Ind 3Sg
	"nuannaar" Gram/IV TUQ Der/vn USAAR Der/nv Gram/IV V Ind 3Sg
"<.>"
	"." CLB
</s>

<s id="Bcw0Li03bskuNwBYlSxm5xsIqNA">
"<Nerigamik>"
	"neri" Gram/HV V Cau 4Pl
	"neri" Gram/IV V Cau 4Pl
	"neri" Gram/TV Gram/Refl V Cau 4Pl
"<sukkasuumik>"
	"sukka" Gram/IV TUUQ Der/vn N Ins Sg
	"sukka" Gram/IV TUUQ Der/vn N Rel Pl 4PlPoss
	"sukka" Gram/IV TUUQ Der/vn N Rel Sg 4PlPoss
"<nerivoq>"
	"neri" Gram/HV V Ind 3Sg
	"neri" Gram/IV V Ind 3Sg
	"neri" Gram/TV Gram/Refl V Ind 3Sg
"<.>"
	"." CLB
</s>

<s id="Bg8GZ2I5kxALzIiadjx2oUF6al4">
"<tusaanngitsuusaarsinnaanagit>"
	"tup" Gram/TV SAAR Der/vv Gram/TV NNGIT Der/vv Gram/Refl Gram/IV TUQ Der/vn U Der/nv Gram/IV SAAR Der/vv Gram/TV SINNAA Der/vv V ContNeg 3PlO
	"tusaa" Gram/IV NNGIT Der/vv Gram/IV TUQ Der/vn U Der/nv Gram/IV SAAR Der/vv Gram/TV SINNAA Der/vv V ContNeg 3PlO
	"tusaa" Gram/TV NNGIT Der/vv Gram/Refl Gram/IV TUQ Der/vn U Der/nv Gram/IV SAAR Der/vv Gram/TV SINNAA Der/vv V ContNeg 3PlO
	"tusar" Gram/TV HTR Der/vv Gram/IV NNGIT Der/vv Gram/IV TUQ Der/vn U Der/nv Gram/IV SAAR Der/vv Gram/TV SINNAA Der/vv V ContNeg 3PlO
"<.>"
	"." CLB
</s>

<s id="CVvKVtVmebbYf0pax6VVeGlsOx0">
"<illuarartaarpoq>"
	"illu" ARAQ Der/nn TAAR Der/nv Gram/IV V Ind 3Sg
</s>

<s id="DvlQy4OK0P2QdxGgKqcpmVWROfo">
"<paassarsunninnguarsi>"
	"paaq" SSAQ Der/nn SUNNIP Der/nv Gram/IV NNGUARSI Interj
	"paaq" SSAQ Der/nn SUNNIP Der/nv NNGUARSI Interj
"<.>"
	"." CLB
</s>

<s id="EoxpIR5g2kzJ3x1uLtrggePU2ik">
"<siatarsunninnera>"
	"siap" Gram/TV TAQ Der/vn SUNNIP Der/nv Gram/IV NIQ Der/vn N Abs Sg 1SgPoss
	"siap" Gram/TV TAQ Der/vn SUNNIP Der/nv Gram/IV NIQ Der/vn N Abs Sg 3SgPoss
	"siap" Gram/TV TAQ Der/vn SUNNIP Der/nv NIQ Der/vn N Abs Sg 1SgPoss
	"siap" Gram/TV TAQ Der/vn SUNNIP Der/nv NIQ Der/vn N Abs Sg 3SgPoss
"<.>"
	"." CLB
</s>

<s id="FSCobtpXuJP6rgoqUl25nhT4jsA">
"<anaanaasaarpoq>"
	"anaana" U Der/nv Gram/IV SAAR Der/vv Gram/IV V Ind 3Sg
	"anaana" U Der/nv Gram/IV SAAR Der/vv Gram/TV Gram/Refl V Ind 3Sg
	"anaana" USAAR Der/nv Gram/IV V Ind 3Sg
	"anaq" Orth/Arch U Der/nv Gram/IV NAAR Der/vv Gram/TV SAAR Der/vv Gram/TV Gram/Refl V Ind 3Sg
	"anaq" U Der/nv Gram/IV NAAR Der/vv Gram/TV SAAR Der/vv Gram/TV Gram/Refl V Ind 3Sg
	"anar" Gram/TV HTR Der/vv Gram/IV NAAR Der/vv Gram/TV SAAR Der/vv Gram/TV Gram/Refl V Ind 3Sg
"<.>"
	"." CLB
</s>

<s id="FV8G4Q86lpGxu7ONCZNOu1s17do">
"<pujasunnittarmata>"
	"puja" SUNNIP Der/nv Gram/IV TAR Der/vv Gram/IV V Cau 3Pl
"<.>"
	"." CLB
</s>

<s id="GZCobP1hdXOimhA9IwHex7cyIL4">
"<aningaaseriffiliarpoq>"
	"aningaaq" UTE Der/nn LIRI Der/nv Gram/IV VIK Der/vn LIAR Der/nv Gram/IV V Ind 3Sg
	"aningaaseri" Gram/IV VIK Der/vn LIAR Der/nv Gram/IV V Ind 3Sg
"<.>"
	"." CLB
</s>

<s id="HTwgEZasDB5X247g8FUpdxMWry4">
"<atuartuusaarpunga>"
	"atuar" Gram/HV Gram/IV TUQ Der/vn U Der/nv Gram/IV SAAR Der/vv Gram/IV V Ind 1Sg
	"atuar" Gram/HV Gram/IV TUQ Der/vn U Der/nv Gram/IV SAAR Der/vv Gram/TV Gram/Refl V Ind 1Sg
	"atuar" Gram/HV Gram/IV TUQ Der/vn USAAR Der/nv Gram/IV V Ind 1Sg
	"atuar" Gram/TV Gram/Pass TUQ Der/vn U Der/nv Gram/IV SAAR Der/vv Gram/IV V Ind 1Sg
	"atuar" Gram/TV Gram/Pass TUQ Der/vn U Der/nv Gram/IV SAAR Der/vv Gram/TV Gram/Refl V Ind 1Sg
	"atuar" Gram/TV Gram/Pass TUQ Der/vn USAAR Der/nv Gram/IV V Ind 1Sg
	"atuar" Gram/TV Gram/Refl TUQ Der/vn U Der/nv Gram/IV SAAR Der/vv Gram/IV V Ind 1Sg
	"atuar" Gram/TV Gram/Refl TUQ Der/vn U Der/nv Gram/IV SAAR Der/vv Gram/TV Gram/Refl V Ind 1Sg
	"atuar" Gram/TV Gram/Refl TUQ Der/vn USAAR Der/nv Gram/IV V Ind 1Sg
	"atuar" Gram/TV TUUSAAR Der/vv Gram/Refl V Ind 1Sg
"<.>"
	"." CLB
</s>

<s id="JQq3V5xHXLtvZt6SCLlgB9ae6M4">
"<avammukartuusaariarlunga>"
	"avat" iN iTrm iSg Gram/Hyb KAR Der/nv Gram/IV TUQ Der/vn U Der/nv Gram/IV SAAR Der/vv Gram/TV RIAR Der/vv Gram/Refl V Cont 1Sg
	"avat" iN iTrm iSg Gram/Hyb KAR Der/nv Gram/IV TUQ Der/vn U Der/nv Gram/IV SAAR Der/vv Gram/TV RIAR Der/vv Gram/TV V Cont 1SgO
	"avat" iN iTrm iSg Gram/Hyb KAR Der/nv Gram/IV TUQ Der/vn U Der/nv Gram/IV SAAR Der/vv RIAR Der/vv Gram/IV V Cont 1Sg
	"avat" iN iTrm iSg Gram/Hyb KAR Der/nv Gram/IV TUQ Der/vn USAAR Der/nv Gram/IV RIAR Der/vv Gram/IV V Cont 1Sg
	"avat" iN iTrm iSg Gram/Hyb KAR Der/nv Gram/IV TUQ Der/vn USAQ Der/nn U Der/nv Gram/IV RIAR Der/vv Gram/IV V Cont 1Sg
	"avate" iN iTrm iSg Gram/Hyb KAR Der/nv Gram/IV TUQ Der/vn U Der/nv Gram/IV SAAR Der/vv Gram/TV RIAR Der/vv Gram/Refl V Cont 1Sg
	"avate" iN iTrm iSg Gram/Hyb KAR Der/nv Gram/IV TUQ Der/vn U Der/nv Gram/IV SAAR Der/vv Gram/TV RIAR Der/vv Gram/TV V Cont 1SgO
	"avate" iN iTrm iSg Gram/Hyb KAR Der/nv Gram/IV TUQ Der/vn U Der/nv Gram/IV SAAR Der/vv RIAR Der/vv Gram/IV V Cont 1Sg
	"avate" iN iTrm iSg Gram/Hyb KAR Der/nv Gram/IV TUQ Der/vn USAAR Der/nv Gram/IV RIAR Der/vv Gram/IV V Cont 1Sg
	"avate" iN iTrm iSg Gram/Hyb KAR Der/nv Gram/IV TUQ Der/vn USAQ Der/nn U Der/nv Gram/IV RIAR Der/vv Gram/IV V Cont 1Sg
"<.>"
	"." CLB
</s>

<s id="M8ADqM2qeWHaYzkbFp4qRaTHa1c">
"<silasunnigunartoq>"
	"sila" SUNNIP Der/nv Gram/IV GUNAR Der/vv Orth/Arch Gram/IV TUQ Der/vn N Abs Sg
	"sila" SUNNIP Der/nv Gram/IV GUNAR Der/vv Orth/Arch Gram/IV V Par 3Sg
"<.>"
	"." CLB
</s>

<s id="MbAEnF03s558jK1kp4Y2RNxZB7g">
"<uanitsorsunninnersuaq>"
	"uanitsoq" SUNNIP Der/nv Gram/IV NIQ Der/vn SUAQ Der/nn N Abs Sg
	"uanitsoq" SUNNIP Der/nv NIQ Der/vn SUAQ Der/nn N Abs Sg
"<.>"
	"." CLB
</s>

<s id="Nt4QFQF8Zjs5xMTIg0XdDLTI1K0">
"<eqqartuussisuliarpoq>"
	"IP" Gram/IV QQAR Der/vv Gram/IV TUQ Der/vn UTE Der/nn SI Der/nv Orth/Alt Gram/IV TUQ Der/vn LIAR Der/nv Gram/IV V Ind 3Sg
	"eqqar" Gram/IV TUQ Der/vn UTE Der/nn SI Der/nv Orth/Alt Gram/IV TUQ Der/vn LIAR Der/nv Gram/IV V Ind 3Sg
	"eqqar" Gram/TV Gram/Pass TUQ Der/vn UTE Der/nn SI Der/nv Orth/Alt Gram/IV TUQ Der/vn LIAR Der/nv Gram/IV V Ind 3Sg
	"eqqar" Gram/TV Gram/Refl TUQ Der/vn UTE Der/nn SI Der/nv Orth/Alt Gram/IV TUQ Der/vn LIAR Der/nv Gram/IV V Ind 3Sg
	"eqqartuup" Gram/TV HTR Der/vv Gram/IV TUQ Der/vn LIAR Der/nv Gram/IV V Ind 3Sg
"<.>"
	"." CLB
</s>

<s id="OhH5w44R2TgFKbY39Jsxi1NsL9k">
"<oqartussaassuseqarnerunissaq>"
	"oqar" Gram/IV TUQ Der/vn SSAQ Der/nn U Der/nv Gram/IV SSUSIQ Der/vn QAR Der/nv Gram/IV NIQ Der/vn U Der/nv Gram/IV NIQ Der/vn SSAQ Der/nn N Abs Sg
	"oqar" Gram/IV TUQ Der/vn SSAQ Der/nn U Der/nv Gram/IV SSUSIQ Der/vn QAR Der/nv Gram/IV NIRU Der/vv Gram/IV NIQ Der/vn SSAQ Der/nn N Abs Sg
	"oqar" Gram/IV TUSSAA Der/vv Gram/IV SSUSIQ Der/vn QAR Der/nv Gram/IV NIQ Der/vn U Der/nv Gram/IV NIQ Der/vn SSAQ Der/nn N Abs Sg
	"oqar" Gram/IV TUSSAA Der/vv Gram/IV SSUSIQ Der/vn QAR Der/nv Gram/IV NIRU Der/vv Gram/IV NIQ Der/vn SSAQ Der/nn N Abs Sg
"<.>"
	"." CLB
</s>

<s id="P7OKB0xT7eydlzPJngxL91h80Kg">
"<toqungasorsunnitsoq>"
	"toqu" Gram/IV NGA Der/vv Gram/IV TUQ Der/vn SUNNIP Der/nv Gram/IV V Par 3Sg
	"toqu" Gram/IV NGA Der/vv Gram/IV TUQ Der/vn SUNNIP Der/nv TUQ Der/vn N Abs Sg
	"toqu" NGA Der/nv Gram/IV TUQ Der/vn SUNNIP Der/nv Gram/IV V Par 3Sg
	"toqu" NGA Der/nv Gram/IV TUQ Der/vn SUNNIP Der/nv TUQ Der/vn N Abs Sg
	"toqup" Gram/TV NGA Der/vv Gram/Refl TUQ Der/vn SUNNIP Der/nv Gram/IV V Par 3Sg
	"toqup" Gram/TV NGA Der/vv Gram/Refl TUQ Der/vn SUNNIP Der/nv TUQ Der/vn N Abs Sg
"<.>"
	"." CLB
</s>

<s id="POq5BiwFXT240BWRQ02tI5vzIQ0">
"<itertuusaarlunga>"
	"iter" Gram/IV TUQ Der/vn U Der/nv Gram/IV SAAR Der/vv Gram/IV V Cont 1Sg
	"iter" Gram/IV TUQ Der/vn U Der/nv Gram/IV SAAR Der/vv Gram/TV Gram/Refl V Cont 1Sg
	"iter" Gram/IV TUQ Der/vn U Der/nv Gram/IV SAAR Der/vv Gram/TV V Cont 1SgO
	"iter" Gram/IV TUQ Der/vn USAAR Der/nv Gram/IV V Cont 1Sg
"<.>"
	"." CLB
</s>

<s id="PtVquQQ0lU32IFCeOInmldIXAds">
"<imarsunninngitsumut>"
	"imaq" SUNNIP Der/nv Gram/IV NNGIT Der/vv Gram/IV TUQ Der/vn N Trm Sg
"<.>"
	"." CLB
</s>

<s id="QlbbqadO7kn0WCxcYOspEcK6eAw">
"<inussunniallak>"
	"inuk" SUNNIP Der/nv Gram/IV ALLAK Der/vn Interj
"<.>"
	"." CLB
</s>

<s id="R0qSujg5j5aAbYYKvwV1M1VvDoA">
"<qallunaajusaarpoq>"
	"qallor" Gram/IV NAAR Der/vv Gram/TV USAAR Der/vv Gram/Refl V Ind 3Sg
	"qallunaaq" U Der/nv Gram/IV SAAR Der/vv Gram/IV V Ind 3Sg
	"qallunaaq" U Der/nv Gram/IV SAAR Der/vv Gram/TV Gram/Refl V Ind 3Sg
	"qallunaaq" USAAR Der/nv Gram/IV V Ind 3Sg
	"qallup" Gram/IV NAAR Der/vv Gram/TV USAAR Der/vv Gram/Refl V Ind 3Sg
"<.>"
	"." CLB
</s>

<s id="U1t7CxxA9jUwk772ztjwtscYXSI">
"<punnersunnilluartumik>"
	"punneq" SUNNIP Der/nv Gram/IV LLUAR Der/vv Gram/IV TUQ Der/vn N Ins Sg
	"punneq" SUNNIP Der/nv Gram/IV LLUAR Der/vv Gram/IV TUQ Der/vn N Rel Pl 4PlPoss
	"punneq" SUNNIP Der/nv Gram/IV LLUAR Der/vv Gram/IV TUQ Der/vn N Rel Sg 4PlPoss
	"pup" Gram/IV NIQ Der/vn SUNNIP Der/nv Gram/IV LLUAR Der/vv Gram/IV TUQ Der/vn N Ins Sg
	"pup" Gram/IV NIQ Der/vn SUNNIP Der/nv Gram/IV LLUAR Der/vv Gram/IV TUQ Der/vn N Rel Pl 4PlPoss
	"pup" Gram/IV NIQ Der/vn SUNNIP Der/nv Gram/IV LLUAR Der/vv Gram/IV TUQ Der/vn N Rel Sg 4PlPoss
"<.>"
	"." CLB
</s>

<s id="UP1yOm4qPc0BplTJ8DE8tuoDVSQ">
"<naasorsunniallak>"
	"naa" Gram/IV TUQ Der/vn SUNNIP Der/nv Gram/IV ALLAK Der/vn Interj
	"naa" Gram/TV Gram/Refl TUQ Der/vn SUNNIP Der/nv Gram/IV ALLAK Der/vn Interj
	"naasoq" SUNNIP Der/nv Gram/IV ALLAK Der/vn Interj
"<.>"
	"." CLB
</s>

<s id="VyQlNss05GrcXIgrIArryiYdxgY">
"<inuusaarpoq>"
	"inor" Gram/TV USAAR Der/vv Gram/Refl V Ind 3Sg
	"inuk" U Der/nv Gram/IV SAAR Der/vv Gram/IV V Ind 3Sg
	"inuk" U Der/nv Gram/IV SAAR Der/vv Gram/TV Gram/Refl V Ind 3Sg
	"inuk" USAAR Der/nv Gram/IV V Ind 3Sg
"<.>"
	"." CLB
</s>

<s id="YHBMzl3yhxPqq6Uk29K8FEb8Kso">
"<aasarsunnippoq>"
	"aa" Gram/TV TAQ Der/vn SUNNIP Der/nv Gram/IV V Ind 3Sg
	"aasaq" SUNNIP Der/nv Gram/IV V Ind 3Sg
"<.>"
	"." CLB
</s>

<s id="ZXxX0Joesxbh4oMSyJwjC6bNs4Q">
"<nakorsaasiortuliarpoq>"
	"nakorsaat" LIUR Der/nv Gram/IV TUQ Der/vn LIAR Der/nv Gram/IV V Ind 3Sg
	"nakorsaq" UTE Der/nn LIUR Der/nv Gram/IV TUQ Der/vn LIAR Der/nv Gram/IV V Ind 3Sg
"<.>"
	"." CLB
</s>

<s id="ajPWYVHEt2GbVxVoiqdV7yByRTQ">
"<Sallusuissutsikkut>"
	"sallu" TUR Der/nv Gram/IV VIP Der/vv Gram/IV SSUSIQ Der/vn N Via Pl 1SgPoss
	"sallu" TUR Der/nv Gram/IV VIP Der/vv Gram/IV SSUSIQ Der/vn N Via Pl 2SgPoss
	"sallu" TUR Der/nv Gram/IV VIP Der/vv Gram/IV SSUSIQ Der/vn N Via Sg
	"sallu" TUR Der/nv Gram/IV VIP Der/vv Gram/IV SSUSIQ Der/vn N Via Sg 1SgPoss
	"sallu" TUR Der/nv Gram/IV VIP Der/vv Gram/IV SSUSIQ Der/vn N Via Sg 2SgPoss
	"sallusuip" Gram/IV SSUSIQ Der/vn N Via Pl 1SgPoss
	"sallusuip" Gram/IV SSUSIQ Der/vn N Via Pl 2SgPoss
	"sallusuip" Gram/IV SSUSIQ Der/vn N Via Sg
	"sallusuip" Gram/IV SSUSIQ Der/vn N Via Sg 1SgPoss
	"sallusuip" Gram/IV SSUSIQ Der/vn N Via Sg 2SgPoss
	"sallusuissuseq" N Via Pl 1SgPoss
	"sallusuissuseq" N Via Pl 2SgPoss
	"sallusuissuseq" N Via Sg
	"sallusuissuseq" N Via Sg 1SgPoss
	"sallusuissuseq" N Via Sg 2SgPoss
"<.>"
	"." CLB
</s>

<s id="bWy5HD8MxcxsB1tFm6Cp0mabbdc">
"<qallunaaqarfiliarpoq>"
	"qallunaaq" QAR Der/nv Gram/IV VIK Der/vn LIAR Der/nv Gram/IV V Ind 3Sg
	"qallunaaqarfik" LIAR Der/nv Gram/IV V Ind 3Sg
"<.>"
	"." CLB
</s>

<s id="ePOqm6Idc5mxVhqkmcTZtzXVKFY">
"<mattassivoq>"
	"mattak" SI Der/nv Gram/IV V Ind 3Sg
	"mattassi" Gram/IV V Ind 3Sg
	"mattassi" Gram/TV Gram/Refl V Ind 3Sg
"<.>"
	"." CLB
</s>

<s id="egGIMbc6nxycdg75PfcYlr0bbtc">
"<Anisuusaarsimalluni>"
	"ani" Gram/IV TUQ Der/vn U Der/nv Gram/IV SAAR Der/vv Gram/TV SIMA Der/vv Gram/Pass Gram/IV V Cont 4Sg
	"ani" Gram/IV TUQ Der/vn U Der/nv Gram/IV SAAR Der/vv Gram/TV SIMA Der/vv Gram/Refl V Cont 4Sg
	"ani" Gram/IV TUQ Der/vn U Der/nv Gram/IV SAAR Der/vv Gram/TV SIMA Der/vv V Cont 4SgO
	"ani" Gram/IV TUQ Der/vn USAAR Der/nv Gram/IV SIMA Der/vv V Cont 4Sg
"<.>"
	"." CLB
</s>

<s id="fnHVudLj108YkyWyzMoUlKmq3A0">
"<naasorsunnilluni>"
	"naa" Gram/IV TUQ Der/vn SUNNIP Der/nv Gram/IV V Cont 4Sg
	"naa" Gram/TV Gram/Refl TUQ Der/vn SUNNIP Der/nv Gram/IV V Cont 4Sg
	"naasoq" SUNNIP Der/nv Gram/IV V Cont 4Sg
"<.>"
	"." CLB
</s>

<s id="j3tJJvTxCJIQFpW3Du8qr1KO5G8">
"<qullersaqarfiliarpoq>"
	"qule" LLIQ Der/nn TAQ Der/nn QAR Der/nv Gram/IV VIK Der/vn LIAR Der/nv Gram/IV V Ind 3Sg
"<.>"
	"." CLB
</s>

<s id="jrLbdxDS5Z146SQwND0BgoAHEVk">
"<pinngitsuusaarpoq>"
	"pi" Gram/IV NNGIT Der/vv Gram/IV TUQ Der/vn U Der/nv Gram/IV SAAR Der/vv Gram/IV V Ind 3Sg
	"pi" Gram/IV NNGIT Der/vv Gram/IV TUQ Der/vn U Der/nv Gram/IV SAAR Der/vv Gram/TV Gram/Refl V Ind 3Sg
	"pi" Gram/IV NNGIT Der/vv Gram/IV TUQ Der/vn USAAR Der/nv Gram/IV V Ind 3Sg
	"pi" Gram/TV NNGIT Der/vv Gram/Refl Gram/IV TUQ Der/vn U Der/nv Gram/IV SAAR Der/vv Gram/IV V Ind 3Sg
	"pi" Gram/TV NNGIT Der/vv Gram/Refl Gram/IV TUQ Der/vn U Der/nv Gram/IV SAAR Der/vv Gram/TV Gram/Refl V Ind 3Sg
	"pi" Gram/TV NNGIT Der/vv Gram/Refl Gram/IV TUQ Der/vn USAAR Der/nv Gram/IV V Ind 3Sg
	"pinngitsoor" Gram/TV SAAR Der/vv Gram/TV Gram/Refl V Ind 3Sg
"<.>"
	"." CLB
</s>

<s id="k28v3xcKRbHqxp7kTCLkdvO0xWQ">
"<imersunnitsunngortarput>"
	"imeq" SUNNIP Der/nv TUQ Der/vn NNGUR Der/nv Gram/IV TAR Der/vv Gram/IV V Ind 3Pl
	"imeq" SUNNIP Der/nv TUQ Der/vn NNGUR Der/nv Gram/TV TAR Der/vv Gram/Refl V Ind 3Pl
"<.>"
	"." CLB
</s>

<s id="qt7BAGwAzE9IOj1xxP9YEE1Fwzg">
"<sulisuusaarpoq>"
	"suli" Gram/IV TUQ Der/vn U Der/nv Gram/IV SAAR Der/vv Gram/IV V Ind 3Sg
	"suli" Gram/IV TUQ Der/vn U Der/nv Gram/IV SAAR Der/vv Gram/TV Gram/Refl V Ind 3Sg
	"suli" Gram/IV TUQ Der/vn USAAR Der/nv Gram/IV V Ind 3Sg
"<.>"
	"." CLB
</s>

<s id="rOtguDEyfwi3xUwWk1sxsmPkWuA">
"<ataasiakkaarput>"
	"ataasiaq" KKAAQ Der/nn N Abs Sg 1PlPoss
	"ataasiaq" KKAAR Der/nv Gram/IV V Ind 3Pl
	"ataasiaq" KKAAR Der/nv Gram/TV Gram/Refl V Ind 3Pl
"<.>"
	"." CLB
</s>

<s id="seEFVgOZKqxdi75NPK4Q1139GVQ">
"<tungusunnitsulianik>"
	"tungu" SUNNIP Der/nv Gram/IV TUQ Der/vn LIAQ Der/nn N Ins Pl
	"tungu" SUNNIP Der/nv Gram/IV TUQ Der/vn LIK Der/nn N Ins Sg 3SgPoss
"<.>"
	"." CLB
</s>

<s id="uLDP923Yd8dvegdWKCbNC2zOxMo">
"<tusagassiorfinnut>"
	"tusar" Gram/TV TAQ Der/vn SSAQ Der/nn LIUR Der/nv Gram/IV VIK Der/vn N Trm Pl
	"tusar" Gram/TV TAQ Der/vn SSAQ Der/nn LIUR Der/nv Gram/IV VIK Der/vn N Trm Pl 1SgPoss
	"tusar" Gram/TV TAQ Der/vn SSAQ Der/nn LIUR Der/nv Gram/IV VIK Der/vn N Trm Pl 2SgPoss
	"tusar" Gram/TV TAQ Der/vn SSAQ Der/nn LIUR Der/nv Gram/IV VIK Der/vn N Trm Sg 1SgPoss
	"tusar" Gram/TV TAQ Der/vn SSAQ Der/nn LIUR Der/nv Gram/IV VIK Der/vn N Trm Sg 2SgPoss
"<.>"
	"." CLB
</s>

<s id="ua2nVIV3wxtXVRC0N88DwnpUmEM">
"<aassunninnerat>"
	"aak" SUNNIP Der/nv Gram/IV NIQ Der/vn N Abs Sg 3PlPoss
	"aak" SUNNIP Der/nv NIQ Der/vn N Abs Sg 3PlPoss
"<.>"
	"." CLB
</s>

<s id="uxjPKgHo5qOK8ZAfgjQ7c7x4h2Q">
"<aalisagarsunnillunilu>"
	"aalisagaq" SUNNIP Der/nv Gram/IV V Cont 4Sg LU
	"aalisar" Gram/TV TAQ Der/vn SUNNIP Der/nv Gram/IV V Cont 4Sg LU
"<.>"
	"." CLB
</s>

<s id="xuDRp1cFnDBpEdhLrVaXNqEpkZQ">
"<Arnarsunninngilatit>"
	"arnaq" SUNNIP Der/nv Gram/IV NNGIT Der/vv Gram/IV V Ind 2Sg
	"arnaq" SUNNIP Der/nv Gram/IV NNGIT Der/vv Gram/IV V Int 2Sg
"<.>"
	"." CLB
</s>

<s id="yor37esSaVGjaC2UCUZ6jvZrASE">
"<qimmiusaarpoq>"
	"qimmeq" U Der/nv Gram/IV SAAR Der/vv Gram/IV V Ind 3Sg
	"qimmeq" U Der/nv Gram/IV SAAR Der/vv Gram/TV Gram/Refl V Ind 3Sg
	"qimmeq" USAAR Der/nv Gram/IV V Ind 3Sg
"<.>"
	"." CLB
</s>

