<s id="2FPVDpzB4SLTU4Ic4zkrUvHxEdU">
"<Ivittuuliarpoq>"
	"Ivittuut" Sem/Geo iProp LIAR Der/nv Gram/IV V Ind 3Sg
"<.>"
	"." CLB
</s>

<s id="2buxbH1lWQcCUcvRSJHTxULmx6Q">
"<quiartortuusaarlunga>"
	"qui" Gram/IV GIARTUR Der/vv Gram/IV TUQ Der/vn USAAR Der/nv Gram/IV V Cont 1Sg
"<.>"
	"." CLB
</s>

<s id="3N04o8scztjA0K6UT4XQ8xyBmGE">
"<Sinittuusaalerpunga>"
	"sinip" Gram/IV TUQ Der/vn USAAR Der/nv Gram/IV LIR Der/vv Gram/IV V Ind 1Sg
"<.>"
	"." CLB
</s>

<s id="3bCTY9BGAOnoeGapYAb3jO1j7T4">
"<isiginngitsuusaartutullu>"
	"isige" Gram/TV NNGIT Der/vv Gram/TV TUUSAAR Der/vv Gram/TV Gram/Pass TUQ Der/vn N Aeq Sg CONJ-LU
	"isige" Gram/TV NNGIT Der/vv Gram/TV TUUSAAR Der/vv Gram/TV TUQ Der/vn N Aeq Sg CONJ-LU
"<.>"
	"." CLB
</s>

<s id="44EvBhRxkkE9AKABjnYCDA86Yc4">
"<aasarsunninnerat>"
	"aasaq" SUNNIP Der/nv NIQ Der/vn N Abs Sg 3PlPoss
"<.>"
	"." CLB
</s>

<s id="7CSjqKxIzCuhUTUoAJF3x2pkffs">
"<takitigisukkaarlugit>"
	"taki" Gram/IV TIGE Der/vv Gram/IV TUQ Der/vn KKAAR Der/nv Gram/TV V Cont 3PlO
"<.>"
	"." CLB
</s>

<s id="8ALdCmeOyBJnOjEVwciGyp6mRN8">
"<angutaasaarpoq>"
	"angut" USAAR Der/nv Gram/IV V Ind 3Sg
"<.>"
	"." CLB
</s>

<s id="8jpNsJ0ZJ7WeVxyWsfNeN1hgeG0">
"<piniartuusaarpoq>"
	"piniar" Gram/TV TUUSAAR Der/vv Gram/Refl V Ind 3Sg
"<.>"
	"." CLB
</s>

<s id="9UKxKuG6pHuxgbdwNzFZZhDwaLs">
"<illugiit>"
	"illu" GIIT Der/nn N Abs Pl %AmbiguøsN
"<.>"
	"." CLB
</s>

<s id="BQHsrs3xmvbskxxj7YOniqqZgks">
"<nuannaartuusaarpoq>"
	"nuannaar" Gram/IV TUQ Der/vn USAAR Der/nv Gram/IV V Ind 3Sg
"<.>"
	"." CLB
</s>

<s id="Bcw0Li03bskuNwBYlSxm5xsIqNA">
"<Nerigamik>"
	"neri" Gram/HV V Cau 4Pl
"<sukkasuumik>"
	"sukka" Gram/IV TUUQ Der/vn N Ins Sg
"<nerivoq>"
	"neri" Gram/HV V Ind 3Sg
"<.>"
	"." CLB
</s>

<s id="Bg8GZ2I5kxALzIiadjx2oUF6al4">
"<tusaanngitsuusaarsinnaanagit>"
	"tusaa" Gram/IV NNGIT Der/vv Gram/IV TUQ Der/vn U Der/nv Gram/IV SAAR Der/vv Gram/TV SINNAA Der/vv V ContNeg 3PlO
"<.>"
	"." CLB
</s>

<s id="CVvKVtVmebbYf0pax6VVeGlsOx0">
"<illuarartaarpoq>"
	"illu" ARAQ Der/nn TAAR Der/nv Gram/IV V Ind 3Sg
</s>

<s id="DvlQy4OK0P2QdxGgKqcpmVWROfo">
"<->"
	"-" PUNCT DIRTALESTART &ADDED
"<paassarsunninnguarsi>"
	"paaq" SSAQ Der/nn SUNNIP Der/nv NNGUARSI Interj
"<.>"
	"." CLB
</s>

<s id="EoxpIR5g2kzJ3x1uLtrggePU2ik">
"<siatarsunninnera>"
	"siap" Gram/TV TAQ Der/vn SUNNIP Der/nv NIQ Der/vn N Abs Sg 3SgPoss
"<.>"
	"." CLB
</s>

<s id="FSCobtpXuJP6rgoqUl25nhT4jsA">
"<anaanaasaarpoq>"
	"anaana" USAAR Der/nv Gram/IV V Ind 3Sg
"<.>"
	"." CLB
</s>

<s id="FV8G4Q86lpGxu7ONCZNOu1s17do">
"<pujasunnittarmata>"
	"puja" SUNNIP Der/nv Gram/IV TAR Der/vv Gram/IV V Cau 3Pl
"<.>"
	"." CLB
</s>

<s id="GZCobP1hdXOimhA9IwHex7cyIL4">
"<aningaaseriffiliarpoq>"
	"aningaaseri" Gram/IV VIK Der/vn LIAR Der/nv Gram/IV V Ind 3Sg
"<.>"
	"." CLB
</s>

<s id="HTwgEZasDB5X247g8FUpdxMWry4">
"<atuartuusaarpunga>"
	"atuar" Gram/TV TUUSAAR Der/vv Gram/Refl V Ind 1Sg
"<.>"
	"." CLB
</s>

<s id="JQq3V5xHXLtvZt6SCLlgB9ae6M4">
"<avammukartuusaariarlunga>"
	"avate" N Trm Sg Hyb/1-2
"<KAR>"
	"KAR" Der/nv Gram/IV TUQ Der/vn USAAR Der/nv Gram/IV RIAR Der/vv Gram/IV V Cont 1Sg Hyb/2-2
"<.>"
	"." CLB
</s>

<s id="M8ADqM2qeWHaYzkbFp4qRaTHa1c">
"<silasunnigunartoq>"
	"sila" SUNNIP Der/nv Gram/IV GUNAR Der/vv Orth/Arch Gram/IV V Par 3Sg %AmbiguøsPar
"<.>"
	"." CLB
</s>

<s id="MbAEnF03s558jK1kp4Y2RNxZB7g">
"<uanitsorsunninnersuaq>"
	"uanitsoq" SUNNIP Der/nv NIQ Der/vn SUAQ Der/nn N Abs Sg
"<.>"
	"." CLB
</s>

<s id="Nt4QFQF8Zjs5xMTIg0XdDLTI1K0">
"<eqqartuussisuliarpoq>"
	"eqqartuup" Gram/TV HTR Der/vv Gram/IV TUQ Der/vn LIAR Der/nv Gram/IV V Ind 3Sg
"<.>"
	"." CLB
</s>

<s id="OhH5w44R2TgFKbY39Jsxi1NsL9k">
"<oqartussaassuseqarnerunissaq>"
	"oqaq" TUR Der/nv Gram/IV SSAAR Der/vv Gram/IV SSUSIQ Der/vn QAR Der/nv Gram/IV NIRU Der/vv Gram/IV NIQ Der/vn SSAQ Der/nn N Abs Sg
"<.>"
	"." CLB
</s>

<s id="P7OKB0xT7eydlzPJngxL91h80Kg">
"<toqungasorsunnitsoq>"
	"toqu" Gram/IV NGA Der/vv Gram/IV TUQ Der/vn SUNNIP Der/nv Gram/IV V Par 3Sg %AmbiguøsPar
"<.>"
	"." CLB
</s>

<s id="POq5BiwFXT240BWRQ02tI5vzIQ0">
"<itertuusaarlunga>"
	"iter" Gram/IV TUQ Der/vn USAAR Der/nv Gram/IV V Cont 1Sg
"<.>"
	"." CLB
</s>

<s id="PtVquQQ0lU32IFCeOInmldIXAds">
"<imarsunninngitsumut>"
	"imaq" SUNNIP Der/nv Gram/IV NNGIT Der/vv Gram/IV TUQ Der/vn N Trm Sg
"<.>"
	"." CLB
</s>

<s id="QlbbqadO7kn0WCxcYOspEcK6eAw">
"<->"
	"-" PUNCT DIRTALESTART &ADDED
"<inussunniallak>"
	"inuk" SUNNIP Der/nv Gram/IV ALLAK Der/vn Interj
"<.>"
	"." CLB
</s>

<s id="R0qSujg5j5aAbYYKvwV1M1VvDoA">
"<qallunaajusaarpoq>"
	"qallunaaq" USAAR Der/nv Gram/IV V Ind 3Sg
"<.>"
	"." CLB
</s>

<s id="U1t7CxxA9jUwk772ztjwtscYXSI">
"<punnersunnilluartumik>"
	"punneq" SUNNIP Der/nv Gram/IV LLUAR Der/vv Gram/IV TUQ Der/vn N Ins Sg
"<.>"
	"." CLB
</s>

<s id="UP1yOm4qPc0BplTJ8DE8tuoDVSQ">
"<->"
	"-" PUNCT DIRTALESTART &ADDED
"<naasorsunniallak>"
	"naasoq" SUNNIP Der/nv Gram/IV ALLAK Der/vn Interj
"<.>"
	"." CLB
</s>

<s id="VyQlNss05GrcXIgrIArryiYdxgY">
"<inuusaarpoq>"
	"inuk" USAAR Der/nv Gram/IV V Ind 3Sg
"<.>"
	"." CLB
</s>

<s id="YHBMzl3yhxPqq6Uk29K8FEb8Kso">
"<aasarsunnippoq>"
	"aasaq" SUNNIP Der/nv Gram/IV V Ind 3Sg
"<.>"
	"." CLB
</s>

<s id="ZXxX0Joesxbh4oMSyJwjC6bNs4Q">
"<nakorsaasiortuliarpoq>"
	"nakorsaat" LIUR Der/nv Gram/IV TUQ Der/vn LIAR Der/nv Gram/IV V Ind 3Sg
"<.>"
	"." CLB
</s>

<s id="ajPWYVHEt2GbVxVoiqdV7yByRTQ">
"<Sallusuissutsikkut>"
	"sallusuissuseq" N Via Sg
"<.>"
	"." CLB
</s>

<s id="bWy5HD8MxcxsB1tFm6Cp0mabbdc">
"<qallunaaqarfiliarpoq>"
	"qallunaaq" QAR Der/nv Gram/IV VIK Der/vn LIAR Der/nv Gram/IV V Ind 3Sg
"<.>"
	"." CLB
</s>

<s id="ePOqm6Idc5mxVhqkmcTZtzXVKFY">
"<mattassivoq>"
	"mattak" SI Der/nv Gram/IV V Ind 3Sg
"<.>"
	"." CLB
</s>

<s id="egGIMbc6nxycdg75PfcYlr0bbtc">
"<Anisuusaarsimalluni>"
	"ani" Gram/IV TUQ Der/vn USAAR Der/nv Gram/IV SIMA Der/vv V Cont 4Sg
"<.>"
	"." CLB
</s>

<s id="fnHVudLj108YkyWyzMoUlKmq3A0">
"<naasorsunnilluni>"
	"naasoq" SUNNIP Der/nv Gram/IV V Cont 4Sg
"<.>"
	"." CLB
</s>

<s id="j3tJJvTxCJIQFpW3Du8qr1KO5G8">
"<qullersaqarfiliarpoq>"
	"qule" LLIQ Der/nn TAQ Der/nn QAR Der/nv Gram/IV VIK Der/vn LIAR Der/nv Gram/IV V Ind 3Sg
"<.>"
	"." CLB
</s>

<s id="jrLbdxDS5Z146SQwND0BgoAHEVk">
"<pinngitsuusaarpoq>"
	"pi" Gram/IV NNGIT Der/vv Gram/IV TUQ Der/vn USAAR Der/nv Gram/IV V Ind 3Sg
"<.>"
	"." CLB
</s>

<s id="k28v3xcKRbHqxp7kTCLkdvO0xWQ">
"<imersunnitsunngortarput>"
	"imeq" SUNNIP Der/nv TUQ Der/vn NNGUR Der/nv Gram/IV TAR Der/vv Gram/IV V Ind 3Pl
"<.>"
	"." CLB
</s>

<s id="qt7BAGwAzE9IOj1xxP9YEE1Fwzg">
"<sulisuusaarpoq>"
	"suli" Gram/IV TUQ Der/vn USAAR Der/nv Gram/IV V Ind 3Sg
"<.>"
	"." CLB
</s>

<s id="rOtguDEyfwi3xUwWk1sxsmPkWuA">
"<ataasiakkaarput>"
	"ataasiaq" KKAAR Der/nv Gram/IV V Ind 3Pl
"<.>"
	"." CLB
</s>

<s id="seEFVgOZKqxdi75NPK4Q1139GVQ">
"<tungusunnitsulianik>"
	"tungu" SUNNIP Der/nv Gram/IV TUQ Der/vn LIAQ Der/nn N Ins Pl
"<.>"
	"." CLB
</s>

<s id="uLDP923Yd8dvegdWKCbNC2zOxMo">
"<tusagassiorfinnut>"
	"tusar" Gram/TV TAQ Der/vn SSAQ Der/nn LIUR Der/nv Gram/IV VIK Der/vn N Trm Pl
"<.>"
	"." CLB
</s>

<s id="ua2nVIV3wxtXVRC0N88DwnpUmEM">
"<aassunninnerat>"
	"aak" SUNNIP Der/nv NIQ Der/vn N Abs Sg 3PlPoss
"<.>"
	"." CLB
</s>

<s id="uxjPKgHo5qOK8ZAfgjQ7c7x4h2Q">
"<aalisagarsunnillunilu>"
	"aalisagaq" SUNNIP Der/nv Gram/IV V Cont 4Sg CONJ-LU
"<.>"
	"." CLB
</s>

<s id="xuDRp1cFnDBpEdhLrVaXNqEpkZQ">
"<Arnarsunninngilatit>"
	"arnaq" SUNNIP Der/nv Gram/IV NNGIT Der/vv Gram/IV V Ind 2Sg
"<.>"
	"." CLB
</s>

<s id="yor37esSaVGjaC2UCUZ6jvZrASE">
"<qimmiusaarpoq>"
	"qimmeq" USAAR Der/nv Gram/IV V Ind 3Sg
"<.>"
	"." CLB
</s>

