<s id="0G7tjckpi7OiWEOd28xxMQgBTR8">

"<naammalerlugu>"
	"naammalerlugu" ?

</s>

<s id="0xeK9gI9Yt2Ya071x8JpDyLI6vg">

"<nikissinnaajunnaarteriarlugu>"
	"nikissinnaajunnaarteriarlugu" ?

</s>

<s id="12PqrUchjZFV51CVjvSF4wfxo0s">

"<qanornguna>"
	"qanornguna" ?

</s>

<s id="3ueo7LDDfOVsIxt4vyq9TDH5Ka0">

"<taamaatut>"
	"taamaatut" ?

</s>

<s id="4hJJZKIhPQqLbxUUFWzJMSiXrz4">

"<taamalilluni>"
	"taamalilluni" ?

</s>

<s id="4qQeLKknus1mxyLdjVIetTEjXHk">

"<sajupillattarnera>"
	"sajupillattarnera" ?

</s>

<s id="51iFPiNU2WbhpFviqDHD0RYF4sU">

"<oqalliserineqarusunngitsunut>"
	"oqalliserineqarusunngitsunut" ?

</s>

<s id="6nfk0ER9xIsq1VeTxU7SayvReAA">

"<uangut>"
	"uangut" ?

</s>

<s id="8yoExsGOsekrna6NM92fafZzUi0">

"<Napãtôk>"
	"Napãtôk" ?

</s>

<s id="92QlHoVLIENBmKzU8mU1WH8flxI">

"<arnapaluttumik>"
	"arnapaluttumik" ?

</s>

<s id="9EbvYWfxEQW3xyE5cohxdKqvn3w">

"<inatsissaq>"
	"inatsissaq" ?

</s>

<s id="9mgLlvTnpJAxNVepHqycO6l45rg">

"<Sorsaakkikkaakku>"
	"Sorsaakkikkaakku" ?

</s>

<s id="AXBhavdFth2wdXgjYylQwH98zG8">

"<sunniivigeqaqatigiinnerinut>"
	"sunniivigeqaqatigiinnerinut" ?

</s>

<s id="As653eKI14hl0iiPCvwkEKzx6YM">

"<allapoq>"
	"allapoq" ?

</s>

<s id="DxhUkTWvvxYujroBvxjOnc5stTY">

"<oqallisissaqaratik>"
	"oqallisissaqaratik" ?

</s>

<s id="FVsSPVFsRZc0B0iVBYry4xqMmxU">

"<uppisillugu>"
	"uppisillugu" ?

</s>

<s id="IWEF3b3D4wvZzw5hfIxtWm61YOY">

"<graderinik>"
	"graderinik" ?

</s>

<s id="J2Osv8Gb75EPnXpKhk7Y5IrLcJ0">

"<neriitigalugit>"
	"neriitigalugit" ?

</s>

<s id="KJklmYMVM2glR5GAvqWnwBHOuG4">

"<taamaasa>"
	"taamaasa" ?

</s>

<s id="LMHjwqfhzM96vUXuHca95pj9NEs">

"<Fisternersuup>"
	"Fisternersuup" ?

</s>

<s id="MRRXgsRSssSJvQyXlWor1U4BxP8">

"<koruninik>"
	"koruninik" ?

</s>

<s id="NB9SAdtTIAFYrWChxTTQfgE2s3E">

"<Nulugeqaatit>"
	"Nulugeqaatit" ?

</s>

<s id="OnS07nfwuN1cQvsjJGsGnDdIjN0">

"<soqutaaniglaq>"
	"soqutaaniglaq" ?

</s>

<s id="PQ3p3Wdqaz1wjTHKd486SNSpfxI">

"<Wordart>"
	"Wordart" ?

</s>

<s id="PdNM0YWqxmDGKH4uOf3BSf9B0Vk">

"<TV-kullu>"
	"TV-kullu" ?

</s>

<s id="QbDmZCTakb5smGWfbekYnGO7PZY">

"<Arlagarseqqissimanerlunga>"
	"Arlagarseqqissimanerlunga" ?

</s>

<s id="Qdd6iezoyWEU6cMrf7pJYVxUxlw">

"<apeqqusersiuisalerput>"
	"apeqqusersiuisalerput" ?

</s>

<s id="QtDp8jRCUlgQVEd6xVEYiStHeFo">

"<ooriitaarukkama>"
	"ooriitaarukkama" ?

</s>

<s id="RWMNACFSR3PEmWjfzItZC0bjbQM">

"<Fisterfitsinnukarama>"
	"Fisterfitsinnukarama" ?

</s>

<s id="SMXzqpwYm3zPFjxMe1SGN4e8oxo">

"<anaarlutiisallugu>"
	"anaarlutiisallugu" ?

</s>

<s id="TGronQH4izuxc4dOs9RxdU4kUeA">

"<oorersineq>"
	"oorersineq" ?

</s>

<s id="Tg1owlMEpdJfIDmKmbF97spN8Rk">

"<naagunnanngilaq>"
	"naagunnanngilaq" ?

</s>

<s id="WNe2vx9v2LWBOTZ3SPBsDxV0vJw">

"<Fisterfissarsivugut>"
	"Fisterfissarsivugut" ?

</s>

<s id="WcaGhRK0x81ZO2v6wL0xVILJZBg">

"<taamammat>"
	"taamammat" ?

</s>

<s id="WmHfa5aPNSJEx8x1k1MIeLWMGiA">

"<ventiili>"
	"ventiili" ?

</s>

<s id="ZnlOqte3Pry2K6PalQfHAX2Fxyk">

"<akuersissumik>"
	"akuersissumik" ?

</s>

<s id="b8q5dYS1GEm5xOLrsbTM4LWkB5g">

"<imarmik>"
	"imarmik" ?

</s>

<s id="c5itQw4E6iMQVp8yIyqBYpCDmeA">

"<ungalugaanngillat>"
	"ungalugaanngillat" ?

</s>

<s id="ciUJIx1CEMOcKsnno1hxYNjImTo">

"<pillugut>"
	"pillugut" ?

</s>

<s id="f8gtPYjD2kSL74t8YOJqZKjIZ4s">

"<citruunit>"
	"citruunit" ?

</s>

<s id="fPgHFRBDJBEgoMENGP6rx6cMc70">

"<arsanerinnaalluni>"
	"arsanerinnaalluni" ?

</s>

<s id="fUWlO5ge7x0ayRa3OrbcPpQzszA">

"<Aparsorniaannavimmanga>"
	"Aparsorniaannavimmanga" ?

</s>

<s id="gFPLu21rn8WuxwnwxzacmarAxxc">

"<mianerinaq>"
	"mianerinaq" ?

</s>

<s id="gMHsmZlqHczRxYWxwTx2XqdZwR0">

"<sivisuallaammik>"
	"sivisuallaammik" ?

</s>

<s id="h43Kv7VCxAbRo7OaoZ0xbTxnL2A">

"<isinnguaarpara>"
	"isinnguaarpara" ?

</s>

<s id="iThhfnTTxf05p4ZiOWlaeN9b0E8">

"<assiganik>"
	"assiganik" ?

</s>

<s id="jxJ7ENGSlHkTMxLWR5R2kwvjbt0">

"<qilerukka>"
	"qilerukka" ?

</s>

<s id="kNJ6ZLkBWcglhrmh5T9vhfCytik">

"<ikitsuinnaat>"
	"ikip" TUQ Der/vn Orth/Alt INNAQ Der/nn N Abs Pl
	"ikip" TUQ Der/vn Orth/Alt INNAQ Der/nn N Abs Pl 3PlPoss
	"ikip" TUQ Der/vn Orth/Alt INNAQ Der/nn N Rel Pl

</s>

<s id="llkvvG5pKJv93d0YEAZwCRLoxeg">

"<amiilaarusuppaseqaluni>"
	"amiilaarusuppaseqaluni" ?

</s>

<s id="mAw2Ws3BwDDycs3Y6xzDtxw6MK8">

"<inatsissatut>"
	"inatsissatut" ?

</s>

<s id="p0elq1HkhP1QheX6xVmaSRBXZCQ">

"<nunatsini>"
	"nunatsini" ?

</s>

<s id="r3CPv1AchTwMsP4n4q3jWmlcBxM">

"<assigusumik>"
	"assigusumik" ?

</s>

<s id="sVDUCfwEUAn31GHmYiyMXWYTf1E">

"<nalinginnaannerulaartariaqaraluarpunga>"
	"nalinginnaannerulaartariaqaraluarpunga" ?

</s>

<s id="tAq33FQW9klgt2t25xOkkxrQofw">

"<nulugissumilluunniit>"
	"nulugissumilluunniit" ?

</s>

<s id="tVncvxmPshujbzS2H6BLrnEZNqM">

"<taammaammat>"
	"taammaammat" ?

</s>

<s id="wx37cVdgxHpWnGZEc8zIxpivr20">

"<nuluginnarpallaaqimmat>"
	"nuluginnarpallaaqimmat" ?

</s>

<s id="xYsa82OC7loNUCh7Rrzm1FpMoaM">

"<tamaammat>"
	"tamaammat" ?

</s>

<s id="xsFw436R3yYdVVZMuzdt40IowHg">

"<innaallagiamik>"
	"innaallagiamik" ?

</s>

<s id="zxgxOobzGxxHVawLmaFfQLgjxO4">

"<igiorarsimasakka>"
	"igiorarsimasakka" ?

</s>

