<s id="7QCqLxbIBJ3DmVNJHu3XxFIGBpc">
"<qaarallarneramik>"
	"qaar" Gram/IV RAR Der/vv Gram/IV LLAR Der/vv Gram/IV NIR Der/vv Gram/IV V Cau 4Pl
</s>

<s id="8VtN0CMfN36R3318hW4y6ZZRuVw">
"<inerpaalukasiummata>"
	"ini" PAK Der/nn ALUK Der/nn KASIK Der/nn U Der/nv Gram/IV V Cau 3Pl
</s>

<s id="CBxHZrM2znePxVCSDXpFmiITcxk">
"<agguullugu>"
	"aggor" Gram/TV UTE Der/vv Gram/Db Gram/TV V Cont 3SgO
</s>

<s id="EpvRbX42sAZZfMjdYcD5VpHkL6A">
"<tulliikka>"
	"tulleq" N Du 1SgPoss Orth/Arch
</s>

<s id="OagaRsZBT6AHxxmrQmVAquJ31Gg">
"<silaannarissuup>"
	"silaannarik" SUAQ Der/nn N Rel Sg
</s>

<s id="QWvOi8ILLmtqbaAwsq98kE6hEBg">
"<nakkutikuttooriarlugu>"
	"nakkutikuttooriarlugu" ?
</s>

<s id="TUtaozVR87DxC6H2DBSK1xSggS4">
"<titartaaniapajuinnartaraluariarlunga>"
	"titartar" Gram/TV HTR Der/vv Gram/IV NIAR Der/vv PAJUP Der/vv INNAR Der/vv TAR Der/vv GALUAR Der/vv RIAR Der/vv Gram/IV V Cont 1Sg
</s>

<s id="W39tM2gwcwnpZC7EBLGN3609xxc">
"<niaqqerakku>"
	"niaqoq" LIR Der/nv Gram/TV V Cau 1Sg 3SgO
	"niaqoq" LIR Der/nv Gram/TV V Cau 2Sg 3SgO
</s>

<s id="qENnvRqyA4OkqWrOJj1srxdY24M">
"<orsersoqqikkiartortariaqartarluni>"
	"orser" TUR Der/vv Gram/TV QQIP Der/vv Gram/TV GIARTUR Der/vv Gram/TV TARIAQAR Der/vv TAR Der/vv Gram/Refl V Cont 4Sg
	"orser" TUR Der/vv Gram/TV QQIP Der/vv Gram/TV GIARTUR Der/vv Gram/TV TARIAQAR Der/vv TAR Der/vv Gram/TV V Cont 4SgO
</s>

<s id="rzLzVBi5tLNWKoInsVdF7htNbJA">
"<iluaqqeqanngilaq>"
	"iluaqqeqar" Gram/IV NNGIT Der/vv Gram/IV V Ind 3Sg
</s>

<s id="xHu7aaAxDd0xGsKAzfSo2megWPk">
"<sulussorpoq>"
	"sulussor" Gram/IV V Ind 3Sg
</s>

