<s id="0LODxJeJqHBhNy1Hrnz3c5XHXX8">
"<rådhuspladsimi>"
	"rådhusplads" OLang/DAN N Abs Sg MI
	"rådhusplads" OLang/DAN N Lok Sg
	"rådhusplads" OLang/DAN N Rel Pl 4SgPoss
	"rådhusplads" OLang/DAN N Rel Sg 4SgPoss
</s>

<s id="Cyeuxf6IxInRBJw8RHx03u2rTkE">
"<imilaangaatsiareersimagamik>"
	"imer" Gram/IV LAAR Der/vv Gram/IV NGAAR Der/vv Gram/IV TSIAR Der/vv Gram/IV RIIR Der/vv Gram/IV SIMA Der/vv V Cau 4Pl
	"imip" Gram/IV LAAR Der/vv Gram/IV NGAAR Der/vv Gram/IV TSIAR Der/vv Gram/IV RIIR Der/vv Gram/IV SIMA Der/vv V Cau 4Pl
</s>

