<s id="0MfgJWOpfRxdV8pVE3Y86Hy0VUY">
"<Taamaammat>"
	"taamaammat" Adv @CL-ADVL> #1->2
"<naliliissutigineqartariaqarpoq>"
	"nale" LIR HTR UTE GE NIQAR TARIAQAR V Ind 3Sg @PRED #2->0
"<timmiaq>"
	"timmiaq" N Abs Sg @SUBJ> #3->6
"<nunami>"
	"nuna" N Lok Sg @ADVL> #4->6
"<siammasissumi>"
	"siammasip" TUQ N Lok Sg @N< #5->4
"<piaqqiorsinnaasoq>"
	"piaqqior" SINNAA V Par 3Sg @CL-<CIT #6->2
"<.>"
	"." CLB #7->7
</s>

<s id="15vwrU9mkwroZRmnZLkiMeRxLtg">
"<Aqqutaani>"
	"aqqut" N Lok Sg 3SgPoss @ADVL> #1->4
"<erngup>"
	"imeq" N Rel Sg @POSS> #2->3
"<ingerlaarsinnaanera>"
	"ingerlaar" SINNAA NIQ N Abs Sg 3SgPoss @SUBJ> #3->4
"<akornuserneqassanngilaq>"
	"akornut" LIR NIQAR SSA NNGIT V Ind 3Sg @PRED #4->0
"<.>"
	"." CLB #5->5
</s>

<s id="1RMvv94PLWouFEuotRfOiBdZCc4">
"<Taamaammat>"
	"taamaammat" Adv @CL-ADVL> #1->4
"<sanaartorfiusunut>"
	"sanaartor" VIK U TUQ N Trm Pl @i-ADVL> #2->3
"<eqqagassanik>"
	"eqqar" TAQ SSAQ N Ins Pl @i-MIK-OBJ> #3->4
"<qimatsisoqartassanngilaq>"
	"qimap" HTR TUQ QAR TAR SSA NNGIT V Ind 3Sg @PRED #4->0
"<.>"
	"." CLB #5->5
</s>

<s id="1a8lDsdttq78qpg9nS26r8shUvI">
"<Nunaminertaqartiterportaarli>"
	"nuna" MINIQ TAQ QAR TITIR V Ind 3Sg TTAAQ CONJ-LI @PRED #1->0
"<isugutallutillu>"
	"isuguta" V Cont 4Pl CONJ-LU @i-N< #2->1
"<issorasaartunik>"
	"issoq" GASAAR TUQ N Ins Pl @i-N< #3->1
"<.>"
	"." CLB #4->4
</s>

<s id="1wVMqu50Atw2TyB7qabuveMNIAQ">
"<Ataatsimut>"
	"ataaseq" Num Trm Sg @ADVL> #1->2
"<isigalugu>"
	"isige" V Cont 3SgO @i-ADVL> #2->3
"<nalilerneqarpoq>"
	"nale" LIR NIQAR V Ind 3Sg @PRED #3->0
"<sunniineq>"
	"sunner" HTR NIQ N Abs Sg @SUBJ> #4->6
"<taamaallaat>"
	"taamaallaat" Adv @ADVL> #5->6
"<annikitsuussasoq>"
	"angi" NIQ KIP TUQ U SSA V Par 3Sg @CL-<CIT #6->3
"<,>"
	"," CLB #7->7
"<soqutaavallaanngitsoq>"
	"soqut" U VALLAAR NNGIT V Par 3Sg @CL-<CIT #8->3
"<.>"
	"." CLB #9->9
</s>

<s id="1xDPRqFmZfg5KYxHDLBV7zVst1U">
"<Kelly Villemi>"
	"Kelly Ville" Prop Lok Sg @ADVL> #1->4
"<ATV-nut>"
	"ATV" N Trm Pl @ADVL>N #2->3
"<aqqut>"
	"aqqut" N Abs Sg @SUBJ> #3->4
"<pioreersoq>"
	"piu" RIIR V Par 3Sg @PRED #4->0
"<.>"
	"." CLB #5->5
</s>

<s id="2C3rgaLCtB5YNeOI6p920Xmm2Cs">
"<Taakku>"
	"una" Pron Abs Pl @SUBJ> #1->3
"<pisariaqartitsilernermi>"
	"pi" TARIAQAR TIP HTR LIR NIQ N Lok Sg @ADVL> #2->3
"<pilersinneqarumaarput>"
	"pi" LIR TIP NIQAR GUMAAR V Ind 3Pl @PRED #3->0
"<,>"
	"," CLB #4->4
"<attavillu>"
	"ata" VIK N Abs Sg CONJ-LU @SUBJ> #5->6
"<aqqusinniorneqareerpat>"
	"aqqusinnior" NIQAR RIIR V Con 3Sg @<CON #6->3
"<ujaraaraasumik>"
	"ujarak" ARAQ U TUQ N Ins Sg @i-N< #7->6
"<.>"
	"." CLB #8->8
</s>

<s id="3iuxfQ7psD9KOgsqhS4LwNTQN30">
"<Kangerlussuarmi>"
	"Kangerlussuaq" Prop Lok Sg @i-ADVL> #1->3
"<sermersuarmukarneq>"
	"sermersuaq" N Trm Sg @i-ADVL> #2->3
"<KAR>"
	"KAR" NIQ N Abs Sg @SUBJ> #3->17
"<,>"
	"," CLB #4->4
"<tammajuitsorsiorluni>"
	"tammar" TUAR IT TUQ SIUR V Cont 4Sg @i-ADVL> #5->6
"<piniariarneq>"
	"piniariar" NIQ N Abs Sg @SUBJ> #6->17
"<,>"
	"," CLB #7->7
"<sukisaarsaatigalugu>"
	"sukisaarsaat" GE V Cont 3SgO @i-ADVL> #8->9
"<aalisarneq>"
	"aalisar" NIQ N Abs Sg @SUBJ> #9->17
"<,>"
	"," CLB #10->10
"<aneersuarneq>"
	"aneer" SUAR NIQ N Abs Sg @SUBJ> #11->17
"<kiisalu>"
	"kiisalu" Conj @CONJ #12->15
"<nalinginnaasumik>"
	"nalinginnaq" U TUQ N Ins Sg @ADVL> #13->17
"<qaqqakkut>"
	"qaqqaq" N Via Sg @i-ADVL> #14->15
"<pisuttuarneq>"
	"pisup" TUAR NIQ N Abs Sg @SUBJ> #15->17
"<takornarissanik>"
	"takornariaq" N Ins Pl @MIK-OBJ> #16->17
"<ussagartitsisarput>"
	"ussagar" TIP HTR TAR V Ind 3Pl @PRED #17->0
"<.>"
	"." CLB #18->18
</s>

<s id="4bO3RmiqfPNCgVdsgyvj4MdrB7w">
"<Takuneqarsinnaasutut>"
	"taku" NIQAR SINNAA TUQ N Aeq Sg @ADVL> #1->6
"<aqqut>"
	"aqqut" N Abs Sg @SUBJ> #2->6
"<tatsinut>"
	"taseq" N Trm Pl @ADVL> #3->6
"<tarajuusunut>"
	"tarajoq" U TUQ N Trm Pl @N< #4->3
"<qanikannersuaniissaaq>"
	"qanikannersoq" N Lok Sg 3SgPoss @ADVL> #5->6
"<issaaq>"
	"IP" SSA V Ind 3Sg @PRED #6->0
"<.>"
	"." CLB #7->7
</s>

<s id="4o1bezkyI39EifuqzYOn6L7BNsA">
"<Piffinnili>"
	"piffik" N Lok Pl CONJ-LI @ADVL> #1->5
"<arlalinni>"
	"arlaq" LIK N Lok Pl @N< #2->1
"<aqqusinissaq>"
	"aqqusineq" SSAQ N Abs Sg @SUBJ> #3->5
"<tatsinut>"
	"taseq" N Trm Pl @ADVL> #4->5
"<qanikannissaaq>"
	"qanip" KANNIR SSA V Ind 3Sg @PRED #5->0
"<.>"
	"." CLB #6->6
</s>

<s id="53x9IsF9MnwkxN7uNj7s2yU9zmU">
"<Aqqusinniassaq>"
	"aqqusinniaq" SSAQ N Abs Sg @SUBJ> #1->6
"<pingaarnertut>"
	"pi" NGAAR NIQ N Aeq Sg @ADVL> #2->6
"<narsaamanikkut>"
	"narsaamaneq" N Via Sg @ADVL> #3->6
"<qaarsortarasaakkut>"
	"qaarsoq" TAQ GASAAQ N Via Sg @N< #4->3
"<panilaartukkut>"
	"paner" LAAR TUQ N Via Sg @N< #5->3
"<sanaartorneqassaaq>"
	"sanaartor" NIQAR SSA V Ind 3Sg @PRED #6->0
"<.>"
	"." CLB #7->7
</s>

<s id="5SJ5DtsCWkBdap8VCYeisNjHTcY">
"<Tamanna>"
	"manna" Pron Abs Sg @SUBJ> #1->2
"<isumaqarpoq>"
	"isuma" QAR V Ind 3Sg @PRED #2->0
"<immap>"
	"imaq" N Rel Sg @POSS> #3->4
"<naqqani>"
	"nateq" N Lok Sg 3SgPoss @i-ADVL> #4->5
"<ilisarnaatit>"
	"ilisarnar" UTE N Abs Pl @SUBJ> #5->7
"<pingaarnerusut>"
	"pi" NGAAR NIRU TUQ N Abs Pl @N< #6->5
"<ilisimaneqaratik>"
	"ilisima" NIQAR V ContNeg 4Pl @CL-<CIT #7->2
"<.>"
	"." CLB #8->8
</s>

<s id="5g2yfW02wSCJa4RGkPSX0YLEliI">
"<Tamakkiisuunngitsumik>"
	"tamakker" HTR TUQ U NNGIT TUQ N Ins Sg @i->N #1->2
"<paasissutissaqarpoq>"
	"paasi" UTE SSAQ QAR V Ind 3Sg @PRED #2->0
"<tunngavissalimmillu>"
	"tunnga" VIK SSAQ LIK N Ins Sg CONJ-LU @i->N #3->4
"<ilisimasaqartoqarani>"
	"ilisima" TAQ QAR TUQ QAR V ContNeg 4Sg @PRED #4->0
"<.>"
	"." CLB #5->5
</s>

<s id="7kQgwhy4lApptxwm5kfNAWmynhY">
"<Nunap>"
	"nuna" N Rel Sg @POSS> #1->2
"<ilaata>"
	"ila" N Rel Sg 3SgPoss @POSS> #2->4
"<tamatuma>"
	"manna" Pron Rel Sg @N< #3->2
"<atuuffii>"
	"atuup" VIK N Abs Pl 3SgPoss @SUBJ> #4->6
"<sannaalu>"
	"sannaq" N Abs Pl 3SgPoss CONJ-LU @SUBJ> #5->6
"<attatiinnarneqassapput>"
	"attap" INNAR NIQAR SSA V Ind 3Pl @PRED #6->0
"<.>"
	"." CLB #7->7
</s>

<s id="85yR8AcL0MOY3J9N9XkoPnFxbRg">
"<Aqqutissaq>"
	"aqqut" SSAQ N Abs Sg @SUBJ> #1->3
"<aappaluttumik>"
	"aak" PALUP TUQ N Ins Sg @i-ADVL> #2->3
"<nalunaaqutsigaavoq>"
	"nalunaaqutser" TAQ U V Ind 3Sg @PRED #3->0
"<toornermillu>"
	"toor" NIQ N Abl Sg CONJ-LU @ADVL> #4->6
"<aappaluttumit>"
	"aak" PALUP TUQ N Abl Sg @N< #5->4
"<aallartiffeqarluni>"
	"aallartip" VIK QAR V Cont 4Sg @PRED #6->0
"<.>"
	"." CLB #7->7
</s>

<s id="9YX9Mx74WPtYaAL4qxYvdkr40Uk">
"<Nalilerneqarpoq>"
	"nale" LIR NIQAR V Ind 3Sg @PRED #1->0
"<sunniineq>"
	"sunner" HTR NIQ N Abs Sg @SUBJ> #2->3
"<annikitsuinnaassasoq>"
	"angi" NIQ KIP TUQ INNAQ U SSA V Par 3Sg @CL-<CIT #3->1
"<.>"
	"." CLB #4->4
</s>

<s id="9bjJOGORRxchVhjyn3HJ8YyJUd8">
"<Naasut>"
	"naasoq" N Abs Pl @SUBJ> #1->7
"<marluk>"
	"marluk" Num Abs Pl @N< #2->1
"<taakku>"
	"una" Pron Abs Pl @N< #3->1
"<aqqusinniassap>"
	"aqqusinniaq" SSAQ N Rel Sg @POSS> #4->5
"<aqqutaani>"
	"aqqut" N Lok Sg 3SgPoss @ADVL> #5->7
"<misissukkami>"
	"misissor" TAQ N Lok Sg @N< #6->5
"<nassaassaapput>"
	"nassaaq" SSAQ U V Ind 3Pl @PRED #7->0
"<.>"
	"." CLB #8->8
</s>

<s id="9xKiX9iWLUpulmOOkF5vFaPCh5Y">
"<Illunit>"
	"illu" N Abl Pl @ADVL> #1->4
"<sullivinnit>"
	"sullivik" N Abl Pl @ADVL> #2->4
"<perusuersartarfinniillu>"
	"perusuersartarfik" N Abl Pl CONJ-LU @ADVL> #3->4
"<eqqagassaqartassaaq>"
	"eqqar" TAQ SSAQ QAR TAR SSA V Ind 3Sg @PRED #4->0
"<.>"
	"." CLB #5->5
</s>

<s id="AhCR5ajuRxNkhCRYcxhuZoexg3E">
"<Tamanna>"
	"manna" Pron Abs Sg @OBJ> #1->2
"<tunngavigalugu>"
	"tunnga" VIK GE V Cont 3SgO @i-ADVL> #2->4
"<avatangiisinik>"
	"avatangiisi" N Ins Pl @i-MIK-OBJ> #3->4
"<sunniinissap>"
	"sunner" HTR NIQ SSAQ N Rel Sg @POSS> #4->5
"<annertunnginnissaa>"
	"angi" NIQ TU NNGIT NIQ SSAQ N Abs Sg 3SgPoss @SUBJ> #5->6
"<nalilerneqarpoq>"
	"nale" LIR NIQAR V Ind 3Sg @PRED #6->0
"<.>"
	"." CLB #7->7
</s>

<s id="Au7Fy0wN4nUzNZNFbH5Rnhp1OKk">
"<Nalilerneqarpoq>"
	"nale" LIR NIQAR V Ind 3Sg @PRED #1->0
"<aqqusinniassap>"
	"aqqusinniaq" SSAQ N Rel Sg @SUBJ> #2->5
"<uumasunik>"
	"uuma" TUQ N Ins Pl @i->N>N #3->4
"<angalaartoqarnera>"
	"angalaar" TUQ QAR NIQ N Abs Sg 3SgPoss @OBJ> #4->5
"<sunningaassanngikkaa>"
	"sunner" NGAAR SSA NNGIT V Par 3Sg 3SgO @CL-<CIT #5->1
"<,>"
	"," CLB #6->6
"<piffinni>"
	"piffik" N Lok Pl @ADVL> #7->11
"<amerlanerni>"
	"amerla" NIQ N Lok Pl @N< #8->7
"<nunamit>"
	"nuna" N Abl Sg @ADVL> #9->11
"<immannguaannaq>"
	"immannguaq" INNAQ Adv @ADVL> #10->11
"<qutsinnerulaanngikkuni>"
	"qutsip" NIRU LAAR NNGIT V Con 4Sg @CON> #11->12
"<qutsinnerunavianngiivimmat>"
	"qutsip" NIRU NAVIAR NNGIT VIP V Cau 3Sg @<CAU #12->5
"<.>"
	"." CLB #13->13
</s>

<s id="BBozisMBbNlOl7L3M7grTWq9jpM">
"<Piffiit>"
	"piffik" N Rel Pl @POSS> #1->3
"<tamakku>"
	"manna" Pron Rel Pl @N< #2->1
"<pilersinnissaannut>"
	"pi" LIR TIP NIQ SSAQ N Trm Sg 3PlPoss @ADVL> #3->4
"<qinnuteqaasiortoqassaaq>"
	"qinnut" QAR UTE LIUR TUQ QAR SSA V Ind 3Sg @PRED #4->0
"<.>"
	"." CLB #5->5
</s>

<s id="BvhJYxTw9I86YGNV5EtifQxRjIY">
"<Narsaamanerit>"
	"narsaamaneq" N Rel Pl @POSS> #1->3
"<tarajuusut>"
	"tarajoq" U TUQ N Rel Pl @N< #2->1
"<isorartussusaat>"
	"isorartussuseq" N Abs Sg 3PlPoss @SUBJ> #3->7
"<killilikkanit>"
	"killiligaq" N Abl Pl @AGENS #4->7
"<tungujortunit>"
	"tungujor" TUQ N Abl Pl @N< #5->4
"<marlunnit>"
	"marluk" Num Abl Pl @N< #6->4
"<takutinneqarpoq>"
	"taku" TIP NIQAR V Ind 3Sg @PRED #7->0
"<.>"
	"." CLB #8->8
</s>

<s id="BxJpWBBvlRMdXSNN5WrVUszGoXs">
"<Avatangiisinut>"
	"avatangiisi" N Trm Pl @i-ADVL> #1->2
"<sunniutinut>"
	"sunner" UTE N Trm Pl @ADVL>N #2->3
"<skema>"
	"skema" N Abs Sg @HNOUN #3->0
"<assersuutitut>"
	"assersor" UTE N Aeq Sg @HNOUN #4->0
"<.>"
	"." CLB #5->5
</s>

<s id="CXzxzXO9SlPeegiPEipW86fhtac">
"<Nunaannarmi>"
	"nuna" INNAQ N Lok Sg @ADVL> #1->4
"<makku>"
	"manna" Pron Abs Pl @SUBJ> #2->4
"<soqutigisatut>"
	"soqut" GE TAQ N Aeq Pl @ADVL> #3->4
"<nassaassaapput>"
	"nassaaq" SSAQ U V Ind 3Pl @PRED #4->0
"<:>"
	":" CLB DIRTALESTART #5->5
</s>

<s id="D1rhvQen4aZHWHiULlJQWPvDtmU">
"<Taanna>"
	"una" Pron Abs Sg @SUBJ> #1->2
"<qinerneqarpoq>"
	"qiner" NIQAR V Ind 3Sg @PRED #2->0
"<ajornerpaamik>"
	"ajor" NIRPAAQ N Ins Sg @i-ADVL> #3->4
"<sunnerneqarneq>"
	"sunner" NIQAR NIQ N Abs Sg @OBJ> #4->5
"<nalilerniarlugu>"
	"nale" LIR NIAR V Cont 3SgO @i-<ADVL #5->2
"<.>"
	"." CLB #6->6
</s>

<s id="Do4PKlVTRBtAOyIhyzfZatBneEY">
"<Timmissat>"
	"timmiaq" N Abs Pl @SUBJ> #1->9
"<tuullik>"
	"tuullik" N Abs Sg @N< #2->1
"<kiinaaleerarlu>"
	"kiinaaleeraq" N Abs Sg CONJ-LU @N< #3->1
"<Kalaallit Nunaanniinnerat>"
	"Kalaallit Nunaat" Prop Lok Sg 3PlPoss @i-ADVL> #4->5
"<innerat>"
	"IP" NIQ N Abs Sg 3PlPoss @OBJ> #5->6
"<eqqarsaatigalugu>"
	"eqqarsar" UTE GE V Cont 3SgO @ADVL> #6->9
"<piffimmi>"
	"piffik" N Lok Sg @ADVL> #7->9
"<siamasinngitsumi>"
	"siamasi" NNGIT TUQ N Lok Sg @N< #8->7
	"siamasip" NNGIT TUQ N Lok Sg @N< #8->7
"<amerlapput>"
	"amerla" V Ind 3Pl @PRED #9->0
"<..>"
	".." CLB #10->10
</s>

<s id="E149Wiu4L8MrdsO5G077P9ik1CI">
"<Angallannerup>"
	"angala" UTE NIQ N Rel Sg @POSS> #1->2
"<annertussusaa>"
	"angi" NIQ TU SSUSIQ N Abs Sg 3SgPoss @SUBJ> #2->7
"<taakku>"
	"una" Pron Abs Pl @Pron>N #3->4
"<marluk>"
	"marluk" Num Abs Pl @OBJ> #4->5
"<eqqarsaatigalugit>"
	"eqqarsar" UTE GE V Cont 3PlO @i-ADVL> #5->6
"<annertunngitsutut>"
	"angi" NIQ TU NNGIT TUQ N Aeq Sg @ADVL> #6->7
"<oqaatigineqarsinnaavoq>"
	"oqaatige" NIQAR SINNAA V Ind 3Sg @PRED #7->0
"<.>"
	"." CLB #8->8
</s>

<s id="FCrDrJ18vkDMxiHEivFxPvD2huM">
"<Taamaammat>"
	"taamaammat" Adv @CL-ADVL> #1->6
"<illuaqqat>"
	"illu" ARAQ N Abs Pl @SUBJ> #2->6
"<10>"
	"10" Num Abs Sg @>N #3->4
"<km>"
	"kilometer" N Rel Sg @POSS> #4->5
"<missaannik>"
	"misse" N Ins Sg 3PlPoss @i->N #5->6
"<ungasissuseqassapput>"
	"ungasip" SSUSIQ QAR SSA V Ind 3Pl @PRED #6->0
"<.>"
	"." CLB #7->7
</s>

<s id="FroM5ok7aqcozrkrT8WHnIJgRYg">
"<Annertunaviannginnamilli>"
	"angi" NIQ TU NAVIAR NNGIT V Cau 4Pl ADV-LI @CAU> #1->2
"<malunnassallutik>"
	"malunnar" SSA V Cont 4Pl @PRED #2->0
"<.>"
	"." CLB #3->3
</s>

<s id="FwkTEVY16cqWG6gNykrkxGgA7Ig">
"<Nunat>"
	"nuna" N Abs Pl @SUBJ> #1->6
"<qaarsortarasaat>"
	"qaarsoq" TAQ GASAAQ N Abs Pl @N< #2->1
"<ujaraaraqarlutillu>"
	"ujarak" ARAQ QAR V Cont 4Pl CONJ-LU @i-ADVL> #3->4
"<ujaraalullit>"
	"ujarak" ALUK LIK N Abs Pl @N< #4->1
"<aamma>"
	"aamma" Adv @ADVL> #5->6
"<piffiussapput>"
	"piffik" U SSA V Ind 3Pl @PRED #6->0
"<atortussat>"
	"ator" TUQ SSAQ N Rel Pl @POSS> #7->8
"<amerlanerpaartaannik>"
	"amerla" NIRPAAQ TAQ N Ins Pl 3PlPoss @i-MIK-OBJ> #8->9
"<piiaaffissat>"
	"piiar" HTR VIK SSAQ N Abs Pl @i-SUBJ_COMP< #9->6
"<.>"
	"." CLB #10->10
</s>

<s id="JRvaftuFAvlP08SBHglonmQuWa0">
"<Kilometerikkaakannerlugu>"
	"kilometer" KKAAR KANNIR V Cont 3SgO @i-ADVL> #1->2
"<saneqqunnissamut>"
	"saneqqup" NIQ SSAQ N Trm Sg @ADVL> #2->3
"<inissaliortoqassaaq>"
	"ini" SSAQ LIUR TUQ QAR SSA V Ind 3Sg @PRED #3->0
"<.>"
	"." CLB #4->4
</s>

<s id="JjPSL83ooXxbaPxForInctoguic">
"<Kommunip>"
	"kommune" N Rel Sg @POSS> #1->2
"<pilersaarusiaata>"
	"pilersaar" UTE LIAQ N Rel Sg 3SgPoss @POSS> #2->3
"<ilassutaa>"
	"ilassut" N Abs Sg 3SgPoss @SUBJ> #3->7
"<ilaatigut>"
	"ilaatigut" Adv @ADVL> #4->7
"<imaattumik>"
	"imaap" TUQ N Ins Sg @i->N #5->7
"<nunap>"
	"nuna" N Rel Sg @i-POSS> #6->6
"<assiuteqarpoq>"
	"assi" UTE QAR V Ind 3Sg @PRED #7->0
"<:>"
	":" CLB DIRTALESTART #8->8
</s>

<s id="JxrMI5FmVYssrGguNFxDhg0Ljpk">
"<Tamanna>"
	"manna" Pron Abs Sg @SUBJ> #1->2
"<isumaqarpoq>"
	"isuma" QAR V Ind 3Sg @PRED #2->0
"<immap>"
	"imaq" N Rel Sg @POSS> #3->4
"<naqqani>"
	"nateq" N Lok Sg 3SgPoss @i-ADVL> #4->5
"<ilisarnaatit>"
	"ilisarnar" UTE N Abs Pl @SUBJ> #5->7
"<pingaarnerusut>"
	"pi" NGAAR NIRU TUQ N Abs Pl @N< #6->5
"<ilisimaneqarlutik>"
	"ilisima" NIQAR V Cont 4Pl @CL-<CIT #7->2
"<.>"
	"." CLB #8->8
</s>

<s id="KJTWEf42WOxW9Qx5qf12M0JFyGQ">
"<Piffik>"
	"piffik" N Abs Sg @SUBJ> #1->6
"<aqqusinniassamit>"
	"aqqusinniaq" SSAQ N Abl Sg @i-ADVL> #2->5
"<20>"
	"20" Num Abs Pl @>N #3->4
"<km-inik>"
	"kilometer" N Ins Pl @i-ADVL> #4->5
"<ungasitsigisuaniippoq>"
	"ungasip" TIGE TUQ N Lok Sg 3SgPoss @ADVL> #5->6
"<ippoq>"
	"IP" V Ind 3Sg @PRED #6->0
"<.>"
	"." CLB #7->7
</s>

<s id="KcULdLJTXTC8xfP8murLJxRMUro">
"<Pineqartut>"
	"pi" NIQAR TUQ N Rel Pl @POSS> #1->2
"<akornanni>"
	"akunneq" N Lok Sg 3PlPoss @ADVL> #2->5
"<arfineq pingasut>"
	"arfineq pingasut" Num Abs Pl @SUBJ> #3->5
"<Qeqqata Kommuneani>"
	"Qeqqata Kommunia" Prop Lok Sg 3SgPoss @ADVL> #4->5
"<nassaassaapput>"
	"nassaaq" SSAQ U V Ind 3Pl @PRED #5->0
"<.>"
	"." CLB #6->6
</s>

<s id="Lp98xTIYxnWASCj8BivFoMxIxzM">
"<Illut>"
	"illu" N Abs Pl @SUBJ> #1->3
"<avatangiisinut>"
	"avatangiisi" N Trm Pl @ADVL> #2->3
"<tulluarsarneqassapput>"
	"tulluarsar" NIQAR SSA V Ind 3Pl @PRED #3->0
"<.>"
	"." CLB #4->4
</s>

<s id="MDBleJLRg1TwZxPteQrdOacFcnU">
"<Piaqqeqatigiippaaluit>"
	"piaqqeqat" GIIT PAK ALUK N Abs Pl @HNOUN #1->0
	"piaqqi" QATE GIIT PAK ALUK N Abs Pl @HNOUN #1->0
"<piffiup>"
	"piffik" N Rel Sg @POSS> #2->3
"<taserpassuini>"
	"taseq" PAK SUAQ N Lok Pl 3SgPoss @HNOUN #3->0
"<.>"
	"." CLB #4->4
</s>

<s id="MM7PMVpuFmxWdDPKNzSJMGj9NG8">
"<Maskiinanit>"
	"maskiina" N Abl Pl @ADVL> #1->2
"<erngartoqarsinnaavoq>"
	"erngar" TUQ QAR SINNAA V Ind 3Sg @PRED #2->0
"<.>"
	"." CLB #3->3
</s>

<s id="MiKQMsvi5A0eGwDM0QThywFqxg0">
"<Misissukkat>"
	"misissor" TAQ N Abs Pl @SUBJ> #1->2
"<siamasipput>"
	"siamasi" V Ind 3Pl @PRED #2->0
	"siamasip" V Ind 3Pl @PRED #2->0
"<ilisimasanillu>"
	"ilisima" TAQ N Ins Pl CONJ-LU @MIK-OBJ> #3->4
"<uppernarsaanertaqalaarluni>"
	"upper" NAR SAR HTR NIQ TAQ QAR LAAR V Cont 4Sg @PRED #4->0
"<.>"
	"." CLB #5->5
</s>

<s id="MlgOLEtsTCwP8cQnaJ9TLzLMNJU">
"<Suliniutip>"
	"suli" NIUTE N Rel Sg @POSS> #1->4
"<inunnik>"
	"inuk" N Ins Pl @i-MIK-OBJ> #2->5
"<peqqinnissap>"
	"peqqip" NIQ SSAQ N Rel Sg @POSS> #3->4
"<tungaatigut>"
	"tunge" N Via Sg 3SgPoss @i-ADVL> #4->5
"<sunniinissaa>"
	"sunner" HTR NIQ SSAQ N Abs Sg 3SgPoss @SUBJ> #5->6
"<ilimagineqanngilaq>"
	"ilimage" NIQAR NNGIT V Ind 3Sg @PRED #6->0
"<.>"
	"." CLB #7->7
</s>

<s id="MyJk0zs9pyMxR8CiwsIRwBihPpo">
"<Kangerlussuup>"
	"Kangerlussuaq" Prop Rel Sg @POSS> #1->2
"<nalaata>"
	"nale" N Rel Sg 3SgPoss @POSS> #2->3
"<nalaani>"
	"nale" N Lok Sg 3SgPoss @ADVL> #3->5
"<nunaminertami>"
	"nuna" MINIQ TAQ N Lok Sg @ADVL> #4->5
"<taseqarpoq>"
	"taseq" QAR V Ind 3Sg @PRED #5->0
"<tarajoqangaatsiarlutillu>"
	"tarajoq" QAR NGAAR TSIAR V Cont 4Pl CONJ-LU @ADVL> #6->8
"<ion-imik>"
	"ion" N Ins Sg @i->N #7->8
"<akoqangaaramik>"
	"aku" QAR NGAAR V Cau 4Pl @CAU> #8->14
"<tatsinik>"
	"taseq" N Ins Pl @ADVL> #9->14
"<tarajuusunik>"
	"tarajoq" U TUQ N Ins Pl @N< #10->9
"<imaluunniit>"
	"imaluunniit" Conj @CONJ #11->12
"<tatsinik>"
	"taseq" N Ins Pl @ADVL> #12->14
"<tarajortuunik>"
	"tarajoq" TUUQ N Ins Pl @N< #13->12
"<taaneqarsinnaallutik>"
	"taa" NIQAR SINNAA V Cont 4Pl @PRED #14->0
"<.>"
	"." CLB #15->15
</s>

<s id="Na6ftxv1IJX0VUql9N4VXmxvRHg">
"<Kommunip>"
	"kommune" N Rel Sg @POSS> #1->2
"<pilersaarusiaanut>"
	"pilersaar" UTE LIAQ N Trm Sg 3SgPoss @i-ADVL> #2->3
"<ilassut>"
	"ilassut" N Abs Sg @OBJ> #3->4
"<malillugu>"
	"malip" V Cont 3SgO @ADVL> #4->5
"<anguniagaavoq>"
	"angu" NIAR TAQ U V Ind 3Sg @PRED #5->0
"<:>"
	":" CLB DIRTALESTART #6->6
</s>

<s id="No7wxhuGHxESNp3FlVQntaqIhNI">
"<Sunniutaasinnaasoq>"
	"sunner" UTE U SINNAA TUQ N Abs Sg @SUBJ> #1->2
"<taamaammat>"
	"taama" IP V Cau 3Sg @CAU> #2->3
"<nalilerneqarpoq>"
	"nale" LIR NIQAR V Ind 3Sg @PRED #3->0
"<soqutaanngitsutut>"
	"soqut" U NNGIT TUQ N Aeq Sg @<ADVL #4->3
"<.>"
	"." CLB #5->5
</s>

<s id="OvDYOXThD1EqOFKzdBAKKF8UzWI">
"<Ikaartarfeqassaaq>"
	"ikaar" TAR VIK QAR SSA V Ind 3Sg @PRED #1->0
"<ataatsimik>"
	"ataaseq" Num Ins Sg @i-N< #2->1
"<.>"
	"." CLB #3->3
</s>

<s id="QPoaxBKhZGlEpodPImXsKZc61QU">
"<Tassa>"
	"tassa" Adv @ADVL> #1->2
"<imaappoq>"
	"imaap" V Ind 3Sg @PRED #2->0
"<saniatigut>"
	"sani" N Via Sg 3SgPoss @i-ADVL> #3->4
"<pilersitsinissaq>"
	"pi" LIR TIP HTR NIQ SSAQ N Abs Sg @SUBJ> #4->5
"<pisariaqartinneqarani>"
	"pi" TARIAQAR TIP NIQAR V ContNeg 4Sg @CL-<CIT #5->2
"<.>"
	"." CLB #6->6
</s>

<s id="RMTiAWPd4gz5C6djOeEhzsKxU98">
"<Taamatuttaaq>"
	"taama" Aeq Adv TTAAQ @ADVL> #1->9
"<immap>"
	"imaq" N Rel Sg @POSS> #2->3
"<itissusia>"
	"iti" SSUSIQ N Abs Sg 3SgPoss @SUBJ> #3->9
"<45>"
	"45" Num Abs Sg @>N #4->5
"<m-imiit>"
	"meter" N Sg Abl @ADVL> #5->9
"<6>"
	"6" Num Abs Pl @>N #6->7
"<m-it>"
	"meter" N Pl Rel @POSS> #7->8
"<missaannut>"
	"misse" N Trm Sg 3PlPoss @ADVL> #8->9
"<ikkannerulerluni>"
	"ikkap" NIRU LIR V Cont 4Sg @PRED #9->0
"<.>"
	"." CLB #10->10
</s>

<s id="RrJbzwdf4cwWoieMOBIPfhEUC7k">
"<Tamanna>"
	"manna" Pron Abs Sg @OBJ> #1->2
"<tunuliaqutaralugu>"
	"tunuliaqutaq" GE V Cont 3SgO @i-ADVL> #2->3
"<nalilerneqarpoq>"
	"nale" LIR NIQAR V Ind 3Sg @PRED #3->0
"<avatangiisinik>"
	"avatangiisi" N Ins Pl @i-MIK-OBJ> #4->5
"<sunniineq>"
	"sunner" HTR NIQ N Abs Sg @SUBJ> #5->6
"<soqutaanavianngitsoq>"
	"soqut" U NAVIAR NNGIT V Par 3Sg @CL-<CIT #6->3
"<.>"
	"." CLB #7->7
</s>

<s id="SfbGuzfxSEPTJmoWWb9CGydDbZ0">
"<Naggataatigut>"
	"naggat" N Via Sg 3SgPoss @i-ADVL> #1->2
"<atassutaasussaq>"
	"ata" UTE U TUQ SSAQ N Abs Sg @SUBJ> #2->4
"<eqqaaneqareersutut>"
	"eqqaa" NIQAR RIIR TUQ N Aeq Sg @ADVL> #3->4
"<tassaassaaq>"
	"tassa" U SSA V Ind 3Sg @PRED #4->0
"<aqqut>"
	"aqqut" N Abs Sg @i-SUBJ_COMP< #5->4
"<ujaraaraasoq>"
	"ujarak" ARAQ U TUQ N Abs Sg @N< #6->5
"<.>"
	"." CLB #7->7
</s>

<s id="SjQHJRtjf2sdrhyCLEFgpfVp9yc">
"<Illup>"
	"illu" N Rel Sg @POSS> #1->2
"<ilusissaa>"
	"iluseq" SSAQ N Abs Sg 3SgPoss @SUBJ> #2->5
"<maannamut>"
	"maannamut" Adv @ADVL> #3->5
"<suli>"
	"suli" Adv @ADVL> #4->5
"<inissinneqanngilaq>"
	"ini" SSIP NIQAR NNGIT V Ind 3Sg @PRED #5->0
"<.>"
	"." CLB #6->6
</s>

<s id="TGzpPS1bNtoba5vKuSqrC0qcT1U">
"<Maskiinanittaaq>"
	"maskiina" N Abl Pl TTAAQ @ADVL> #1->2
"<siorsunneqassaaq>"
	"siorsup" NIQ QAR SSA V Ind 3Sg @PRED #2->0
"<.>"
	"." CLB #3->3
</s>

<s id="TP8ajTh7BK2Hg1VoHaGYARqr7vk">
"<Ullumilu>"
	"ullumi" Adv CONJ-LU @CL-ADVL> #1->8
"<inuit>"
	"inuk" N Rel Pl @SUBJ> #2->8
"<1.200-t>"
	"1.200" Num Rel Pl @POSS> #3->3
"<missaasa>"
	"misse" N Rel Pl 3PlPoss @N< #4->3
"<aqqut>"
	"aqqut" N Abs Sg @OBJ> #5->8
"<taanna>"
	"una" Pron Abs Sg @N< #6->5
"<ukiumut>"
	"ukioq" N Trm Sg @ADVL> #7->8
"<aqqutigisarpaat>"
	"aqqut" GE TAR V Ind 3Pl 3SgO @PRED #8->0
"<.>"
	"." CLB #9->9
</s>

<s id="TdskJlmsbv8iOyZCsBVS7QixVro">
"<Pilersaarusiaq>"
	"pilersaar" UTE LIAQ N Abs Sg @SUBJ> #1->4
"<nunalu>"
	"nuna" N Abs Sg CONJ-LU @SUBJ> #2->4
"<sammisaq>"
	"sammi" TAQ N Abs Sg @N< #3->2
"<naluneqanngillat>"
	"nalu" NIQAR NNGIT V Ind 3Pl @PRED #4->0
"<,>"
	"," CLB #5->5
"<sumiiffimmilu>"
	"sumiiffik" N Lok Sg CONJ-LU @ADVL>N #6->9
"<kulturikkut>"
	"kultur" N Via Sg @i-ADVL> #7->8
"<oqaluttuarisaanermik>"
	"oqaluttuaq" GE TAQ U NIQ N Ins Sg @ADVL>N #8->9
"<nassaat>"
	"nassaaq" N Abs Pl @OBJ> #9->10
"<pillugit>"
	"pi" V Cont 3PlO @i-ADVL> #10->11
"<nalunaarusiaqarluni>"
	"nalunaar" UTE LIAQ QAR V Cont 4Sg @PRED #11->0
"<.>"
	"." CLB #12->12
</s>

<s id="Te6JiKqKxtKvCCzr1lulSVnpbsg">
"<Orpigaqarnera>"
	"orpigaq" QAR NIQ N Abs Sg 3SgPoss @SUBJ> #1->5
"<1,5>"
	"1,5" Num Abs Pl @>N #2->3
"<m-it>"
	"meter" N Pl Abs @OBJ> #3->4
"<tikillugit>"
	"tikip" V Cont 3PlO @ADVL> #4->5
"<portutigisoqarpoq>"
	"portu" TIGE TUQ QAR V Ind 3Sg @PRED #5->0
"<tassaallutik>"
	"tassa" U V Cont 4Pl @<ADVL #6->5
"<orpikkat>"
	"orpigaq" N Abs Pl @i-SUBJ_COMP< #7->6
"<.>"
	"." CLB #8->8
</s>

<s id="U9bYI5I0NaKRq4sDiIsPAgLkOn4">
"<Taamaammat>"
	"taamaammat" Adv @CL-ADVL> #1->4
"<qitiusumik>"
	"qiteq" U TUQ N Ins Sg @i->N #2->4
"<immikkut>"
	"immikkut" Adv @i-ADVL> #3->4
"<siorartarfiliortoqassanngilaq>"
	"siorartar" VIK LIUR TUQ QAR SSA NNGIT V Ind 3Sg @PRED #4->0
"<.>"
	"." CLB #5->5
</s>

<s id="UwGAL9o3sVrCCJp2ZIsTiF4nevU">
"<Immikkoortuaqqat>"
	"immikkoor" TUQ ARAQ N Abs Pl @SUBJ> #1->3
"<assigiimmik>"
	"assigiimmik" Adv @ADVL> #2->3
"<iluseqarput>"
	"iluseq" QAR V Ind 3Pl @PRED #3->0
"<:>"
	":" CLB DIRTALESTART #4->4
</s>

<s id="V3e7dLzZvXGqZxFmRSrADxQrCdg">
"<Pisummik>"
	"pisummik" Adv @ADVL>N #1->2
"<aqqutip>"
	"aqqut" N Rel Sg @POSS> #2->3
"<saniatigut>"
	"sani" N Via Sg 3SgPoss @ADVL> #3->6
"<maanna>"
	"maanna" Adv @ADVL> #4->6
"<aqqummi>"
	"aqqut" N Lok Sg @ADVL> #5->6
"<aqqusinniaqanngilaq>"
	"aqqusinniaq" QAR NNGIT V Ind 3Sg @PRED #6->0
"<.>"
	"." CLB #7->7
</s>

<s id="VUdGRnRuVhVJrxLHi7q3aC1AWyM">
"<Nalunaarusiani>"
	"nalunaar" UTE LIAQ N Lok Pl @ADVL> #1->3
"<aamma>"
	"aamma" Adv @ADVL> #2->3
"<takuneqarsinnaavoq>"
	"taku" NIQAR SINNAA V Ind 3Sg @PRED #3->0
"<aqqusinissaq>"
	"aqqusineq" SSAQ N Abs Sg @SUBJ> #4->6
"<sumerpiaq>"
	"suna" PIAQ Adv @ADVL> #5->6
"<inissinneqartoq>"
	"ini" SSIP NIQAR V Par 3Sg @CL-<CIT #6->3
"<.>"
	"." CLB #7->7
</s>

<s id="WE5GTHgBsCCQhIDP0xvy6oAg4KI">
"<Naasoqarneq>"
	"naasoq" QAR NIQ N Abs Sg @SUBJ> #1->6
"<taamaattoq>"
	"taama" IP TUQ N Abs Sg @N< #2->1
"<aqquserniassap>"
	"aqqut" LIR NIAQ SSAQ N Rel Sg @POSS> #3->4
"<aqqutissaata>"
	"aqqut" SSAQ N Rel Sg 3SgPoss @POSS> #4->5
"<sinaani>"
	"sini" N Lok Sg 3SgPoss @ADVL> #5->6
"<nassaassaavoq>"
	"nassaaq" SSAQ U V Ind 3Sg @PRED #6->0
"<,>"
	"," CLB #7->7
"<assersuutigalugu>"
	"assersor" UTE GE V Cont 3SgO @<ADVL #8->6
"<Kangerlussuarmiit>"
	"Kangerlussuaq" Prop Abl Sg @ADVL>N #9->14
"<tatsit>"
	"taseq" N Rel Pl @POSS> #10->12
"<tarajuusut>"
	"tarajoq" U TUQ N Rel Pl @N< #11->10
"<saneqqunnissaata>"
	"saneqqup" NIQ SSAQ N Rel Sg 3PlPoss @POSS> #12->13
"<tungaanut>"
	"tunge" N Trm Sg 3SgPoss @ADVL>N #13->14
"<aqqummi>"
	"aqqut" N Lok Sg @<ADVL #14->8
"<.>"
	"." CLB #15->15
</s>

<s id="WMw8zh2PQjHaXCGFVwPexGd2LRA">
"<Umimmaat>"
	"umimmak" N Abs Pl @SUBJ> #1->3
"<1989-imiilli>"
	"1989" Num Abl Sg ADV-LI @ADVL> #2->3
"<piniagaapput>"
	"pi" NIAR TAQ U V Ind 3Pl @PRED #3->0
"<.>"
	"." CLB #4->4
</s>

<s id="WYimo772xyUXFOdx5k8KB5E1V68">
"<Immikkoortup>"
	"immikkoor" TUQ N Rel Sg @SUBJ> #1->7
"<18-p>"
	"18" Num Rel Sg @N< #2->1
"<avatangiisinut>"
	"avatangiisi" N Trm Pl @i-ADVL> #3->4
"<tunngasumut>"
	"tunnga" TUQ N Trm Sg @i-ADVL> #4->5
"<nassuiaammi>"
	"nassuiar" UTE N Lok Sg @i-ADVL> #5->6
"<amigaatit>"
	"amigar" UTE N Abs Pl @OBJ> #6->7
"<nassuiarpai>"
	"nassuiar" V Ind 3Sg 3PlO @PRED #7->0
"<.>"
	"." CLB #8->8
</s>

<s id="WmABkppiBiEFTPHRDrxde7XMhN4">
"<Nuna>"
	"nuna" N Abs Sg @SUBJ> #1->3
"<tuttoqaqalunilu>"
	"tuttu" QAR QE V Cont 4Sg CONJ-LU @PRED #2->0
"<umimmaqaqaaq>"
	"umimmak" QAR QE V Ind 3Sg @PRED #3->0
"<.>"
	"." CLB #4->4
</s>

<s id="XSd02Ha2xH5Dh8z4DxqoDMnkmEI">
"<Qaqqani>"
	"qaqqaq" N Lok Pl @ADVL> #1->3
"<ATV-mik>"
	"ATV" N Ins Sg @i->N #2->3
"<angallaffiusoqanngingajappoq>"
	"angala" UTE VIK U TUQ QAR NNGIT NGAJAP V Ind 3Sg @PRED #3->0
"<.>"
	"." CLB #4->4
</s>

<s id="XsDMKMtrazMg5pURun1VxFIglMM">
"<Ullumikkut>"
	"ullumikkut" Adv @CL-ADVL> #1->5
"<nunami>"
	"nuna" N Lok Sg @ADVL> #2->5
"<tassani>"
	"tass" Adv Lok @N< #3->2
"<aallutassanik>"
	"aallup" TAQ SSAQ N Ins Pl @i-MIK-OBJ> #4->5
"<ingerlatsisoqanngilaq>"
	"ingerlap" HTR TUQ QAR NNGIT V Ind 3Sg @PRED #5->0
"<.>"
	"." CLB #6->6
</s>

<s id="Xu97yVtQWRPLdCO3ryT2emk3gSU">
"<Narsaamanerit>"
	"narsaamaneq" N Abs Pl @HNOUN #1->0
"<tarajuusut>"
	"tarajoq" U TUQ N Abs Pl @N< #2->1
"<Brayasømi>"
	"Brayasø" Prop Lok Sg @i-<ADVL #3->1
"<(>"
	"(" PUNCT LEFT #4->4
"<saamerl.>"
	"saamerleq" N @N< #5->3
"<)>"
	")" PUNCT RIGHT #6->6
"<Hundesømilu>"
	"Hundesø" Prop Lok Sg CONJ-LU @i-<ADVL #7->1
"<(>"
	"(" PUNCT LEFT #8->8
"<talerperl.>"
	"talerperleq" N @N< #9->7
"<)>"
	")" PUNCT RIGHT #10->10
"<.>"
	"." CLB #11->11
</s>

<s id="Z6jRdEh0FCF6J2zumMX5F5mcJ9E">
"<Kangerlummi>"
	"kangerluk" N Lok Sg @ADVL> #1->6
"<17>"
	"17" Num Abs Pl @>N #2->3
"<km-inik>"
	"kilometer" N Ins Pl @i-ADVL> #3->4
"<qinngorpasinnerusumiittut>"
	"qinngoq" PASIP NIRU TUQ N Lok Sg @i-ADVL> #4->5
	"qinngor" PASIP NIRU TUQ N Lok Sg @i-ADVL> #4->5
"<ittut>"
	"IP" TUQ N Abs Pl @SUBJ> #5->6
"<uuttortarneqarsimanngillat>"
	"uuttor" TAR NIQAR SIMA NNGIT V Ind 3Pl @PRED #6->0
"<.>"
	"." CLB #7->7
</s>

<s id="ZOsfW5hHyyJY0YPUSik9cFGxQEM">
"<Sanaartornermi>"
	"sanaartor" NIQ N Lok Sg @ADVL> #1->5
"<maskiinanit>"
	"maskiina" N Abl Pl @i-ADVL> #2->2
"<aamma>"
	"aamma" Adv @i-ADVL> #3->4
"<uuliakoortoqarsinnaanera>"
	"uuliakoor" TUQ QAR SINNAA NIQ N Abs Sg 3SgPoss @SUBJ> #4->5
"<navianarpoq>"
	"navianar" V Ind 3Sg @PRED #5->0
"<.>"
	"." CLB #6->6
</s>

<s id="ZXImsfJdcxqEkZwxiQxa0KlBM6I">
"<Ikaartarfiliortoqassaaq>"
	"ikaar" TAR VIK LIUR TUQ QAR SSA V Ind 3Sg @PRED #1->0
"<minnermik>"
	"miki" NIQ N Ins Sg @i-N< #2->1
"<5>"
	"5" Num Abs Pl @>N #3->4
"<m-itut>"
	"meter" N Pl Aeq @i->V #4->5
"<angitigisoq>"
	"angi" TIGE TUQ N Abs Sg @<SUBJ #5->1
"<.>"
	"." CLB #6->6
</s>

<s id="aWUAHCbw9eI7UZgtvxZGqxrC7gc">
"<Kuunni>"
	"kuuk" N Lok Pl @ADVL> #1->3
"<arlalinni>"
	"arlaq" LIK N Lok Pl @N< #2->1
"<eqaloqarfeqarpoq>"
	"eqaluk" QAR VIK QAR V Ind 3Sg @PRED #3->0
"<.>"
	"." CLB #4->4
</s>

<s id="dSsCDOWs8xzxvLkrKeswHe3sR40">
"<Immakkut>"
	"imaq" N Via Sg @i-ADVL> #1->2
"<angallaffiup>"
	"angala" UTE VIK N Rel Sg @POSS> #2->3
"<ilamernga>"
	"ila" MINIQ N Abs Sg 3SgPoss @SUBJ> #3->4
"<søkortiliorsimasoq>"
	"søkort" LIUR SIMA V Par 3Sg @PRED #4->0
"<.>"
	"." CLB #5->5
</s>

<s id="dguAHJxgJP4GjoZakVnNocsTCSo">
"<Aqqusinniassatut>"
	"aqqusinniaq" SSAQ N Aeq Sg @i-ADVL> #1->2
"<siunnersuutaasup>"
	"siunnersor" UTE U TUQ N Rel Sg @SUBJ> #2->6
"<Hundesø>"
	"Hundesø" Prop Abs Sg @OBJ> #3->6
"<aamma>"
	"aamma" Conj @CONJ #4->5
"<Brayasø>"
	"Brayasø" Prop Abs Sg @OBJ> #5->6
"<aqqusaarpai>"
	"aqqusaar" V Ind 3Sg 3PlO @PRED #6->0
"<.>"
	"." CLB #7->7
</s>

<s id="e1ua0g8HsD4NNyra9x9texCCEnY">
"<Sumiissinnaappulluunniit>"
	"suna" Pron Lok Sg @ADVL> #1->2
"<issinnaappulluunniit>"
	"IP" SINNAA V Ind 3Pl ADV-LUUNNIIT @PRED #2->0
"<,>"
	"," CLB #3->3
"<innaarsunni>"
	"innaarsuk" N Lok Pl @ADVL> #4->5
"<piaqqisarput>"
	"piaqqi" TAR V Ind 3Pl @PRED #5->0
"<.>"
	"." CLB #6->6
</s>

<s id="fEqd8hhjEwIuxisLRfo8zG9sQb0">
"<Aqqummi>"
	"aqqut" N Lok Sg @ADVL> #1->3
"<ataatsimik>"
	"ataaseq" Num Ins Sg @i->N #2->3
"<ikaartarfiliortoqassaaq>"
	"ikaar" TAR VIK LIUR TUQ QAR SSA V Ind 3Sg @PRED #3->0
"<.>"
	"." CLB #4->4
</s>

<s id="ga44R2hGxoOxCWw6bxSCyBkQh24">
"<Aqqusinniassaq>"
	"aqqusinniaq" SSAQ N Abs Sg @SUBJ> #1->4
"<toornermit>"
	"toor" NIQ N Abl Sg @ADVL> #2->4
"<aappaluttumit>"
	"aak" PALUP TUQ N Abl Sg @N< #3->2
"<aallartippoq>"
	"aallartip" V Ind 3Sg @PRED #4->0
"<.>"
	"." CLB #5->5
</s>

<s id="gawTPgImQxOMUBgbNLKBvXNF1vE">
"<Illutavissaa>"
	"illu" TAQ VIK SSAQ N Abs Sg 3SgPoss @SUBJ> #1->3
"<allatut>"
	"alla" N Aeq Sg @ADVL> #2->3
"<isikkoqarsinnaavoq>"
	"isikku" QAR SINNAA V Ind 3Sg @PRED #3->0
"<.>"
	"." CLB #4->4
</s>

<s id="gy2b2rtUZzuooDYKPfwW3O6AUVA">
"<Taamatuttaaq>"
	"taama" Aeq Adv TTAAQ @ADVL> #1->4
"<Sisimiut Umiarsualiviat>"
	"Sisimiut Umiarsualiviat" Prop Abs Sg 3PlPoss @SUBJ> #2->4
"<ullormut>"
	"ulloq" N Trm Sg @ADVL> #3->4
"<angallaviusarluni>"
	"angala" VIK U TAR V Cont 4Sg @PRED #4->0
"<.>"
	"." CLB #5->5
</s>

<s id="i9ar0L7FCh4wYWMgORqFDFgQs5Q">
"<Attavik>"
	"ata" VIK N Abs Sg @SUBJ> #1->5
"<130>"
	"130" Num Abs Sg @>N #2->3
"<km-it>"
	"kilometer" N Rel Pl @POSS> #3->4
"<missaanik>"
	"misse" N Ins Sg 3PlPoss @i->N #4->5
"<isorartussuseqassaaq>"
	"isorartussuseq" QAR SSA V Ind 3Sg @PRED #5->0
"<.>"
	"." CLB #6->6
</s>

<s id="j0f7v8nxSDDedfBxNLNmSPyMtas">
"<Ajutoorneq>"
	"ajutoor" NIQ N Abs Sg @SUBJ> #1->4
"<taamaattoq>"
	"taama" IP TUQ N Abs Sg @N< #2->1
"<nunamik>"
	"nuna" N Ins Sg @MIK-OBJ> #3->4
"<mingutsitsisinnaavoq>"
	"mingup" TIP HTR SINNAA V Ind 3Sg @PRED #4->0
"<.>"
	"." CLB #5->5
</s>

<s id="jaeI9J48uYRJNqZPPi1xPAlrrtg">
"<Misissuiviit>"
	"misissor" HTR VIK N Abs Pl @SUBJ> #1->2
"<takutinneqarput>"
	"taku" TIP NIQAR V Ind 3Pl @PRED #2->0
"<toornertut>"
	"toor" NIQ N Aeq Sg @i-ADVL> #3->3
"<aappaluttutut>"
	"aak" PALUP TUQ N Aeq Sg @N< #4->3
"<normulikkatut>"
	"normu" LIR TAQ N Aeq Sg @N< #5->3
"<.>"
	"." CLB #6->6
</s>

<s id="jektIEpMkCxJKKfHDOcbBzIDlVQ">
"<Assip>"
	"assi" N Rel Sg @POSS> #1->2
"<talerpiatungaani>"
	"talerpiatunge" N Lok Sg 3SgPoss @ADVL> #2->4
"<aqqusinniassaq>"
	"aqqusinniaq" SSAQ N Abs Sg @SUBJ> #3->4
"<inissinneqassaaq>"
	"ini" SSIP NIQAR SSA V Ind 3Sg @PRED #4->0
"<.>"
	"." CLB #5->5
</s>

<s id="kDfjsjhJ3HAj1MxoAwBzl3HdUG4">
"<Sullissivittut>"
	"sullip" HTR VIK N Aeq Pl @i-ADVL> #1->4
"<anartarfittullu>"
	"anar" TAR VIK N Aeq Pl CONJ-LU @i-ADVL> #2->4
"<illuaqqat>"
	"illu" ARAQ N Rel Pl @POSS> #3->4
"<inissiffissaat>"
	"ini" SSIP VIK SSAQ N Abs Pl 3PlPoss @SUBJ> #4->6
"<ilusissaallu>"
	"iluseq" SSAQ N Abs Pl 3PlPoss CONJ-LU @SUBJ> #5->6
"<ilisimaneqanngillat>"
	"ilisima" NIQAR NNGIT V Ind 3Pl @PRED #6->0
"<.>"
	"." CLB #7->7
</s>

<s id="l2qaMVCXHds36S3wBbc4EbRadsk">
"<Mingutsitsineq>"
	"mingup" TIP HTR NIQ N Abs Sg @SUBJ> #1->2
"<malugiuminartussaavoq>"
	"maluge" GUMINAR TUSSAA V Ind 3Sg @PRED #2->0
"<kingornalu>"
	"kingorna" Adv CONJ-LU @CL-ADVL> #3->4
"<piiarneqarsinnaassalluni>"
	"piiar" NIQAR SINNAA SSA V Cont 4Sg @PRED #4->0
"<.>"
	"." CLB #5->5
</s>

<s id="lOmhYBDD4u7d8VCAEl8SjxuLhME">
"<Nuna>"
	"nuna" N Abs Sg @HNOUN #1->0
"<nerleqarfiusutut>"
	"nerleq" QAR VIK U TUQ N Aeq Sg @i-ADVL> #2->3
"<nalunaarsugaq>"
	"nalunaarsor" TAQ N Abs Sg @N< #3->1
"<.>"
	"." CLB #4->4
</s>

<s id="mkqCRXEQUttttMmBJTRNBqcxCy4">
"<Klimap>"
	"klima" N Rel Sg @POSS> #1->2
"<sunnerneqarneranut>"
	"sunner" NIQAR NIQ N Trm Sg 3SgPoss @i-ADVL> #2->3
"<naliliineq>"
	"nale" LIR HTR NIQ N Abs Sg @HNOUN #3->0
"<.>"
	"." CLB #4->4
</s>

<s id="n4vs2jIU4nXca8wxZkIle71IdpQ">
"<Imikumit>"
	"imeq" KUQ N Abl Sg @i-ADVL> #1->7
"<,>"
	"," CLB #2->2
"<nunap qaanit imermit>"
	"nunap qaanit imeq" N Abl Sg @i-ADVL> #3->7
"<aamma>"
	"aamma" Conj @CONJ #4->5
"<nunap iluani imermit>"
	"nunap iluani imeq" N Abl Sg @i-ADVL> #5->7
"<sunniutaasinnaasunik>"
	"sunner" UTE U SINNAA TUQ N Ins Pl @i-MIK-OBJ> #6->7
"<naliliineq>"
	"nale" LIR HTR NIQ N Abs Sg @HNOUN #7->0
"<.>"
	"." CLB #8->8
</s>

<s id="n91RTreNGrz2FO9llyobe2tlmjY">
"<Aqqut>"
	"aqqut" N Abs Sg @SUBJ> #1->4
"<titarnermik>"
	"titar" NIQ N Ins Sg @i-OBJ-DOTR> #2->4
"<aappaluttumik>"
	"aak" PALUP TUQ N Ins Sg @N< #3->2
"<takutinneqarpoq>"
	"taku" TIP NIQAR V Ind 3Sg @PRED #4->0
"<.>"
	"." CLB #5->5
</s>

<s id="nMhQQB3wJGK5DTOyIAepHwLjxz8">
"<Aqqusinermi>"
	"aqqusineq" N Lok Sg @i-ADVL> #1->3
"<angallannermit>"
	"angala" UTE NIQ N Abl Sg @i-ADVL> #2->3
"<siorsutsitsinernik>"
	"siorsup" TIP HTR NIQ N Ins Pl @i-MIK-OBJ> #3->4
"<naatsorsuisoqarpoq>"
	"naatsorsor" HTR TUQ QAR V Ind 3Sg @PRED #4->0
"<.>"
	"." CLB #5->5
</s>

<s id="oKXaFKnMUwkxmsOUfu2kOqRMVT0">
"<Narsat>"
	"narsaq" N Abs Pl @SUBJ> #1->7
"<qaarsuusut>"
	"qaarsoq" U TUQ N Abs Pl @N< #2->1
"<immamiit>"
	"imaq" N Abl Sg @i-ADVL> #3->6
"<3-500>"
	"3-500" Num Abs Pl @>N #4->5
"<meterinik>"
	"meter" N Ins Pl @i-ADVL> #5->6
"<portutigisuni>"
	"portu" TIGE TUQ N Lok Pl @ADVL> #6->7
"<nalinginnaanersaapput>"
	"nalinginnaq" U NIRSAQ U V Ind 3Pl @PRED #7->0
"<.>"
	"." CLB #8->8
</s>

<s id="oc6x0OmJjCN6X3XINCknB3Z42V0">
"<Sannat>"
	"sannaq" N Abs Pl @SUBJ> #1->3
"<atuuffiilluunniit>"
	"atuup" VIK N Abs Pl CONJ-LUUNNIIT @SUBJ> #2->3
"<annaaneqarsinnaapput>"
	"annaa" NIQAR SINNAA V Ind 3Pl @PRED #3->0
"<.>"
	"." CLB #4->4
</s>

<s id="ojgjTUr9FC9vV2E2ZgAgxo02jCg">
"<Suliniut>"
	"suli" NIUTE N Abs Sg @SUBJ> #1->5
"<piffissap>"
	"piffik" SSAQ N Rel Sg @POSS> #2->3
"<ingerlanerani>"
	"ingerla" NIQ N Lok Sg 3SgPoss @i-ADVL> #3->4
"<ineriartortussaq>"
	"iner" GIARTUR TUQ SSAQ N Abs Sg @N< #4->1
"<pineqarpoq>"
	"pi" NIQAR V Ind 3Sg @PRED #5->0
"<.>"
	"." CLB #6->6
</s>

<s id="ovL3jekww27rBeuxqWqtE5iYxQM">
"<Saniatigut>"
	"sani" N Via Sg 3SgPoss @CL-ADVL> #1->5
"<inatsisit>"
	"inatsit" N Abs Pl @SUBJ> #2->5
"<attuumassutillit>"
	"attuuma" UTE LIK N Abs Pl @N< #3->2
"<sukumiinerusumik>"
	"sukumer" HTR NIRU TUQ N Ins Sg @ADVL> #4->5
"<nassuiarneqarput>"
	"nassuiar" NIQAR V Ind 3Pl @PRED #5->0
"<.>"
	"." CLB #6->6
</s>

<s id="pZJOm35G1Yj8ZfKOhYMmxhlFLhs">
"<Ullutsinni>"
	"ulloq" N Lok Sg 1PlPoss @CL-ADVL> #1->6
"<aqqut>"
	"aqqut" N Abs Sg @SUBJ> #2->6
"<aamma>"
	"aamma" Adv @ADVL> #3->6
"<ilaannikkut>"
	"ilaannikkut" Adv @ADVL> #4->6
"<ATV-nik>"
	"ATV" N Ins Pl @ADVL> #5->6
"<angallavigineqartarpoq>"
	"angala" VIK GE NIQAR TAR V Ind 3Sg @PRED #6->0
"<.>"
	"." CLB #7->7
</s>

<s id="pcMsDqgeTDlLf9rhLxoL5LEYo5E">
"<14-iannit>"
	"14" Num Abl Sg 3PlPoss @ADVL> #1->7
"<28-annut>"
	"28" Num Trm Sg 3PlPoss @ADVL> #2->7
"<2015-imi>"
	"2015" N Lok Sg @ADVL> #3->7
"<nunap>"
	"nuna" N Rel Sg @POSS> #4->5
"<ilaani>"
	"ila" N Lok Sg 3SgPoss @ADVL> #5->7
"<tassani>"
	"tass" Adv Lok @N< #6->5
"<nalunaarsuisoqarpoq>"
	"nalunaarsor" HTR TUQ QAR V Ind 3Sg @PRED #7->0
"<.>"
	"." CLB #8->8
</s>

<s id="puda1CqewZ8UY6WLJX02XQu83xI">
"<Nerlernut>"
	"nerleq" N Trm Pl @i-ADVL> #1->2
"<isaffittut>"
	"isa" VIK N Aeq Sg @i-ADVL> #2->3
"<tikkuagaq>"
	"tikkuar" TAQ N Abs Sg @HNOUN #3->0
"<,>"
	"," CLB #4->4
"<Nunagisimi>"
	"Nunagis" Prop Lok Sg @ADVL> #5->7
"<nunap assiutaasivik>"
	"nunap assiutaasivik" N Abs Sg @OBJ> #6->7
"<naapertorlugu>"
	"naapertor" V Cont 3SgO @PRED #7->0
"<.>"
	"." CLB #8->8
</s>

<s id="qaxlwvtiZ9PB9BexY7mHRAccIKE">
"<Timmissat>"
	"timmiaq" N Abs Pl @SUBJ> #1->3
"<naammattuukkat>"
	"naammattoor" TAQ N Abs Pl @N< #2->1
"<isasuussangatinneqarput>"
	"isasoor" SSA NGA TIP NIQAR V Ind 3Pl @PRED #3->0
"<.>"
	"." CLB #4->4
</s>

<s id="rY549L7G7dTGlINtnY7hMvk8pXM">
"<Isumaliutersuutit>"
	"isuma" LIK U TIR TUQ UTE N Abs Pl @SUBJ> #1->5
"<taakku>"
	"una" Pron Abs Pl @N< #2->1
"<umimmannut>"
	"umimmak" N Trm Pl @ADVL> #3->5
"<aamma>"
	"aamma" Adv @ADVL> #4->5
"<atuupput>"
	"atuup" V Ind 3Pl @PRED #5->0
"<.>"
	"." CLB #6->6
</s>

<s id="sUCT95r2XQuGEJIvE7IvjkpQU5g">
"<Suliniut>"
	"suli" NIUTE N Abs Sg @SUBJ> #1->6
"<Kangerlussuup>"
	"Kangerlussuaq" Prop Rel Sg @POSS> #2->3
"<eqqaani>"
	"eqqaq" N Lok Sg 3SgPoss @ADVL>N #3->5
"<umiarsualivissamut>"
	"umiarsualivik" SSAQ N Trm Sg @ADVL> #4->6
"<aqqummiit>"
	"aqqut" N Abl Sg @ADVL> #5->6
"<aallartissaaq>"
	"aallartip" SSA V Ind 3Sg @PRED #6->0
"<.>"
	"." CLB #7->7
</s>

<s id="tbzY2yt6PRnUzpTz0YWW1RzaGKk">
"<Nassuiaatit>"
	"nassuiar" UTE N Abs Pl @HNOUN #1->0
"<ATV-nut>"
	"ATV" N Trm Pl @ADVL>N #2->3
"<aqqut>"
	"aqqut" N Abs Sg @OBJ> #3->9
"</>"
	"/" Conj @CONJ #4->6
"<nunaannarmi>"
	"nuna" INNAQ N Lok Sg @i-ADVL> #5->8
"<aqqut>"
	"aqqut" N Abs Sg @OBJ> #6->9
"<aqqullu>"
	"aqqut" N Abs Sg CONJ-LU @OBJ> #7->9
"<ujaraaraasoq>"
	"ujarak" ARAQ U TUQ N Abs Sg @N< #8->7
"<pillugit>"
	"pi" V Cont 3PlO @i-<ADVL #9->1
"<.>"
	"." CLB #10->10
</s>

<s id="umXYanfqSS1WiOUxaPZH5S0w8iA">
"<Eqqagassanit>"
	"eqqar" TAQ SSAQ N Abl Pl @i-ADVL> #1->3
"<sunniutinik>"
	"sunner" UTE N Ins Pl @i-MIK-OBJ> #2->3
"<naliliineq>"
	"nale" LIR HTR NIQ N Abs Sg @HNOUN #3->0
"<.>"
	"." CLB #4->4
</s>

<s id="vZ1iGiTT9Vr1XiMWVH1ver5EVx4">
"<Suliniut>"
	"suli" NIUTE N Abs Sg @SUBJ> #1->4
"<piffimmilu>"
	"piffik" N Lok Sg CONJ-LU @i-ADVL> #2->3
"<atugassarititaasut>"
	"ator" TAQ SSAQ GE TIP TAQ U TUQ N Abs Pl @SUBJ> #3->4
"<nalunngilluarneqarput>"
	"nalu" NNGIT LLUAR NIQAR V Ind 3Pl @PRED #4->0
"<.>"
	"." CLB #5->5
</s>

<s id="vwEpgXHv4xcrqipH0j77eCnDDm8">
"<Aappaluttoq>"
	"aak" PALUP TUQ N Abs Sg @>N #1->2
"<qaamasumik>"
	"qaama" TUQ N Ins Sg @ADVL> #2->4
"<illoqarfiit>"
	"illu" QAR VIK N Abs Pl @SUBJ> #3->4
"<nalunaaqutserneqarlutik>"
	"nalunaaqutser" NIQAR V Cont 4Pl @PRED #4->0
"<.>"
	"." CLB #5->5
</s>

<s id="w90rxpX3CPyzMxLxnXzNmge9xQg">
"<Orpigaqarfiittaaq>"
	"orpigaqar" VIK N Rel Pl TTAAQ encl @POSS> #1->2
"<saniatigut>"
	"sani" N Via Sg 3PlPoss @ADVL> #2->3
"<timmiaaraqarfiupput>"
	"timmiaaraq" QAR VIK U V Ind 3Pl @PRED #3->0
	"timmiaq" ARAQ QAR VIK U V Ind 3Pl @PRED #3->0
"<pingaarutillit>"
	"pi" NGAAR UTE LIK N Abs Pl @i-SUBJ_COMP< #4->3
"<.>"
	"." CLB #5->5
</s>

<s id="x9l8ee1gda8XxZxtelxIF5vX7NM">
"<Nunamik>"
	"nuna" N Ins Sg @MIK-OBJ> #1->4
"<qeriuaannartumik>"
	"qeri" TUAR INNAR TUQ N Ins Sg @N< #2->1
"<aqqummi>"
	"aqqut" N Lok Sg @ADVL> #3->4
"<naammattuuisoqanngilaq>"
	"naammattoor" HTR TUQ QAR NNGIT V Ind 3Sg @PRED #4->0
"<.>"
	"." CLB #5->5
</s>

<s id="xOR8EkJ33FH8jiMomtZjDMdo0lo">
"<Aqqusinniassap>"
	"aqqusinniaq" SSAQ N Rel Sg @SUBJ> #1->5
"<qooqqersimanerit>"
	"qooqqer" SIMA NIQ N Abs Pl @OBJ> #2->5
"<taamaattut>"
	"taama" IP TUQ N Abs Pl @N< #3->2
"<arlallit>"
	"arlaq" LIK N Abs Pl @N< #4->2
"<aqqusaassavai>"
	"aqqusaar" SSA V Ind 3Sg 3PlO @PRED #5->0
"<.>"
	"." CLB #6->6
</s>

<s id="xvyk1lWLJ1myPr3d6vgxNRGXjyc">
"<Qaqqamik>"
	"qaqqaq" N Ins Sg @i-MIK-OBJ> #1->2
"<qaartitsisinnaaneq>"
	"qaar" TIP HTR SINNAA NIQ N Abs Sg @SUBJ> #2->4
"<nipiliornermik>"
	"nipi" LIUR NIQ N Ins Sg @i->N #3->4
"<nassataqartussaavoq>"
	"nassar" TAQ QAR TUSSAA V Ind 3Sg @PRED #4->0
"<.>"
	"." CLB #5->5
</s>

<s id="xzgu8mBf3rYeMWs4RBxrhHr8d4I">
"<Sikusarneq>"
	"siku" TAR NIQ N Abs Sg @SUBJ> #1->4
"<ukiumiit>"
	"ukioq" N Abl Sg @ADVL> #2->4
"<ukiumut>"
	"ukioq" N Trm Sg @ADVL> #3->4
"<allanngorarsinnaavoq>"
	"alla" NNGUR RAR SINNAA V Ind 3Sg @PRED #4->0
"<.>"
	"." CLB #5->5
</s>

<s id="yYMNJzAXaccZLFXh52xMWgUJSII">
"<Taakkunani>"
	"una" Pron Lok Pl @i-ADVL> #1->4
"<marlunni>"
	"marluk" Num Lok Pl @N< #2->1
"<orsussamik>"
	"orsussaq" N Ins Sg @i-MIK-OBJ> #3->4
"<atuineq>"
	"ator" HTR NIQ N Abs Sg @SUBJ> #4->5
"<annertuvoq>"
	"angi" NIQ TU V Ind 3Sg @PRED #5->0
"<.>"
	"." CLB #6->6
</s>

<s id="ybNBhSwxZttAm9yJ5va7AyKCYsI">
"<Suliniutip>"
	"suli" NIUTE N Rel Sg @SUBJ> #1->2
"<ilagaa>"
	"ila" GE V Ind 3Sg 3SgO @PRED #2->0
"<aqqut>"
	"aqqut" N Abs Sg @<OBJ #3->2
"<immikkoortukkuutaartumik>"
	"immikkoor" TUQ KKUUTAAR TUQ N Ins Sg @i-ADVL> #4->5
"<sananeqartussaq>"
	"sana" NIQAR TUQ SSAQ N Abs Sg @N< #5->3
"<.>"
	"." CLB #6->6
</s>

<s id="zJBpDPDsYTr1UQudMzOzfKTvtMI">
"<Tatsinut>"
	"taseq" N Trm Pl @ADVL> #1->3
"<tarajuusunut>"
	"tarajoq" U TUQ N Trm Pl @N< #2->1
"<naleqqiullugu>"
	"naleqqiup" V Cont 3SgO @i-ADVL> #3->5
"<aqqutissap>"
	"aqqut" SSAQ N Rel Sg @POSS> #4->5
"<inissinneqarnera>"
	"ini" SSIP NIQAR NIQ N Abs Sg 3SgPoss @HNOUN #5->0
"<.>"
	"." CLB #6->6
</s>

<s id="znWF6y0FmH08Mw24Vmr1ku1Ug0g">
"<Assip>"
	"assi" N Rel Sg @POSS> #1->2
"<talerpiatungaani>"
	"talerpiatunge" N Lok Sg 3SgPoss @ADVL> #2->4
"<aqqusinniassaq>"
	"aqqusinniaq" SSAQ N Abs Sg @SUBJ> #3->4
"<inissisimassaaq>"
	"ini" SSIP SIMA SSA V Ind 3Sg @PRED #4->0
"<.>"
	"." CLB #5->5
</s>

