<s id="036okkK2iCprx6RGxgFhTmJvduQ">
"<Nehemiali>"
	"Nehemia" Prop Abs Sg CONJ-LI Heur/Prop
"<.>"
	"." CLB
</s>

<s id="0QzhnOsHXMZ0BaU3P3MxhT2XQB8">
"<AstraZenecalli>"
	"AstraZeneca" Prop Rel Sg CONJ-LI Heur/Prop
"<.>"
	"." CLB
</s>

<s id="0kkhFmFUr6By9mMPKUrlffNPskY">
"<McCainilu>"
	"McCain" Prop Abs Sg CONJ-LU Heur/Prop
"<.>"
	"." CLB
</s>

<s id="1x5ZCxgHdf6oYxHlDc1oPLxA99w">
"<NunaFondenimiillu>"
	"NunaFonden" Prop Abl Sg CONJ-LU Heur/Prop
"<.>"
	"." CLB
</s>

<s id="39pKnUE3vktim358I1xJZxx3ZO0">
"<Nehemialli>"
	"Nehemia" Prop Rel Sg CONJ-LI Heur/Prop
"<.>"
	"." CLB
</s>

<s id="3KxxNnhxsHrvA7hxZ4awVxqj4Z8">
"<NunaMineralsilli>"
	"NunaMinerals" Prop Rel Sg CONJ-LI Heur/Prop
"<.>"
	"." CLB
</s>

<s id="3bCTY9BGAOnoeGapYAb3jO1j7T4">
"<isiginngitsuusaartutullu>"
	"isige" Gram/TV NNGIT Der/vv Gram/TV TUUSAAR Der/vv Gram/TV Gram/Pass TUQ Der/vn N Aeq Sg CONJ-LU
	"isige" Gram/TV NNGIT Der/vv Gram/TV TUUSAAR Der/vv Gram/TV TUQ Der/vn N Aeq Sg CONJ-LU
"<.>"
	"." CLB
</s>

<s id="3xjuzfULmSqytbowN6iuHxzakYg">
"<Jukkullu>"
	"Jukku" Prop Rel Sg CONJ-LU Heur/Prop
"<.>"
	"." CLB
</s>

<s id="4AnYtn3I6xMnD8tFnpP0wcOx1oM">
"<Grønlandsbankimili>"
	"Grønlandsbank" Prop Lok Sg CONJ-LI Heur/Prop
"<.>"
	"." CLB
</s>

<s id="7HjhofM9NzA7GZt95EANAyt8f4o">
"<Grønlandsbankimillu>"
	"Grønlandsbank" Prop Ins Sg CONJ-LU Heur/Prop
"<.>"
	"." CLB
</s>

<s id="KVCa7NBaCguayeLBe1y8H1yaDZE">
"<Shemeshimiullu>"
	"Shemesh" iProp MIU Der/nn N Rel Sg CONJ-LU HeurDer Heur/N
"<.>"
	"." CLB
</s>

<s id="KeSq4rspXHQb9abGhkxUi6AyQx8">
"<Grønlandsbankimilu>"
	"Grønlandsbank" Prop Lok Sg CONJ-LU Heur/Prop
"<.>"
	"." CLB
</s>

<s id="KwwZyAqaVWvY9Bo8JE0r2sMz0xM">
"<Nehemialu>"
	"Nehemia" Prop Abs Sg CONJ-LU Heur/Prop
"<.>"
	"." CLB
</s>

<s id="MWsqdUF2qXZTHZrbBxENomF6JZU">
"<NAKUUSAllu>"
	"NAKUUSA" Prop Rel Sg CONJ-LU Heur/Prop
"<.>"
	"." CLB
</s>

<s id="OaFGf362xliz8ytJqTs3dKilkKg">
"<McCainillu>"
	"McCain" Prop Rel Sg CONJ-LU Heur/Prop
"<.>"
	"." CLB
</s>

<s id="POfvpAv5RN86rCrqjziJTJbkdsI">
"<Nehemiallu>"
	"Nehemia" Prop Rel Sg CONJ-LU Heur/Prop
"<.>"
	"." CLB
</s>

<s id="PkN3T6pdJgJCsua3AbNbnNxkM2M">
"<McGonagallillu>"
	"McGonagall" Prop Rel Sg CONJ-LU Heur/Prop
"<.>"
	"." CLB
</s>

<s id="SYe5Kd4nTskXlT6LxUkAeEK5cUo">
"<Dash-7-nillu>"
	"Dash-7" Prop Ins Sg CONJ-LU Heur/Prop
"<.>"
	"." CLB
</s>

<s id="T88bTb7xx6rTy9PQUiglcHjDDIE">
"<Søvndalillu>"
	"Søvndal" Prop Rel Sg CONJ-LU Heur/Prop
"<.>"
	"." CLB
</s>

<s id="TPwX5cXBlvHt3snQvWUFcayHxuQ">
"<IMAK'illu>"
	"IMAK" Prop Rel Sg CONJ-LU Heur/Prop
"<.>"
	"." CLB
</s>

<s id="UNy6LdoFMGCaBHPplbddke0U5ro">
"<McQueenilu>"
	"McQueen" Prop Abs Sg CONJ-LU Heur/Prop
"<.>"
	"." CLB
</s>

<s id="VMxrgOlCFI5lbpWcaFxPcEtFxcg">
"<1930-kkunni>"
	"1930" iNum KKUT Der/nn Gram/PlurTant N Lok Pl Heur/Num
"<1940-kkullu>"
	"1940" iNum KKUT Der/nn Gram/PlurTant N Rel Pl CONJ-LU Heur/Num %AmbiguøsN
"<.>"
	"." CLB
</s>

<s id="ahAo5Yxxmf4LHOqxwx58cxxBubQ">
"<Jukkumullu>"
	"Jukku" Prop Trm Sg CONJ-LU Heur/Prop
"<.>"
	"." CLB
</s>

<s id="b18l0VpUZQFiuhYHTbFWFwtQa4A">
"<Jukkulu>"
	"Jukku" Prop Abs Sg CONJ-LU Heur/Prop
"<.>"
	"." CLB
</s>

<s id="c0ZN91qozwy4Sl2lvARXh7pcgtA">
"<McCainimillu>"
	"McCain" Prop Ins Sg CONJ-LU Heur/Prop
"<.>"
	"." CLB
</s>

<s id="fW3yqbYLjZpBSe21am4kjvuogE8">
"<pp-millu>"
	"pp" N Ins Sg CONJ-LU Heur/N
"<.>"
	"." CLB
</s>

<s id="gBddjBaXbtayhqWbVDw7C8oufVs">
"<NunaMineralsimilu>"
	"NunaMinerals" Prop Lok Sg CONJ-LU Heur/Prop
"<.>"
	"." CLB
</s>

<s id="go3FEAprgsXGgHpvEnxXXeOn7SU">
"<AktieTipsilu>"
	"AktieTips" Prop Abs Sg CONJ-LU Heur/Prop
"<.>"
	"." CLB
</s>

<s id="goC3LSMXttxS48RZNmCvrCyEpOM">
"<NunaMineralsillu>"
	"NunaMinerals" Prop Rel Sg CONJ-LU Heur/Prop
"<.>"
	"." CLB
</s>

<s id="gsL4uhICWb0dSMagPmw9UTufxK0">
"<Grønlandsbankilli>"
	"Grønlandsbank" Prop Rel Sg CONJ-LI Heur/Prop
"<.>"
	"." CLB
</s>

<s id="isfjfASjcEHhwOfB5mxJQIhuxwI">
"<Grønlandsbankillu>"
	"Grønlandsbank" Prop Rel Sg CONJ-LU Heur/Prop
"<.>"
	"." CLB
</s>

<s id="mxnJ4E1JlUEqxhgk5PK2rOrM5JI">
"<NunaMineralsili>"
	"NunaMinerals" Prop Abs Sg CONJ-LI Heur/Prop
"<.>"
	"." CLB
</s>

<s id="nTCJQlrQXLG8r1TjWkwRk9Yox7Q">
"<NunaFondenilu>"
	"NunaFonden" Prop Abs Sg CONJ-LU Heur/Prop
"<.>"
	"." CLB
</s>

<s id="sy1lLyTHZcwxe7cQP7ySIxlzVEg">
"<MIO'llu>"
	"MIO" Prop Rel Sg CONJ-LU Heur/Prop
"<.>"
	"." CLB
</s>

<s id="uxjPKgHo5qOK8ZAfgjQ7c7x4h2Q">
"<aalisagarsunnillunilu>"
	"aalisagaq" SUNNIP Der/nv Gram/IV V Cont 4Sg CONJ-LU
"<.>"
	"." CLB
</s>

<s id="x6E9eKu22Ev7tmPiUzA7lncut0I">
"<Grønlandsbankilu>"
	"Grønlandsbank" Prop Abs Sg CONJ-LU Heur/Prop
"<.>"
	"." CLB
</s>

<s id="xry5a9gPbd6dBm1LzdP7EgpVG5k">
"<->"
	"-" PUNCT DIRTALESTART
"<70´-kkunni>"
	"70" iNum KKUT Der/nn Gram/PlurTant N Lok Pl Heur/Num
"<80´-kkunnilu>"
	"80" iNum KKUT Der/nn Gram/PlurTant N Lok Pl CONJ-LU Heur/Num
"<.>"
	"." CLB DIRTALEMIDDLE DIRTALEMIDDLE
</s>

<s id="yaU13NfQzfhdyFW3hIotYGpSNxE">
"<McQueenili>"
	"McQueen" Prop Abs Sg CONJ-LI Heur/Prop
"<.>"
	"." CLB
</s>

<s id="zS7jH8K7i22JpkhGYYJihMAxPqQ">
"<Dash-7-illu>"
	"Dash-7" Prop Rel Sg CONJ-LU Heur/Prop
"<.>"
	"." CLB
</s>

