<s id="036okkK2iCprx6RGxgFhTmJvduQ">
"<kisianni>"
	"kisianni" Conj @CONJ
"<Nehemiali>"
	"Nehemia" Prop Abs Sg Heur/Prop @HNOUN
"<.>"
	"." CLB
</s>

<s id="0QzhnOsHXMZ0BaU3P3MxhT2XQB8">
"<kisianni>"
	"kisianni" Conj @CONJ
"<AstraZenecalli>"
	"AstraZeneca" Prop Rel Sg Heur/Prop
"<.>"
	"." CLB
</s>

<s id="0kkhFmFUr6By9mMPKUrlffNPskY">
"<aamma>"
	"aamma" Conj @CONJ
"<McCainilu>"
	"McCain" Prop Abs Sg Heur/Prop @HNOUN
"<.>"
	"." CLB
</s>

<s id="1x5ZCxgHdf6oYxHlDc1oPLxA99w">
"<aamma>"
	"aamma" Conj @CONJ
"<NunaFondenimiillu>"
	"NunaFonden" Prop Abl Sg Heur/Prop @HNOUN
"<.>"
	"." CLB
</s>

<s id="39pKnUE3vktim358I1xJZxx3ZO0">
"<kisianni>"
	"kisianni" Conj @CONJ
"<Nehemialli>"
	"Nehemia" Prop Rel Sg Heur/Prop
"<.>"
	"." CLB
</s>

<s id="3KxxNnhxsHrvA7hxZ4awVxqj4Z8">
"<kisianni>"
	"kisianni" Conj @CONJ
"<NunaMineralsilli>"
	"NunaMinerals" Prop Rel Sg Heur/Prop
"<.>"
	"." CLB
</s>

<s id="3bCTY9BGAOnoeGapYAb3jO1j7T4">
"<aamma>"
	"aamma" Conj @CONJ
"<isiginngitsuusaartutullu>"
	"isige" Gram/TV NNGIT Der/vv Gram/TV TUUSAAR Der/vv Gram/TV Gram/Pass TUQ Der/vn N Aeq Sg @HNOUN
	"isige" Gram/TV NNGIT Der/vv Gram/TV TUUSAAR Der/vv Gram/TV TUQ Der/vn N Aeq Sg @HNOUN
"<.>"
	"." CLB
</s>

<s id="3xjuzfULmSqytbowN6iuHxzakYg">
"<aamma>"
	"aamma" Conj @CONJ
"<Jukkullu>"
	"Jukku" Prop Rel Sg Heur/Prop
"<.>"
	"." CLB
</s>

<s id="4AnYtn3I6xMnD8tFnpP0wcOx1oM">
"<kisianni>"
	"kisianni" Conj @CONJ
"<Grønlandsbankimili>"
	"Grønlandsbank" Prop Lok Sg Heur/Prop @HNOUN
"<.>"
	"." CLB
</s>

<s id="7HjhofM9NzA7GZt95EANAyt8f4o">
"<aamma>"
	"aamma" Conj @CONJ
"<Grønlandsbankimillu>"
	"Grønlandsbank" Prop Ins Sg Heur/Prop @HNOUN
"<.>"
	"." CLB
</s>

<s id="KVCa7NBaCguayeLBe1y8H1yaDZE">
"<aamma>"
	"aamma" Conj @CONJ
"<Shemeshimiullu>"
	"Shemesh" Prop MIU Der/nn N Rel Sg HeurDer Heur/N @HNOUN
"<.>"
	"." CLB
</s>

<s id="KeSq4rspXHQb9abGhkxUi6AyQx8">
"<aamma>"
	"aamma" Conj @CONJ
"<Grønlandsbankimilu>"
	"Grønlandsbank" Prop Lok Sg Heur/Prop @HNOUN
"<.>"
	"." CLB
</s>

<s id="KwwZyAqaVWvY9Bo8JE0r2sMz0xM">
"<aamma>"
	"aamma" Conj @CONJ
"<Nehemialu>"
	"Nehemia" Prop Abs Sg Heur/Prop @HNOUN
"<.>"
	"." CLB
</s>

<s id="MWsqdUF2qXZTHZrbBxENomF6JZU">
"<aamma>"
	"aamma" Conj @CONJ
"<NAKUUSAllu>"
	"NAKUUSA" Prop Rel Sg Heur/Prop
"<.>"
	"." CLB
</s>

<s id="OaFGf362xliz8ytJqTs3dKilkKg">
"<aamma>"
	"aamma" Conj @CONJ
"<McCainillu>"
	"McCain" Prop Rel Sg Heur/Prop
"<.>"
	"." CLB
</s>

<s id="POfvpAv5RN86rCrqjziJTJbkdsI">
"<aamma>"
	"aamma" Conj @CONJ
"<Nehemiallu>"
	"Nehemia" Prop Rel Sg Heur/Prop
"<.>"
	"." CLB
</s>

<s id="PkN3T6pdJgJCsua3AbNbnNxkM2M">
"<aamma>"
	"aamma" Conj @CONJ
"<McGonagallillu>"
	"McGonagall" Prop Rel Sg Heur/Prop
"<.>"
	"." CLB
</s>

<s id="SYe5Kd4nTskXlT6LxUkAeEK5cUo">
"<aamma>"
	"aamma" Conj @CONJ
"<Dash-7-nillu>"
	"Dash-7" Prop Ins Sg Heur/Prop @HNOUN
"<.>"
	"." CLB
</s>

<s id="T88bTb7xx6rTy9PQUiglcHjDDIE">
"<aamma>"
	"aamma" Conj @CONJ
"<Søvndalillu>"
	"Søvndal" Prop Rel Sg Heur/Prop
"<.>"
	"." CLB
</s>

<s id="TPwX5cXBlvHt3snQvWUFcayHxuQ">
"<aamma>"
	"aamma" Conj @CONJ
"<IMAK'illu>"
	"IMAK" Prop Rel Sg Heur/Prop
"<.>"
	"." CLB
</s>

<s id="UNy6LdoFMGCaBHPplbddke0U5ro">
"<aamma>"
	"aamma" Conj @CONJ
"<McQueenilu>"
	"McQueen" Prop Abs Sg Heur/Prop @HNOUN
"<.>"
	"." CLB
</s>

<s id="VMxrgOlCFI5lbpWcaFxPcEtFxcg">
"<1930-kkunni>"
	"1930" iNum KKUT Der/nn Gram/PlurTant N Lok Pl Heur/Num @ADVL>N
"<aamma>"
	"aamma" Conj @CONJ
"<1940-kkullu>"
	"1940" Num KKUT Der/nn Gram/PlurTant N Rel Pl Heur/Num @HNOUN
"<.>"
	"." CLB
</s>

<s id="ahAo5Yxxmf4LHOqxwx58cxxBubQ">
"<aamma>"
	"aamma" Conj @CONJ
"<Jukkumullu>"
	"Jukku" Prop Trm Sg Heur/Prop @HNOUN
"<.>"
	"." CLB
</s>

<s id="b18l0VpUZQFiuhYHTbFWFwtQa4A">
"<aamma>"
	"aamma" Conj @CONJ
"<Jukkulu>"
	"Jukku" Prop Abs Sg Heur/Prop @HNOUN
"<.>"
	"." CLB
</s>

<s id="c0ZN91qozwy4Sl2lvARXh7pcgtA">
"<aamma>"
	"aamma" Conj @CONJ
"<McCainimillu>"
	"McCain" Prop Ins Sg Heur/Prop @HNOUN
"<.>"
	"." CLB
</s>

<s id="fW3yqbYLjZpBSe21am4kjvuogE8">
"<aamma>"
	"aamma" Conj @CONJ
"<pp-millu>"
	"pp" N Ins Sg Heur/N @HNOUN
"<.>"
	"." CLB
</s>

<s id="gBddjBaXbtayhqWbVDw7C8oufVs">
"<aamma>"
	"aamma" Conj @CONJ
"<NunaMineralsimilu>"
	"NunaMinerals" Prop Lok Sg Heur/Prop @HNOUN
"<.>"
	"." CLB
</s>

<s id="go3FEAprgsXGgHpvEnxXXeOn7SU">
"<aamma>"
	"aamma" Conj @CONJ
"<AktieTipsilu>"
	"AktieTips" Prop Abs Sg Heur/Prop @HNOUN
"<.>"
	"." CLB
</s>

<s id="goC3LSMXttxS48RZNmCvrCyEpOM">
"<aamma>"
	"aamma" Conj @CONJ
"<NunaMineralsillu>"
	"NunaMinerals" Prop Rel Sg Heur/Prop
"<.>"
	"." CLB
</s>

<s id="gsL4uhICWb0dSMagPmw9UTufxK0">
"<kisianni>"
	"kisianni" Conj @CONJ
"<Grønlandsbankilli>"
	"Grønlandsbank" Prop Rel Sg Heur/Prop
"<.>"
	"." CLB
</s>

<s id="isfjfASjcEHhwOfB5mxJQIhuxwI">
"<aamma>"
	"aamma" Conj @CONJ
"<Grønlandsbankillu>"
	"Grønlandsbank" Prop Rel Sg Heur/Prop
"<.>"
	"." CLB
</s>

<s id="mxnJ4E1JlUEqxhgk5PK2rOrM5JI">
"<kisianni>"
	"kisianni" Conj @CONJ
"<NunaMineralsili>"
	"NunaMinerals" Prop Abs Sg Heur/Prop @HNOUN
"<.>"
	"." CLB
</s>

<s id="nTCJQlrQXLG8r1TjWkwRk9Yox7Q">
"<aamma>"
	"aamma" Conj @CONJ
"<NunaFondenilu>"
	"NunaFonden" Prop Abs Sg Heur/Prop @HNOUN
"<.>"
	"." CLB
</s>

<s id="sy1lLyTHZcwxe7cQP7ySIxlzVEg">
"<aamma>"
	"aamma" Conj @CONJ
"<MIO'llu>"
	"MIO" Prop Rel Sg Heur/Prop
"<.>"
	"." CLB
</s>

<s id="uxjPKgHo5qOK8ZAfgjQ7c7x4h2Q">
"<aamma>"
	"aamma" Conj @CONJ
"<aalisagarsunnilluni>"
	"aalisagaq" SUNNIP Der/nv Gram/IV V Cont 4Sg @PRED
"<.>"
	"." CLB
</s>

<s id="x6E9eKu22Ev7tmPiUzA7lncut0I">
"<aamma>"
	"aamma" Conj @CONJ
"<Grønlandsbankilu>"
	"Grønlandsbank" Prop Abs Sg Heur/Prop @HNOUN
"<.>"
	"." CLB
</s>

<s id="xry5a9gPbd6dBm1LzdP7EgpVG5k">
"<->"
	"-" PUNCT DIRTALESTART
"<70´-kkunni>"
	"70" iNum KKUT Der/nn Gram/PlurTant N Lok Pl Heur/Num
"<aamma>"
	"aamma" Conj @CONJ
"<80´-kkunnilu>"
	"80" Num KKUT Der/nn Gram/PlurTant N Lok Pl Heur/Num @HNOUN
"<.>"
	"." CLB DIRTALEMIDDLE DIRTALEMIDDLE
</s>

<s id="yaU13NfQzfhdyFW3hIotYGpSNxE">
"<kisianni>"
	"kisianni" Conj @CONJ
"<McQueenili>"
	"McQueen" Prop Abs Sg Heur/Prop @HNOUN
"<.>"
	"." CLB
</s>

<s id="zS7jH8K7i22JpkhGYYJihMAxPqQ">
"<aamma>"
	"aamma" Conj @CONJ
"<Dash-7-illu>"
	"Dash-7" Prop Rel Sg Heur/Prop
"<.>"
	"." CLB
</s>

