<s id="036okkK2iCprx6RGxgFhTmJvduQ">
"<kisianni>"
	"kisianni" Conj
"<Nehemiali>"
	"Nehemia" Prop Abs Sg Heur/Prop
"<.>"
	"." CLB
</s>

<s id="0QzhnOsHXMZ0BaU3P3MxhT2XQB8">
"<kisianni>"
	"kisianni" Conj
"<AstraZenecalli>"
	"AstraZeneca" Prop Rel Sg Heur/Prop
"<.>"
	"." CLB
</s>

<s id="0kkhFmFUr6By9mMPKUrlffNPskY">
"<aamma>"
	"aamma" Conj
"<McCainilu>"
	"McCain" Prop Abs Sg Heur/Prop
"<.>"
	"." CLB
</s>

<s id="1x5ZCxgHdf6oYxHlDc1oPLxA99w">
"<aamma>"
	"aamma" Conj
"<NunaFondenimiillu>"
	"NunaFonden" Prop Abl Sg Heur/Prop
"<.>"
	"." CLB
</s>

<s id="39pKnUE3vktim358I1xJZxx3ZO0">
"<kisianni>"
	"kisianni" Conj
"<Nehemialli>"
	"Nehemia" Prop Rel Sg Heur/Prop
"<.>"
	"." CLB
</s>

<s id="3KxxNnhxsHrvA7hxZ4awVxqj4Z8">
"<kisianni>"
	"kisianni" Conj
"<NunaMineralsilli>"
	"NunaMinerals" Prop Rel Sg Heur/Prop
"<.>"
	"." CLB
</s>

<s id="3bCTY9BGAOnoeGapYAb3jO1j7T4">
"<aamma>"
	"aamma" Conj
"<isiginngitsuusaartutullu>"
	"isige" Gram/TV NNGIT Der/vv Gram/TV TUUSAAR Der/vv Gram/TV Gram/Pass TUQ Der/vn N Aeq Sg
	"isige" Gram/TV NNGIT Der/vv Gram/TV TUUSAAR Der/vv Gram/TV TUQ Der/vn N Aeq Sg
"<.>"
	"." CLB
</s>

<s id="3xjuzfULmSqytbowN6iuHxzakYg">
"<aamma>"
	"aamma" Conj
"<Jukkullu>"
	"Jukku" Prop Rel Sg Heur/Prop
"<.>"
	"." CLB
</s>

<s id="4AnYtn3I6xMnD8tFnpP0wcOx1oM">
"<kisianni>"
	"kisianni" Conj
"<Grønlandsbankimili>"
	"Grønlandsbank" Prop Lok Sg Heur/Prop
"<.>"
	"." CLB
</s>

<s id="7HjhofM9NzA7GZt95EANAyt8f4o">
"<aamma>"
	"aamma" Conj
"<Grønlandsbankimillu>"
	"Grønlandsbank" Prop Ins Sg Heur/Prop
"<.>"
	"." CLB
</s>

<s id="KVCa7NBaCguayeLBe1y8H1yaDZE">
"<aamma>"
	"aamma" Conj
"<Shemeshimiullu>"
	"Shemesh" Prop MIU Der/nn N Rel Sg HeurDer Heur/N
"<.>"
	"." CLB
</s>

<s id="KeSq4rspXHQb9abGhkxUi6AyQx8">
"<aamma>"
	"aamma" Conj
"<Grønlandsbankimilu>"
	"Grønlandsbank" Prop Lok Sg Heur/Prop
"<.>"
	"." CLB
</s>

<s id="KwwZyAqaVWvY9Bo8JE0r2sMz0xM">
"<aamma>"
	"aamma" Conj
"<Nehemialu>"
	"Nehemia" Prop Abs Sg Heur/Prop
"<.>"
	"." CLB
</s>

<s id="MWsqdUF2qXZTHZrbBxENomF6JZU">
"<aamma>"
	"aamma" Conj
"<NAKUUSAllu>"
	"NAKUUSA" Prop Rel Sg Heur/Prop
"<.>"
	"." CLB
</s>

<s id="OaFGf362xliz8ytJqTs3dKilkKg">
"<aamma>"
	"aamma" Conj
"<McCainillu>"
	"McCain" Prop Rel Sg Heur/Prop
"<.>"
	"." CLB
</s>

<s id="POfvpAv5RN86rCrqjziJTJbkdsI">
"<aamma>"
	"aamma" Conj
"<Nehemiallu>"
	"Nehemia" Prop Rel Sg Heur/Prop
"<.>"
	"." CLB
</s>

<s id="PkN3T6pdJgJCsua3AbNbnNxkM2M">
"<aamma>"
	"aamma" Conj
"<McGonagallillu>"
	"McGonagall" Prop Rel Sg Heur/Prop
"<.>"
	"." CLB
</s>

<s id="SYe5Kd4nTskXlT6LxUkAeEK5cUo">
"<aamma>"
	"aamma" Conj
"<Dash-7-nillu>"
	"Dash-7" Prop Ins Sg Heur/Prop
"<.>"
	"." CLB
</s>

<s id="T88bTb7xx6rTy9PQUiglcHjDDIE">
"<aamma>"
	"aamma" Conj
"<Søvndalillu>"
	"Søvndal" Prop Rel Sg Heur/Prop
"<.>"
	"." CLB
</s>

<s id="TPwX5cXBlvHt3snQvWUFcayHxuQ">
"<aamma>"
	"aamma" Conj
"<IMAK'illu>"
	"IMAK" Prop Rel Sg Heur/Prop
"<.>"
	"." CLB
</s>

<s id="UNy6LdoFMGCaBHPplbddke0U5ro">
"<aamma>"
	"aamma" Conj
"<McQueenilu>"
	"McQueen" Prop Abs Sg Heur/Prop
"<.>"
	"." CLB
</s>

<s id="VMxrgOlCFI5lbpWcaFxPcEtFxcg">
"<1930-kkunni>"
	"1930" iNum KKUT Der/nn Gram/PlurTant N Lok Pl Heur/Num
"<aamma>"
	"aamma" Conj
"<1940-kkullu>"
	"1940" Num KKUT Der/nn Gram/PlurTant N Rel Pl Heur/Num %AmbiguøsN
"<.>"
	"." CLB
</s>

<s id="ahAo5Yxxmf4LHOqxwx58cxxBubQ">
"<aamma>"
	"aamma" Conj
"<Jukkumullu>"
	"Jukku" Prop Trm Sg Heur/Prop
"<.>"
	"." CLB
</s>

<s id="b18l0VpUZQFiuhYHTbFWFwtQa4A">
"<aamma>"
	"aamma" Conj
"<Jukkulu>"
	"Jukku" Prop Abs Sg Heur/Prop
"<.>"
	"." CLB
</s>

<s id="c0ZN91qozwy4Sl2lvARXh7pcgtA">
"<aamma>"
	"aamma" Conj
"<McCainimillu>"
	"McCain" Prop Ins Sg Heur/Prop
"<.>"
	"." CLB
</s>

<s id="fW3yqbYLjZpBSe21am4kjvuogE8">
"<aamma>"
	"aamma" Conj
"<pp-millu>"
	"pp" N Ins Sg Heur/N
"<.>"
	"." CLB
</s>

<s id="gBddjBaXbtayhqWbVDw7C8oufVs">
"<aamma>"
	"aamma" Conj
"<NunaMineralsimilu>"
	"NunaMinerals" Prop Lok Sg Heur/Prop
"<.>"
	"." CLB
</s>

<s id="go3FEAprgsXGgHpvEnxXXeOn7SU">
"<aamma>"
	"aamma" Conj
"<AktieTipsilu>"
	"AktieTips" Prop Abs Sg Heur/Prop
"<.>"
	"." CLB
</s>

<s id="goC3LSMXttxS48RZNmCvrCyEpOM">
"<aamma>"
	"aamma" Conj
"<NunaMineralsillu>"
	"NunaMinerals" Prop Rel Sg Heur/Prop
"<.>"
	"." CLB
</s>

<s id="gsL4uhICWb0dSMagPmw9UTufxK0">
"<kisianni>"
	"kisianni" Conj
"<Grønlandsbankilli>"
	"Grønlandsbank" Prop Rel Sg Heur/Prop
"<.>"
	"." CLB
</s>

<s id="isfjfASjcEHhwOfB5mxJQIhuxwI">
"<aamma>"
	"aamma" Conj
"<Grønlandsbankillu>"
	"Grønlandsbank" Prop Rel Sg Heur/Prop
"<.>"
	"." CLB
</s>

<s id="mxnJ4E1JlUEqxhgk5PK2rOrM5JI">
"<kisianni>"
	"kisianni" Conj
"<NunaMineralsili>"
	"NunaMinerals" Prop Abs Sg Heur/Prop
"<.>"
	"." CLB
</s>

<s id="nTCJQlrQXLG8r1TjWkwRk9Yox7Q">
"<aamma>"
	"aamma" Conj
"<NunaFondenilu>"
	"NunaFonden" Prop Abs Sg Heur/Prop
"<.>"
	"." CLB
</s>

<s id="sy1lLyTHZcwxe7cQP7ySIxlzVEg">
"<aamma>"
	"aamma" Conj
"<MIO'llu>"
	"MIO" Prop Rel Sg Heur/Prop
"<.>"
	"." CLB
</s>

<s id="uxjPKgHo5qOK8ZAfgjQ7c7x4h2Q">
"<aamma>"
	"aamma" Conj
"<aalisagarsunnilluni>"
	"aalisagaq" SUNNIP Der/nv Gram/IV V Cont 4Sg
"<.>"
	"." CLB
</s>

<s id="x6E9eKu22Ev7tmPiUzA7lncut0I">
"<aamma>"
	"aamma" Conj
"<Grønlandsbankilu>"
	"Grønlandsbank" Prop Abs Sg Heur/Prop
"<.>"
	"." CLB
</s>

<s id="xry5a9gPbd6dBm1LzdP7EgpVG5k">
"<->"
	"-" PUNCT DIRTALESTART
"<70´-kkunni>"
	"70" iNum KKUT Der/nn Gram/PlurTant N Lok Pl Heur/Num
"<aamma>"
	"aamma" Conj
"<80´-kkunnilu>"
	"80" Num KKUT Der/nn Gram/PlurTant N Lok Pl Heur/Num
"<.>"
	"." CLB DIRTALEMIDDLE DIRTALEMIDDLE
</s>

<s id="yaU13NfQzfhdyFW3hIotYGpSNxE">
"<kisianni>"
	"kisianni" Conj
"<McQueenili>"
	"McQueen" Prop Abs Sg Heur/Prop
"<.>"
	"." CLB
</s>

<s id="zS7jH8K7i22JpkhGYYJihMAxPqQ">
"<aamma>"
	"aamma" Conj
"<Dash-7-illu>"
	"Dash-7" Prop Rel Sg Heur/Prop
"<.>"
	"." CLB
</s>

