<s id="4ZtgiuUSFIfi3qduxe5qsSGiXYA">
"<DNA-vannut>"
	"DNA" N Gram/ACR Trm Sg 3PlPoss
</s>

<s id="5MXT1ESEljkjDKKxzZDaaEyfkuI">
"<qittappaluk>"
	"qittap" Gram/IV PALUK Der/vn N Abs Sg
</s>

<s id="6bLKoqbE1r9xVnLRrbCpDUwn0bs">
"<tassamersuaq>"
	"tassa" Adv MI SUAQ
	"tassa" Interj MI SUAQ
</s>

<s id="7xu198rrD1JAYQnxSBPu0xIR8ls">
"<sinilluarsimangaaramalu>"
	"sinip" Gram/IV LLUAR Der/vv Gram/IV SIMA Der/vv NGAAR Der/vv Gram/IV V Cau 1Sg LU
</s>

<s id="Bkvor7nglzxRq5LaoNffuvjx4mA">
"<DNA-vanik>"
	"DNA" N Gram/ACR Ins Sg 3SgPoss
</s>

<s id="ETDSLVs1UmsxW0Y994ePYJNVTAw">
"<nuannappaluk>"
	"nuannap" Gram/IV PALUK Der/vn N Abs Sg
</s>

<s id="FkrbZ3aVHopO6UXtvIH5kFuHWag">
"<aalaateeq>"
	"aalaateeq" N Abs Sg
</s>

<s id="JVIBzW7xUOUOujnvnqi5GhGvatY">
"<ajungajatannguara>"
	"ajor" Gram/TV NGAJAP Der/vv Gram/TV TAQ Der/vn NNGUAQ Der/nn N Abs Sg 1SgPoss
</s>

<s id="Kx4xt6iCghWovvydsPeGmb5VRZc">
"<ataasitualaarusaarluniluuna>"
	"ataasitualaarusaarluniluuna" ?
</s>

<s id="LxL2vDw2kuxxP3bKbs0HnEgqBvk">
"<DNA-vanut>"
	"DNA" N Gram/ACR Trm Sg 3SgPoss
</s>

<s id="O5boULIXdgvOVwWDVGydpe9ptxU">
"<Jehovaat>"
	"Jehova" Sem/Hmyth Prop Abs Sg 3PlPoss
</s>

<s id="Q1tiA9XJElW7xvb19cnHJw2mdKE">
"<inupajuk>"
	"inuk" PAJUK Der/nn N Abs Sg
</s>

<s id="QrWpDi9SVlRggOIvkuec9xUVCxo">
"<DNA-vanneersuusoq>"
	"DNA" iN iAbl iSg i3PlPoss Gram/Hyb IR Gram/IV TUQ Der/vn U Der/nv Gram/IV TUQ Der/vn N Abs Sg
	"DNA" iN iAbl iSg i3PlPoss Gram/Hyb IR Gram/IV TUQ Der/vn U Der/nv Gram/IV V Par 3Sg
</s>

<s id="QtRyRnmounvUDayDxgpGKyw8G2k">
"<DNA-vata>"
	"DNA" N Gram/ACR Rel Sg 3SgPoss
</s>

<s id="ZZz3uYEsrVorxw8eANXa2w2C9OI">
"<sualunnik>"
	"su" ALUK Der/nn N Ins Pl
	"su" ALUK Der/nn N Ins Pl 1SgPoss
	"su" ALUK Der/nn N Ins Pl 2SgPoss
	"su" ALUK Der/nn N Ins Sg 1SgPoss
	"su" ALUK Der/nn N Ins Sg 2SgPoss
</s>

<s id="ZegfIyjb7u7g4pjtdyEkdV7X6LM">
"<DNA-vanit>"
	"DNA" N Gram/ACR Abl Sg 3SgPoss
</s>

<s id="dMuZxlRwicop8PLFmLZUZ2BwBYo">
"<pisiniarfittavianut>"
	"pi" SI Der/nv Gram/TV NIAR Der/vv Gram/Refl VIK Der/vn TAQ Der/nn VIK Der/nn N Trm Sg 3SgPoss
	"pisi" Gram/HV NIAR Der/vv Gram/IV VIK Der/vn TAQ Der/nn VIK Der/nn N Trm Sg 3SgPoss
</s>

<s id="e4Fx7wNFBNK054OgJrr5LIZTcNw">
"<nuannappalussuat>"
	"nuannap" Gram/IV PALUK Der/vn SUAQ Der/nn N Abs Sg 3PlPoss
</s>

<s id="fxgMxULcwEDuyQZWRrYVDCihxJQ">
"<DNA-vanniippoq>"
	"DNA" iN iLok iSg i3PlPoss Gram/Hyb IP Gram/IV V Ind 3Sg
</s>

<s id="hiPxJ8zakPBPQn2qTUVpNEvAWvY">
"<DNA-vi>"
	"DNA" N Gram/ACR Abs Pl 3PlPoss
	"DNA" N Gram/ACR Abs Pl 3SgPoss
</s>

<s id="j5Yvdwr8npEnBBEn4sIq85xpC7U">
"<DNA-va>"
	"DNA" N Gram/ACR Abs Sg 3SgPoss
</s>

<s id="oNhaANubIJm5VZ7fIVTBef5kvY4">
"<Jehovaata>"
	"Jehova" Sem/Hmyth Prop Rel Sg 3PlPoss
</s>

<s id="pokQiLdgImEVTndd9aX3w8x7DAE">
"<nuannappalulli>"
	"nuannap" Gram/IV PALUK Der/vn N Abs Sg LI
</s>

<s id="t6142zUHAVNWmt9L9p0qqxJ508Y">
"<DNA-vinit>"
	"DNA" N Gram/ACR Abl Pl 3SgPoss
</s>

<s id="tXtCDNYBQrXMOiLwxHVVQ1GqrEo">
"<quianaagiummerlugu>"
	"quianar" IT Der/vv Gram/IV GE Der/vv Gram/IV UMMIR Der/vv Gram/TV V Cont 3SgO
</s>

<s id="whrnyxAZ6o8M4LGgWe4IyXVQUiU">
"<DNA-vanneersuulluni>"
	"DNA" iN iAbl iSg i3PlPoss Gram/Hyb IR Gram/IV TUQ Der/vn U Der/nv Gram/IV V Cont 4Sg
</s>

<s id="xCrcgxUqbq6rapZQxSz7YjNuyCQ">
"<DNA-vinik>"
	"DNA" N Gram/ACR Ins Pl 3SgPoss
</s>

<s id="xejFDTbNNL7j6ITKSqxHRmID9co">
"<aalaateersuaq>"
	"aalaateeq" SUAQ Der/nn N Abs Sg
</s>

<s id="zHoLHYJDvtfGX0Rmc1RsJBARVvU">
"<DNA-vanni>"
	"DNA" N Gram/ACR Lok Sg 3PlPoss
</s>

